OpenJDK 64-Bit Server VM (25.201-b08) for linux-amd64 JRE (1.8.0_201-b08), built on Apr  1 2019 15:34:23 by "buildozer" with gcc 8.2.0
Memory: 4k page, physical 24421372k(12424248k free), swap 2097148k(1902076k free)
CommandLine flags: -XX:+CMSClassUnloadingEnabled -XX:CMSFullGCsBeforeCompaction=9 -XX:CMSInitiatingOccupancyFraction=60 -XX:+CMSParallelRemarkEnabled -XX:+DisableExplicitGC -XX:+ExplicitGCInvokesConcurrent -XX:GCLogFileSize=5242880 -XX:+HeapDumpOnOutOfMemoryError -XX:HeapDumpPath=/opt/logs/100003171/HeapDumpOnOutOfMemoryError/ -XX:InitialHeapSize=390741952 -XX:MaxHeapSize=6251871232 -XX:MaxNewSize=348966912 -XX:MaxTenuringThreshold=9 -XX:NumberOfGCLogFiles=5 -XX:OldPLABSize=16 -XX:-OmitStackTraceInFastThrow -XX:ParallelGCThreads=4 -XX:+PrintGC -XX:+PrintGCApplicationConcurrentTime -XX:+PrintGCDateStamps -XX:+PrintGCDetails -XX:+PrintGCTimeStamps -XX:+PrintHeapAtGC -XX:+ScavengeBeforeFullGC -XX:SoftRefLRUPolicyMSPerMB=0 -XX:+UseCMSCompactAtFullCollection -XX:+UseCMSInitiatingOccupancyOnly -XX:+UseCompressedClassPointers -XX:+UseCompressedOops -XX:+UseConcMarkSweepGC -XX:+UseGCLogFileRotation -XX:+UseParNewGC 
2019-05-20T09:32:39.850+0800: 0.323: Application time: 0.2206845 seconds
2019-05-20T09:32:40.134+0800: 0.607: Application time: 0.2839289 seconds
2019-05-20T09:32:40.275+0800: 0.748: Application time: 0.1411920 seconds
2019-05-20T09:32:40.435+0800: 0.908: Application time: 0.1591931 seconds
{Heap before GC invocations=0 (full 0):
 par new generation   total 114880K, used 102144K [0x000000064b400000, 0x00000006530a0000, 0x00000006600c0000)
  eden space 102144K, 100% used [0x000000064b400000, 0x00000006517c0000, 0x00000006517c0000)
  from space 12736K,   0% used [0x00000006517c0000, 0x00000006517c0000, 0x0000000652430000)
  to   space 12736K,   0% used [0x0000000652430000, 0x0000000652430000, 0x00000006530a0000)
 concurrent mark-sweep generation total 255360K, used 0K [0x00000006600c0000, 0x000000066fa20000, 0x00000007c0000000)
 Metaspace       used 7067K, capacity 7264K, committed 7552K, reserved 1056768K
  class space    used 771K, capacity 824K, committed 896K, reserved 1048576K
2019-05-20T09:32:40.435+0800: 0.908: [GC (Allocation Failure) 2019-05-20T09:32:40.435+0800: 0.908: [ParNew: 102144K->12736K(114880K), 0.0220194 secs] 102144K->15374K(370240K), 0.0220674 secs] [Times: user=0.08 sys=0.01, real=0.02 secs] 
Heap after GC invocations=1 (full 0):
 par new generation   total 114880K, used 12736K [0x000000064b400000, 0x00000006530a0000, 0x00000006600c0000)
  eden space 102144K,   0% used [0x000000064b400000, 0x000000064b400000, 0x00000006517c0000)
  from space 12736K, 100% used [0x0000000652430000, 0x00000006530a0000, 0x00000006530a0000)
  to   space 12736K,   0% used [0x00000006517c0000, 0x00000006517c0000, 0x0000000652430000)
 concurrent mark-sweep generation total 255360K, used 2638K [0x00000006600c0000, 0x000000066fa20000, 0x00000007c0000000)
 Metaspace       used 7067K, capacity 7264K, committed 7552K, reserved 1056768K
  class space    used 771K, capacity 824K, committed 896K, reserved 1048576K
}
2019-05-20T09:32:40.489+0800: 0.962: Application time: 0.0319688 seconds
2019-05-20T09:32:40.805+0800: 1.278: Application time: 0.3160561 seconds
{Heap before GC invocations=1 (full 0):
 par new generation   total 114880K, used 114880K [0x000000064b400000, 0x00000006530a0000, 0x00000006600c0000)
  eden space 102144K, 100% used [0x000000064b400000, 0x00000006517c0000, 0x00000006517c0000)
  from space 12736K, 100% used [0x0000000652430000, 0x00000006530a0000, 0x00000006530a0000)
  to   space 12736K,   0% used [0x00000006517c0000, 0x00000006517c0000, 0x0000000652430000)
 concurrent mark-sweep generation total 255360K, used 2638K [0x00000006600c0000, 0x000000066fa20000, 0x00000007c0000000)
 Metaspace       used 10762K, capacity 11004K, committed 11136K, reserved 1058816K
  class space    used 1227K, capacity 1306K, committed 1408K, reserved 1048576K
2019-05-20T09:32:40.805+0800: 1.278: [GC (Allocation Failure) 2019-05-20T09:32:40.805+0800: 1.278: [ParNew: 114880K->12735K(114880K), 0.0289139 secs] 117518K->28418K(370240K), 0.0289713 secs] [Times: user=0.09 sys=0.01, real=0.03 secs] 
Heap after GC invocations=2 (full 0):
 par new generation   total 114880K, used 12735K [0x000000064b400000, 0x00000006530a0000, 0x00000006600c0000)
  eden space 102144K,   0% used [0x000000064b400000, 0x000000064b400000, 0x00000006517c0000)
  from space 12736K,  99% used [0x00000006517c0000, 0x000000065242fff8, 0x0000000652430000)
  to   space 12736K,   0% used [0x0000000652430000, 0x0000000652430000, 0x00000006530a0000)
 concurrent mark-sweep generation total 255360K, used 15682K [0x00000006600c0000, 0x000000066fa20000, 0x00000007c0000000)
 Metaspace       used 10762K, capacity 11004K, committed 11136K, reserved 1058816K
  class space    used 1227K, capacity 1306K, committed 1408K, reserved 1048576K
}
2019-05-20T09:32:40.976+0800: 1.448: Application time: 0.1410904 seconds
{Heap before GC invocations=2 (full 0):
 par new generation   total 114880K, used 114879K [0x000000064b400000, 0x00000006530a0000, 0x00000006600c0000)
  eden space 102144K, 100% used [0x000000064b400000, 0x00000006517c0000, 0x00000006517c0000)
  from space 12736K,  99% used [0x00000006517c0000, 0x000000065242fff8, 0x0000000652430000)
  to   space 12736K,   0% used [0x0000000652430000, 0x0000000652430000, 0x00000006530a0000)
 concurrent mark-sweep generation total 255360K, used 15682K [0x00000006600c0000, 0x000000066fa20000, 0x00000007c0000000)
 Metaspace       used 12797K, capacity 13104K, committed 13440K, reserved 1060864K
  class space    used 1441K, capacity 1550K, committed 1664K, reserved 1048576K
2019-05-20T09:32:40.976+0800: 1.448: [GC (Allocation Failure) 2019-05-20T09:32:40.976+0800: 1.449: [ParNew: 114879K->4020K(114880K), 0.0029517 secs] 130562K->19703K(370240K), 0.0029885 secs] [Times: user=0.01 sys=0.00, real=0.00 secs] 
Heap after GC invocations=3 (full 0):
 par new generation   total 114880K, used 4020K [0x000000064b400000, 0x00000006530a0000, 0x00000006600c0000)
  eden space 102144K,   0% used [0x000000064b400000, 0x000000064b400000, 0x00000006517c0000)
  from space 12736K,  31% used [0x0000000652430000, 0x000000065281d078, 0x00000006530a0000)
  to   space 12736K,   0% used [0x00000006517c0000, 0x00000006517c0000, 0x0000000652430000)
 concurrent mark-sweep generation total 255360K, used 15682K [0x00000006600c0000, 0x000000066fa20000, 0x00000007c0000000)
 Metaspace       used 12797K, capacity 13104K, committed 13440K, reserved 1060864K
  class space    used 1441K, capacity 1550K, committed 1664K, reserved 1048576K
}
2019-05-20T09:32:41.058+0800: 1.531: Application time: 0.0796654 seconds
2019-05-20T09:32:41.147+0800: 1.620: Application time: 0.0885695 seconds
{Heap before GC invocations=3 (full 0):
 par new generation   total 114880K, used 106164K [0x000000064b400000, 0x00000006530a0000, 0x00000006600c0000)
  eden space 102144K, 100% used [0x000000064b400000, 0x00000006517c0000, 0x00000006517c0000)
  from space 12736K,  31% used [0x0000000652430000, 0x000000065281d078, 0x00000006530a0000)
  to   space 12736K,   0% used [0x00000006517c0000, 0x00000006517c0000, 0x0000000652430000)
 concurrent mark-sweep generation total 255360K, used 15682K [0x00000006600c0000, 0x000000066fa20000, 0x00000007c0000000)
 Metaspace       used 15127K, capacity 15584K, committed 15744K, reserved 1062912K
  class space    used 1770K, capacity 1904K, committed 1920K, reserved 1048576K
2019-05-20T09:32:41.147+0800: 1.620: [GC (Allocation Failure) 2019-05-20T09:32:41.147+0800: 1.620: [ParNew: 106164K->3954K(114880K), 0.0042587 secs] 121847K->19637K(370240K), 0.0042983 secs] [Times: user=0.02 sys=0.00, real=0.01 secs] 
Heap after GC invocations=4 (full 0):
 par new generation   total 114880K, used 3954K [0x000000064b400000, 0x00000006530a0000, 0x00000006600c0000)
  eden space 102144K,   0% used [0x000000064b400000, 0x000000064b400000, 0x00000006517c0000)
  from space 12736K,  31% used [0x00000006517c0000, 0x0000000651b9c9c0, 0x0000000652430000)
  to   space 12736K,   0% used [0x0000000652430000, 0x0000000652430000, 0x00000006530a0000)
 concurrent mark-sweep generation total 255360K, used 15682K [0x00000006600c0000, 0x000000066fa20000, 0x00000007c0000000)
 Metaspace       used 15127K, capacity 15584K, committed 15744K, reserved 1062912K
  class space    used 1770K, capacity 1904K, committed 1920K, reserved 1048576K
}
2019-05-20T09:32:41.235+0800: 1.708: Application time: 0.0833913 seconds
2019-05-20T09:32:41.277+0800: 1.750: Application time: 0.0416801 seconds
{Heap before GC invocations=4 (full 0):
 par new generation   total 114880K, used 106098K [0x000000064b400000, 0x00000006530a0000, 0x00000006600c0000)
  eden space 102144K, 100% used [0x000000064b400000, 0x00000006517c0000, 0x00000006517c0000)
  from space 12736K,  31% used [0x00000006517c0000, 0x0000000651b9c9c0, 0x0000000652430000)
  to   space 12736K,   0% used [0x0000000652430000, 0x0000000652430000, 0x00000006530a0000)
 concurrent mark-sweep generation total 255360K, used 15682K [0x00000006600c0000, 0x000000066fa20000, 0x00000007c0000000)
 Metaspace       used 16612K, capacity 17144K, committed 17408K, reserved 1064960K
  class space    used 2028K, capacity 2182K, committed 2304K, reserved 1048576K
2019-05-20T09:32:41.277+0800: 1.750: [GC (Allocation Failure) 2019-05-20T09:32:41.277+0800: 1.750: [ParNew: 106098K->4300K(114880K), 0.0038147 secs] 121781K->19983K(370240K), 0.0038520 secs] [Times: user=0.01 sys=0.00, real=0.01 secs] 
Heap after GC invocations=5 (full 0):
 par new generation   total 114880K, used 4300K [0x000000064b400000, 0x00000006530a0000, 0x00000006600c0000)
  eden space 102144K,   0% used [0x000000064b400000, 0x000000064b400000, 0x00000006517c0000)
  from space 12736K,  33% used [0x0000000652430000, 0x0000000652863238, 0x00000006530a0000)
  to   space 12736K,   0% used [0x00000006517c0000, 0x00000006517c0000, 0x0000000652430000)
 concurrent mark-sweep generation total 255360K, used 15682K [0x00000006600c0000, 0x000000066fa20000, 0x00000007c0000000)
 Metaspace       used 16612K, capacity 17144K, committed 17408K, reserved 1064960K
  class space    used 2028K, capacity 2182K, committed 2304K, reserved 1048576K
}
2019-05-20T09:32:41.289+0800: 1.762: Application time: 0.0077771 seconds
2019-05-20T09:32:41.290+0800: 1.762: Application time: 0.0004653 seconds
2019-05-20T09:32:41.311+0800: 1.784: Application time: 0.0213182 seconds
2019-05-20T09:32:41.464+0800: 1.937: Application time: 0.1527985 seconds
{Heap before GC invocations=5 (full 0):
 par new generation   total 114880K, used 106444K [0x000000064b400000, 0x00000006530a0000, 0x00000006600c0000)
  eden space 102144K, 100% used [0x000000064b400000, 0x00000006517c0000, 0x00000006517c0000)
  from space 12736K,  33% used [0x0000000652430000, 0x0000000652863238, 0x00000006530a0000)
  to   space 12736K,   0% used [0x00000006517c0000, 0x00000006517c0000, 0x0000000652430000)
 concurrent mark-sweep generation total 255360K, used 15682K [0x00000006600c0000, 0x000000066fa20000, 0x00000007c0000000)
 Metaspace       used 19696K, capacity 20280K, committed 20480K, reserved 1067008K
  class space    used 2360K, capacity 2506K, committed 2560K, reserved 1048576K
2019-05-20T09:32:41.464+0800: 1.937: [GC (Allocation Failure) 2019-05-20T09:32:41.464+0800: 1.937: [ParNew: 106444K->6912K(114880K), 0.0057056 secs] 122127K->22595K(370240K), 0.0057539 secs] [Times: user=0.02 sys=0.00, real=0.00 secs] 
Heap after GC invocations=6 (full 0):
 par new generation   total 114880K, used 6912K [0x000000064b400000, 0x00000006530a0000, 0x00000006600c0000)
  eden space 102144K,   0% used [0x000000064b400000, 0x000000064b400000, 0x00000006517c0000)
  from space 12736K,  54% used [0x00000006517c0000, 0x0000000651e80348, 0x0000000652430000)
  to   space 12736K,   0% used [0x0000000652430000, 0x0000000652430000, 0x00000006530a0000)
 concurrent mark-sweep generation total 255360K, used 15682K [0x00000006600c0000, 0x000000066fa20000, 0x00000007c0000000)
 Metaspace       used 19696K, capacity 20280K, committed 20480K, reserved 1067008K
  class space    used 2360K, capacity 2506K, committed 2560K, reserved 1048576K
}
2019-05-20T09:32:41.530+0800: 2.003: Application time: 0.0598976 seconds
2019-05-20T09:32:41.547+0800: 2.019: Application time: 0.0163358 seconds
2019-05-20T09:32:41.571+0800: 2.043: Application time: 0.0239022 seconds
2019-05-20T09:32:41.591+0800: 2.063: Application time: 0.0200690 seconds
2019-05-20T09:32:41.592+0800: 2.064: Application time: 0.0000839 seconds
2019-05-20T09:32:41.605+0800: 2.078: Application time: 0.0135542 seconds
{Heap before GC invocations=6 (full 0):
 par new generation   total 114880K, used 109056K [0x000000064b400000, 0x00000006530a0000, 0x00000006600c0000)
  eden space 102144K, 100% used [0x000000064b400000, 0x00000006517c0000, 0x00000006517c0000)
  from space 12736K,  54% used [0x00000006517c0000, 0x0000000651e80348, 0x0000000652430000)
  to   space 12736K,   0% used [0x0000000652430000, 0x0000000652430000, 0x00000006530a0000)
 concurrent mark-sweep generation total 255360K, used 15682K [0x00000006600c0000, 0x000000066fa20000, 0x00000007c0000000)
 Metaspace       used 21707K, capacity 22338K, committed 22548K, reserved 1069056K
  class space    used 2653K, capacity 2813K, committed 2840K, reserved 1048576K
2019-05-20T09:32:41.606+0800: 2.078: [GC (Allocation Failure) 2019-05-20T09:32:41.606+0800: 2.078: [ParNew: 109056K->6673K(114880K), 0.0103187 secs] 124739K->22356K(370240K), 0.0103912 secs] [Times: user=0.03 sys=0.00, real=0.01 secs] 
Heap after GC invocations=7 (full 0):
 par new generation   total 114880K, used 6673K [0x000000064b400000, 0x00000006530a0000, 0x00000006600c0000)
  eden space 102144K,   0% used [0x000000064b400000, 0x000000064b400000, 0x00000006517c0000)
  from space 12736K,  52% used [0x0000000652430000, 0x0000000652ab4630, 0x00000006530a0000)
  to   space 12736K,   0% used [0x00000006517c0000, 0x00000006517c0000, 0x0000000652430000)
 concurrent mark-sweep generation total 255360K, used 15682K [0x00000006600c0000, 0x000000066fa20000, 0x00000007c0000000)
 Metaspace       used 21707K, capacity 22338K, committed 22548K, reserved 1069056K
  class space    used 2653K, capacity 2813K, committed 2840K, reserved 1048576K
}
2019-05-20T09:32:41.620+0800: 2.093: Application time: 0.0042693 seconds
2019-05-20T09:32:41.620+0800: 2.093: [GC (CMS Initial Mark) [1 CMS-initial-mark: 15682K(255360K)] 24489K(370240K), 0.0040431 secs] [Times: user=0.02 sys=0.00, real=0.00 secs] 
2019-05-20T09:32:41.625+0800: 2.097: [CMS-concurrent-mark-start]
2019-05-20T09:32:41.656+0800: 2.129: Application time: 0.0316447 seconds
2019-05-20T09:32:41.728+0800: 2.201: [CMS-concurrent-mark: 0.103/0.104 secs] [Times: user=0.27 sys=0.02, real=0.10 secs] 
2019-05-20T09:32:41.729+0800: 2.201: Application time: 0.0722903 seconds
2019-05-20T09:32:41.729+0800: 2.201: [CMS-concurrent-preclean-start]
2019-05-20T09:32:41.729+0800: 2.202: Application time: 0.0006780 seconds
2019-05-20T09:32:41.731+0800: 2.203: [CMS-concurrent-preclean: 0.002/0.002 secs] [Times: user=0.01 sys=0.00, real=0.00 secs] 
2019-05-20T09:32:41.731+0800: 2.203: [CMS-concurrent-abortable-preclean-start]
2019-05-20T09:32:41.751+0800: 2.224: Application time: 0.0219393 seconds
2019-05-20T09:32:41.775+0800: 2.248: Application time: 0.0239534 seconds
2019-05-20T09:32:41.794+0800: 2.266: Application time: 0.0183201 seconds
2019-05-20T09:32:41.803+0800: 2.275: Application time: 0.0087579 seconds
2019-05-20T09:32:41.826+0800: 2.299: Application time: 0.0231173 seconds
2019-05-20T09:32:41.835+0800: 2.308: Application time: 0.0090237 seconds
2019-05-20T09:32:41.856+0800: 2.329: Application time: 0.0207864 seconds
{Heap before GC invocations=7 (full 1):
 par new generation   total 114880K, used 108817K [0x000000064b400000, 0x00000006530a0000, 0x00000006600c0000)
  eden space 102144K, 100% used [0x000000064b400000, 0x00000006517c0000, 0x00000006517c0000)
  from space 12736K,  52% used [0x0000000652430000, 0x0000000652ab4630, 0x00000006530a0000)
  to   space 12736K,   0% used [0x00000006517c0000, 0x00000006517c0000, 0x0000000652430000)
 concurrent mark-sweep generation total 255360K, used 15682K [0x00000006600c0000, 0x000000066fa20000, 0x00000007c0000000)
 Metaspace       used 23750K, capacity 24412K, committed 24540K, reserved 1071104K
  class space    used 2898K, capacity 3108K, committed 3120K, reserved 1048576K
2019-05-20T09:32:41.856+0800: 2.329: [GC (Allocation Failure) 2019-05-20T09:32:41.856+0800: 2.329: [ParNew: 108817K->5877K(114880K), 0.0066621 secs] 124500K->21560K(370240K), 0.0067270 secs] [Times: user=0.02 sys=0.00, real=0.01 secs] 
Heap after GC invocations=8 (full 1):
 par new generation   total 114880K, used 5877K [0x000000064b400000, 0x00000006530a0000, 0x00000006600c0000)
  eden space 102144K,   0% used [0x000000064b400000, 0x000000064b400000, 0x00000006517c0000)
  from space 12736K,  46% used [0x00000006517c0000, 0x0000000651d7d618, 0x0000000652430000)
  to   space 12736K,   0% used [0x0000000652430000, 0x0000000652430000, 0x00000006530a0000)
 concurrent mark-sweep generation total 255360K, used 15682K [0x00000006600c0000, 0x000000066fa20000, 0x00000007c0000000)
 Metaspace       used 23750K, capacity 24412K, committed 24540K, reserved 1071104K
  class space    used 2898K, capacity 3108K, committed 3120K, reserved 1048576K
}
2019-05-20T09:32:41.889+0800: 2.361: Application time: 0.0253973 seconds
2019-05-20T09:32:41.949+0800: 2.422: Application time: 0.0603898 seconds
2019-05-20T09:32:42.060+0800: 2.533: Application time: 0.1091011 seconds
2019-05-20T09:32:42.091+0800: 2.564: Application time: 0.0308782 seconds
2019-05-20T09:32:42.116+0800: 2.588: Application time: 0.0241482 seconds
2019-05-20T09:32:42.135+0800: 2.608: Application time: 0.0191280 seconds
2019-05-20T09:32:42.135+0800: 2.608: [CMS-concurrent-abortable-preclean: 0.251/0.404 secs] [Times: user=1.45 sys=0.04, real=0.41 secs] 
2019-05-20T09:32:42.136+0800: 2.609: Application time: 0.0012414 seconds
2019-05-20T09:32:42.136+0800: 2.609: [GC (CMS Final Remark) [YG occupancy: 67294 K (114880 K)]2019-05-20T09:32:42.136+0800: 2.609: [Rescan (parallel) , 0.0129447 secs]2019-05-20T09:32:42.149+0800: 2.622: [weak refs processing, 0.0001037 secs]2019-05-20T09:32:42.149+0800: 2.622: [class unloading, 0.0032979 secs]2019-05-20T09:32:42.153+0800: 2.626: [scrub symbol table, 0.0031448 secs]2019-05-20T09:32:42.156+0800: 2.629: [scrub string table, 0.0003233 secs][1 CMS-remark: 15682K(255360K)] 82977K(370240K), 0.0203171 secs] [Times: user=0.05 sys=0.01, real=0.02 secs] 
2019-05-20T09:32:42.157+0800: 2.630: [CMS-concurrent-sweep-start]
2019-05-20T09:32:42.165+0800: 2.638: [CMS-concurrent-sweep: 0.008/0.008 secs] [Times: user=0.03 sys=0.00, real=0.01 secs] 
2019-05-20T09:32:42.165+0800: 2.638: [CMS-concurrent-reset-start]
2019-05-20T09:32:42.245+0800: 2.718: [CMS-concurrent-reset: 0.080/0.080 secs] [Times: user=0.13 sys=0.08, real=0.08 secs] 
2019-05-20T09:32:42.301+0800: 2.774: Application time: 0.1447424 seconds
{Heap before GC invocations=8 (full 1):
 par new generation   total 114880K, used 108021K [0x000000064b400000, 0x00000006530a0000, 0x00000006600c0000)
  eden space 102144K, 100% used [0x000000064b400000, 0x00000006517c0000, 0x00000006517c0000)
  from space 12736K,  46% used [0x00000006517c0000, 0x0000000651d7d618, 0x0000000652430000)
  to   space 12736K,   0% used [0x0000000652430000, 0x0000000652430000, 0x00000006530a0000)
 concurrent mark-sweep generation total 255360K, used 14046K [0x00000006600c0000, 0x000000066fa20000, 0x00000007c0000000)
 Metaspace       used 25850K, capacity 26588K, committed 26916K, reserved 1073152K
  class space    used 3164K, capacity 3366K, committed 3476K, reserved 1048576K
2019-05-20T09:32:42.302+0800: 2.774: [GC (Allocation Failure) 2019-05-20T09:32:42.302+0800: 2.774: [ParNew: 108021K->6986K(114880K), 0.0069240 secs] 122067K->21032K(370240K), 0.0069842 secs] [Times: user=0.02 sys=0.00, real=0.00 secs] 
Heap after GC invocations=9 (full 1):
 par new generation   total 114880K, used 6986K [0x000000064b400000, 0x00000006530a0000, 0x00000006600c0000)
  eden space 102144K,   0% used [0x000000064b400000, 0x000000064b400000, 0x00000006517c0000)
  from space 12736K,  54% used [0x0000000652430000, 0x0000000652b02970, 0x00000006530a0000)
  to   space 12736K,   0% used [0x00000006517c0000, 0x00000006517c0000, 0x0000000652430000)
 concurrent mark-sweep generation total 255360K, used 14046K [0x00000006600c0000, 0x000000066fa20000, 0x00000007c0000000)
 Metaspace       used 25850K, capacity 26588K, committed 26916K, reserved 1073152K
  class space    used 3164K, capacity 3366K, committed 3476K, reserved 1048576K
}
2019-05-20T09:32:42.466+0800: 2.939: Application time: 0.1577570 seconds
{Heap before GC invocations=9 (full 1):
 par new generation   total 114880K, used 109130K [0x000000064b400000, 0x00000006530a0000, 0x00000006600c0000)
  eden space 102144K, 100% used [0x000000064b400000, 0x00000006517c0000, 0x00000006517c0000)
  from space 12736K,  54% used [0x0000000652430000, 0x0000000652b02970, 0x00000006530a0000)
  to   space 12736K,   0% used [0x00000006517c0000, 0x00000006517c0000, 0x0000000652430000)
 concurrent mark-sweep generation total 255360K, used 14046K [0x00000006600c0000, 0x000000066fa20000, 0x00000007c0000000)
 Metaspace       used 26182K, capacity 27000K, committed 27172K, reserved 1073152K
  class space    used 3209K, capacity 3450K, committed 3476K, reserved 1048576K
2019-05-20T09:32:42.467+0800: 2.939: [GC (Allocation Failure) 2019-05-20T09:32:42.467+0800: 2.939: [ParNew: 109130K->7469K(114880K), 0.0052088 secs] 123176K->21515K(370240K), 0.0052470 secs] [Times: user=0.02 sys=0.00, real=0.01 secs] 
Heap after GC invocations=10 (full 1):
 par new generation   total 114880K, used 7469K [0x000000064b400000, 0x00000006530a0000, 0x00000006600c0000)
  eden space 102144K,   0% used [0x000000064b400000, 0x000000064b400000, 0x00000006517c0000)
  from space 12736K,  58% used [0x00000006517c0000, 0x0000000651f0b470, 0x0000000652430000)
  to   space 12736K,   0% used [0x0000000652430000, 0x0000000652430000, 0x00000006530a0000)
 concurrent mark-sweep generation total 255360K, used 14046K [0x00000006600c0000, 0x000000066fa20000, 0x00000007c0000000)
 Metaspace       used 26182K, capacity 27000K, committed 27172K, reserved 1073152K
  class space    used 3209K, capacity 3450K, committed 3476K, reserved 1048576K
}
2019-05-20T09:32:42.631+0800: 3.104: Application time: 0.1594690 seconds
2019-05-20T09:32:42.632+0800: 3.105: Application time: 0.0002738 seconds
2019-05-20T09:32:42.749+0800: 3.221: Application time: 0.1165602 seconds
{Heap before GC invocations=10 (full 1):
 par new generation   total 114880K, used 109613K [0x000000064b400000, 0x00000006530a0000, 0x00000006600c0000)
  eden space 102144K, 100% used [0x000000064b400000, 0x00000006517c0000, 0x00000006517c0000)
  from space 12736K,  58% used [0x00000006517c0000, 0x0000000651f0b470, 0x0000000652430000)
  to   space 12736K,   0% used [0x0000000652430000, 0x0000000652430000, 0x00000006530a0000)
 concurrent mark-sweep generation total 255360K, used 14046K [0x00000006600c0000, 0x000000066fa20000, 0x00000007c0000000)
 Metaspace       used 26864K, capacity 27716K, committed 27812K, reserved 1073152K
  class space    used 3295K, capacity 3518K, committed 3604K, reserved 1048576K
2019-05-20T09:32:42.749+0800: 3.222: [GC (Allocation Failure) 2019-05-20T09:32:42.749+0800: 3.222: [ParNew: 109613K->7171K(114880K), 0.0097960 secs] 123659K->22091K(370240K), 0.0098534 secs] [Times: user=0.05 sys=0.00, real=0.01 secs] 
Heap after GC invocations=11 (full 1):
 par new generation   total 114880K, used 7171K [0x000000064b400000, 0x00000006530a0000, 0x00000006600c0000)
  eden space 102144K,   0% used [0x000000064b400000, 0x000000064b400000, 0x00000006517c0000)
  from space 12736K,  56% used [0x0000000652430000, 0x0000000652b30d18, 0x00000006530a0000)
  to   space 12736K,   0% used [0x00000006517c0000, 0x00000006517c0000, 0x0000000652430000)
 concurrent mark-sweep generation total 255360K, used 14919K [0x00000006600c0000, 0x000000066fa20000, 0x00000007c0000000)
 Metaspace       used 26864K, capacity 27716K, committed 27812K, reserved 1073152K
  class space    used 3295K, capacity 3518K, committed 3604K, reserved 1048576K
}
2019-05-20T09:32:43.175+0800: 3.648: Application time: 0.4160561 seconds
{Heap before GC invocations=11 (full 1):
 par new generation   total 114880K, used 109315K [0x000000064b400000, 0x00000006530a0000, 0x00000006600c0000)
  eden space 102144K, 100% used [0x000000064b400000, 0x00000006517c0000, 0x00000006517c0000)
  from space 12736K,  56% used [0x0000000652430000, 0x0000000652b30d18, 0x00000006530a0000)
  to   space 12736K,   0% used [0x00000006517c0000, 0x00000006517c0000, 0x0000000652430000)
 concurrent mark-sweep generation total 255360K, used 14919K [0x00000006600c0000, 0x000000066fa20000, 0x00000007c0000000)
 Metaspace       used 27742K, capacity 28614K, committed 28820K, reserved 1075200K
  class space    used 3399K, capacity 3619K, committed 3732K, reserved 1048576K
2019-05-20T09:32:43.175+0800: 3.648: [GC (Allocation Failure) 2019-05-20T09:32:43.175+0800: 3.648: [ParNew: 109315K->8135K(114880K), 0.0218104 secs] 124235K->23462K(370240K), 0.0219676 secs] [Times: user=0.09 sys=0.00, real=0.02 secs] 
Heap after GC invocations=12 (full 1):
 par new generation   total 114880K, used 8135K [0x000000064b400000, 0x00000006530a0000, 0x00000006600c0000)
  eden space 102144K,   0% used [0x000000064b400000, 0x000000064b400000, 0x00000006517c0000)
  from space 12736K,  63% used [0x00000006517c0000, 0x0000000651fb1c80, 0x0000000652430000)
  to   space 12736K,   0% used [0x0000000652430000, 0x0000000652430000, 0x00000006530a0000)
 concurrent mark-sweep generation total 255360K, used 15326K [0x00000006600c0000, 0x000000066fa20000, 0x00000007c0000000)
 Metaspace       used 27742K, capacity 28614K, committed 28820K, reserved 1075200K
  class space    used 3399K, capacity 3619K, committed 3732K, reserved 1048576K
}
2019-05-20T09:32:43.347+0800: 3.820: Application time: 0.1497576 seconds
{Heap before GC invocations=12 (full 1):
 par new generation   total 114880K, used 110279K [0x000000064b400000, 0x00000006530a0000, 0x00000006600c0000)
  eden space 102144K, 100% used [0x000000064b400000, 0x00000006517c0000, 0x00000006517c0000)
  from space 12736K,  63% used [0x00000006517c0000, 0x0000000651fb1c80, 0x0000000652430000)
  to   space 12736K,   0% used [0x0000000652430000, 0x0000000652430000, 0x00000006530a0000)
 concurrent mark-sweep generation total 255360K, used 15326K [0x00000006600c0000, 0x000000066fa20000, 0x00000007c0000000)
 Metaspace       used 28298K, capacity 29282K, committed 29588K, reserved 1075200K
  class space    used 3454K, capacity 3691K, committed 3732K, reserved 1048576K
2019-05-20T09:32:43.347+0800: 3.820: [GC (Allocation Failure) 2019-05-20T09:32:43.347+0800: 3.820: [ParNew: 110279K->8215K(114880K), 0.0136649 secs] 125606K->24013K(370240K), 0.0137230 secs] [Times: user=0.06 sys=0.00, real=0.02 secs] 
Heap after GC invocations=13 (full 1):
 par new generation   total 114880K, used 8215K [0x000000064b400000, 0x00000006530a0000, 0x00000006600c0000)
  eden space 102144K,   0% used [0x000000064b400000, 0x000000064b400000, 0x00000006517c0000)
  from space 12736K,  64% used [0x0000000652430000, 0x0000000652c35f40, 0x00000006530a0000)
  to   space 12736K,   0% used [0x00000006517c0000, 0x00000006517c0000, 0x0000000652430000)
 concurrent mark-sweep generation total 255360K, used 15797K [0x00000006600c0000, 0x000000066fa20000, 0x00000007c0000000)
 Metaspace       used 28298K, capacity 29282K, committed 29588K, reserved 1075200K
  class space    used 3454K, capacity 3691K, committed 3732K, reserved 1048576K
}
2019-05-20T09:32:43.500+0800: 3.972: Application time: 0.1384560 seconds
{Heap before GC invocations=13 (full 1):
 par new generation   total 114880K, used 110359K [0x000000064b400000, 0x00000006530a0000, 0x00000006600c0000)
  eden space 102144K, 100% used [0x000000064b400000, 0x00000006517c0000, 0x00000006517c0000)
  from space 12736K,  64% used [0x0000000652430000, 0x0000000652c35f40, 0x00000006530a0000)
  to   space 12736K,   0% used [0x00000006517c0000, 0x00000006517c0000, 0x0000000652430000)
 concurrent mark-sweep generation total 255360K, used 15797K [0x00000006600c0000, 0x000000066fa20000, 0x00000007c0000000)
 Metaspace       used 28407K, capacity 29346K, committed 29588K, reserved 1075200K
  class space    used 3472K, capacity 3691K, committed 3732K, reserved 1048576K
2019-05-20T09:32:43.500+0800: 3.973: [GC (Allocation Failure) 2019-05-20T09:32:43.500+0800: 3.973: [ParNew: 110359K->6243K(114880K), 0.0170512 secs] 126157K->22503K(370240K), 0.0171015 secs] [Times: user=0.08 sys=0.00, real=0.01 secs] 
Heap after GC invocations=14 (full 1):
 par new generation   total 114880K, used 6243K [0x000000064b400000, 0x00000006530a0000, 0x00000006600c0000)
  eden space 102144K,   0% used [0x000000064b400000, 0x000000064b400000, 0x00000006517c0000)
  from space 12736K,  49% used [0x00000006517c0000, 0x0000000651dd8d18, 0x0000000652430000)
  to   space 12736K,   0% used [0x0000000652430000, 0x0000000652430000, 0x00000006530a0000)
 concurrent mark-sweep generation total 255360K, used 16260K [0x00000006600c0000, 0x000000066fa20000, 0x00000007c0000000)
 Metaspace       used 28407K, capacity 29346K, committed 29588K, reserved 1075200K
  class space    used 3472K, capacity 3691K, committed 3732K, reserved 1048576K
}
2019-05-20T09:32:43.644+0800: 4.116: Application time: 0.1267762 seconds
{Heap before GC invocations=14 (full 1):
 par new generation   total 114880K, used 108387K [0x000000064b400000, 0x00000006530a0000, 0x00000006600c0000)
  eden space 102144K, 100% used [0x000000064b400000, 0x00000006517c0000, 0x00000006517c0000)
  from space 12736K,  49% used [0x00000006517c0000, 0x0000000651dd8d18, 0x0000000652430000)
  to   space 12736K,   0% used [0x0000000652430000, 0x0000000652430000, 0x00000006530a0000)
 concurrent mark-sweep generation total 255360K, used 16260K [0x00000006600c0000, 0x000000066fa20000, 0x00000007c0000000)
 Metaspace       used 28416K, capacity 29346K, committed 29588K, reserved 1075200K
  class space    used 3472K, capacity 3691K, committed 3732K, reserved 1048576K
2019-05-20T09:32:43.644+0800: 4.117: [GC (Allocation Failure) 2019-05-20T09:32:43.644+0800: 4.117: [ParNew: 108387K->6851K(114880K), 0.0082992 secs] 124647K->23446K(370240K), 0.0083481 secs] [Times: user=0.04 sys=0.00, real=0.01 secs] 
Heap after GC invocations=15 (full 1):
 par new generation   total 114880K, used 6851K [0x000000064b400000, 0x00000006530a0000, 0x00000006600c0000)
  eden space 102144K,   0% used [0x000000064b400000, 0x000000064b400000, 0x00000006517c0000)
  from space 12736K,  53% used [0x0000000652430000, 0x0000000652ae0f48, 0x00000006530a0000)
  to   space 12736K,   0% used [0x00000006517c0000, 0x00000006517c0000, 0x0000000652430000)
 concurrent mark-sweep generation total 255360K, used 16594K [0x00000006600c0000, 0x000000066fa20000, 0x00000007c0000000)
 Metaspace       used 28416K, capacity 29346K, committed 29588K, reserved 1075200K
  class space    used 3472K, capacity 3691K, committed 3732K, reserved 1048576K
}
2019-05-20T09:32:43.660+0800: 4.133: Application time: 0.0077602 seconds
2019-05-20T09:32:43.738+0800: 4.211: Application time: 0.0774463 seconds
2019-05-20T09:32:43.770+0800: 4.243: Application time: 0.0319938 seconds
{Heap before GC invocations=15 (full 1):
 par new generation   total 114880K, used 108995K [0x000000064b400000, 0x00000006530a0000, 0x00000006600c0000)
  eden space 102144K, 100% used [0x000000064b400000, 0x00000006517c0000, 0x00000006517c0000)
  from space 12736K,  53% used [0x0000000652430000, 0x0000000652ae0f48, 0x00000006530a0000)
  to   space 12736K,   0% used [0x00000006517c0000, 0x00000006517c0000, 0x0000000652430000)
 concurrent mark-sweep generation total 255360K, used 16594K [0x00000006600c0000, 0x000000066fa20000, 0x00000007c0000000)
 Metaspace       used 28424K, capacity 29346K, committed 29588K, reserved 1075200K
  class space    used 3472K, capacity 3691K, committed 3732K, reserved 1048576K
2019-05-20T09:32:43.770+0800: 4.243: [GC (Allocation Failure) 2019-05-20T09:32:43.770+0800: 4.243: [ParNew: 108995K->6342K(114880K), 0.0086118 secs] 125590K->23234K(370240K), 0.0086715 secs] [Times: user=0.04 sys=0.00, real=0.01 secs] 
Heap after GC invocations=16 (full 1):
 par new generation   total 114880K, used 6342K [0x000000064b400000, 0x00000006530a0000, 0x00000006600c0000)
  eden space 102144K,   0% used [0x000000064b400000, 0x000000064b400000, 0x00000006517c0000)
  from space 12736K,  49% used [0x00000006517c0000, 0x0000000651df1b38, 0x0000000652430000)
  to   space 12736K,   0% used [0x0000000652430000, 0x0000000652430000, 0x00000006530a0000)
 concurrent mark-sweep generation total 255360K, used 16891K [0x00000006600c0000, 0x000000066fa20000, 0x00000007c0000000)
 Metaspace       used 28424K, capacity 29346K, committed 29588K, reserved 1075200K
  class space    used 3472K, capacity 3691K, committed 3732K, reserved 1048576K
}
2019-05-20T09:32:43.779+0800: 4.252: Application time: 0.0001935 seconds
2019-05-20T09:32:43.779+0800: 4.252: Application time: 0.0000384 seconds
2019-05-20T09:32:43.780+0800: 4.252: Application time: 0.0000391 seconds
2019-05-20T09:32:43.780+0800: 4.252: Application time: 0.0000416 seconds
2019-05-20T09:32:43.780+0800: 4.252: Application time: 0.0000505 seconds
2019-05-20T09:32:43.780+0800: 4.253: Application time: 0.0000400 seconds
2019-05-20T09:32:43.788+0800: 4.261: Application time: 0.0082730 seconds
2019-05-20T09:32:43.928+0800: 4.401: Application time: 0.1395423 seconds
{Heap before GC invocations=16 (full 1):
 par new generation   total 114880K, used 108486K [0x000000064b400000, 0x00000006530a0000, 0x00000006600c0000)
  eden space 102144K, 100% used [0x000000064b400000, 0x00000006517c0000, 0x00000006517c0000)
  from space 12736K,  49% used [0x00000006517c0000, 0x0000000651df1b38, 0x0000000652430000)
  to   space 12736K,   0% used [0x0000000652430000, 0x0000000652430000, 0x00000006530a0000)
 concurrent mark-sweep generation total 255360K, used 16891K [0x00000006600c0000, 0x000000066fa20000, 0x00000007c0000000)
 Metaspace       used 28569K, capacity 29552K, committed 29588K, reserved 1075200K
  class space    used 3490K, capacity 3732K, committed 3732K, reserved 1048576K
2019-05-20T09:32:43.929+0800: 4.401: [GC (Allocation Failure) 2019-05-20T09:32:43.929+0800: 4.401: [ParNew: 108486K->6110K(114880K), 0.0073965 secs] 125378K->23459K(370240K), 0.0074604 secs] [Times: user=0.03 sys=0.00, real=0.01 secs] 
Heap after GC invocations=17 (full 1):
 par new generation   total 114880K, used 6110K [0x000000064b400000, 0x00000006530a0000, 0x00000006600c0000)
  eden space 102144K,   0% used [0x000000064b400000, 0x000000064b400000, 0x00000006517c0000)
  from space 12736K,  47% used [0x0000000652430000, 0x0000000652a279f0, 0x00000006530a0000)
  to   space 12736K,   0% used [0x00000006517c0000, 0x00000006517c0000, 0x0000000652430000)
 concurrent mark-sweep generation total 255360K, used 17348K [0x00000006600c0000, 0x000000066fa20000, 0x00000007c0000000)
 Metaspace       used 28569K, capacity 29552K, committed 29588K, reserved 1075200K
  class space    used 3490K, capacity 3732K, committed 3732K, reserved 1048576K
}
2019-05-20T09:32:43.936+0800: 4.409: Application time: 0.0001160 seconds
2019-05-20T09:32:43.937+0800: 4.409: Application time: 0.0001166 seconds
2019-05-20T09:32:43.937+0800: 4.409: Application time: 0.0000913 seconds
2019-05-20T09:32:43.937+0800: 4.410: Application time: 0.0000521 seconds
2019-05-20T09:32:43.937+0800: 4.410: Application time: 0.0000429 seconds
2019-05-20T09:32:43.937+0800: 4.410: Application time: 0.0000297 seconds
2019-05-20T09:32:43.937+0800: 4.410: Application time: 0.0000264 seconds
2019-05-20T09:32:43.937+0800: 4.410: Application time: 0.0000256 seconds
2019-05-20T09:32:43.937+0800: 4.410: Application time: 0.0000277 seconds
2019-05-20T09:32:43.937+0800: 4.410: Application time: 0.0000251 seconds
2019-05-20T09:32:43.938+0800: 4.410: Application time: 0.0000384 seconds
2019-05-20T09:32:43.939+0800: 4.412: Application time: 0.0000373 seconds
2019-05-20T09:32:43.939+0800: 4.412: Application time: 0.0000295 seconds
2019-05-20T09:32:43.939+0800: 4.412: Application time: 0.0000288 seconds
2019-05-20T09:32:44.214+0800: 4.687: Application time: 0.2749752 seconds
{Heap before GC invocations=17 (full 1):
 par new generation   total 114880K, used 108254K [0x000000064b400000, 0x00000006530a0000, 0x00000006600c0000)
  eden space 102144K, 100% used [0x000000064b400000, 0x00000006517c0000, 0x00000006517c0000)
  from space 12736K,  47% used [0x0000000652430000, 0x0000000652a279f0, 0x00000006530a0000)
  to   space 12736K,   0% used [0x00000006517c0000, 0x00000006517c0000, 0x0000000652430000)
 concurrent mark-sweep generation total 255360K, used 17348K [0x00000006600c0000, 0x000000066fa20000, 0x00000007c0000000)
 Metaspace       used 29237K, capacity 30212K, committed 30484K, reserved 1075200K
  class space    used 3567K, capacity 3810K, committed 3860K, reserved 1048576K
2019-05-20T09:32:44.215+0800: 4.687: [GC (Allocation Failure) 2019-05-20T09:32:44.215+0800: 4.687: [ParNew: 108254K->5509K(114880K), 0.0150478 secs] 125603K->23965K(370240K), 0.0151208 secs] [Times: user=0.07 sys=0.00, real=0.01 secs] 
Heap after GC invocations=18 (full 1):
 par new generation   total 114880K, used 5509K [0x000000064b400000, 0x00000006530a0000, 0x00000006600c0000)
  eden space 102144K,   0% used [0x000000064b400000, 0x000000064b400000, 0x00000006517c0000)
  from space 12736K,  43% used [0x00000006517c0000, 0x0000000651d215e8, 0x0000000652430000)
  to   space 12736K,   0% used [0x0000000652430000, 0x0000000652430000, 0x00000006530a0000)
 concurrent mark-sweep generation total 255360K, used 18455K [0x00000006600c0000, 0x000000066fa20000, 0x00000007c0000000)
 Metaspace       used 29237K, capacity 30212K, committed 30484K, reserved 1075200K
  class space    used 3567K, capacity 3810K, committed 3860K, reserved 1048576K
}
2019-05-20T09:32:44.230+0800: 4.703: Application time: 0.0000969 seconds
2019-05-20T09:32:44.230+0800: 4.703: Application time: 0.0000478 seconds
2019-05-20T09:32:44.230+0800: 4.703: Application time: 0.0000420 seconds
2019-05-20T09:32:44.230+0800: 4.703: Application time: 0.0000415 seconds
2019-05-20T09:32:44.231+0800: 4.703: Application time: 0.0000568 seconds
2019-05-20T09:32:44.231+0800: 4.703: Application time: 0.0000381 seconds
2019-05-20T09:32:44.231+0800: 4.704: Application time: 0.0000367 seconds
2019-05-20T09:32:44.231+0800: 4.704: Application time: 0.0000367 seconds
2019-05-20T09:32:44.231+0800: 4.704: Application time: 0.0000486 seconds
2019-05-20T09:32:44.231+0800: 4.704: Application time: 0.0000318 seconds
2019-05-20T09:32:44.231+0800: 4.704: Application time: 0.0000306 seconds
2019-05-20T09:32:44.231+0800: 4.704: Application time: 0.0000313 seconds
2019-05-20T09:32:44.231+0800: 4.704: Application time: 0.0000304 seconds
2019-05-20T09:32:44.232+0800: 4.704: Application time: 0.0000308 seconds
2019-05-20T09:32:44.232+0800: 4.704: Application time: 0.0000379 seconds
2019-05-20T09:32:44.232+0800: 4.704: Application time: 0.0000357 seconds
2019-05-20T09:32:44.232+0800: 4.705: Application time: 0.0000370 seconds
2019-05-20T09:32:44.232+0800: 4.705: Application time: 0.0000387 seconds
2019-05-20T09:32:44.232+0800: 4.705: Application time: 0.0000524 seconds
2019-05-20T09:32:44.232+0800: 4.705: Application time: 0.0000365 seconds
2019-05-20T09:32:44.403+0800: 4.875: Application time: 0.1703523 seconds
{Heap before GC invocations=18 (full 1):
 par new generation   total 114880K, used 107653K [0x000000064b400000, 0x00000006530a0000, 0x00000006600c0000)
  eden space 102144K, 100% used [0x000000064b400000, 0x00000006517c0000, 0x00000006517c0000)
  from space 12736K,  43% used [0x00000006517c0000, 0x0000000651d215e8, 0x0000000652430000)
  to   space 12736K,   0% used [0x0000000652430000, 0x0000000652430000, 0x00000006530a0000)
 concurrent mark-sweep generation total 255360K, used 18455K [0x00000006600c0000, 0x000000066fa20000, 0x00000007c0000000)
 Metaspace       used 29489K, capacity 30494K, committed 30740K, reserved 1077248K
  class space    used 3603K, capacity 3855K, committed 3860K, reserved 1048576K
2019-05-20T09:32:44.403+0800: 4.876: [GC (Allocation Failure) 2019-05-20T09:32:44.403+0800: 4.876: [ParNew: 107653K->5969K(114880K), 0.0107990 secs] 126109K->24574K(370240K), 0.0108635 secs] [Times: user=0.05 sys=0.01, real=0.01 secs] 
Heap after GC invocations=19 (full 1):
 par new generation   total 114880K, used 5969K [0x000000064b400000, 0x00000006530a0000, 0x00000006600c0000)
  eden space 102144K,   0% used [0x000000064b400000, 0x000000064b400000, 0x00000006517c0000)
  from space 12736K,  46% used [0x0000000652430000, 0x0000000652a04510, 0x00000006530a0000)
  to   space 12736K,   0% used [0x00000006517c0000, 0x00000006517c0000, 0x0000000652430000)
 concurrent mark-sweep generation total 255360K, used 18605K [0x00000006600c0000, 0x000000066fa20000, 0x00000007c0000000)
 Metaspace       used 29489K, capacity 30494K, committed 30740K, reserved 1077248K
  class space    used 3603K, capacity 3855K, committed 3860K, reserved 1048576K
}
2019-05-20T09:32:44.631+0800: 5.104: Application time: 0.2172320 seconds
{Heap before GC invocations=19 (full 1):
 par new generation   total 114880K, used 108113K [0x000000064b400000, 0x00000006530a0000, 0x00000006600c0000)
  eden space 102144K, 100% used [0x000000064b400000, 0x00000006517c0000, 0x00000006517c0000)
  from space 12736K,  46% used [0x0000000652430000, 0x0000000652a04510, 0x00000006530a0000)
  to   space 12736K,   0% used [0x00000006517c0000, 0x00000006517c0000, 0x0000000652430000)
 concurrent mark-sweep generation total 255360K, used 18605K [0x00000006600c0000, 0x000000066fa20000, 0x00000007c0000000)
 Metaspace       used 30102K, capacity 31102K, committed 31380K, reserved 1077248K
  class space    used 3690K, capacity 3923K, committed 3988K, reserved 1048576K
2019-05-20T09:32:44.631+0800: 5.104: [GC (Allocation Failure) 2019-05-20T09:32:44.631+0800: 5.104: [ParNew: 108113K->7381K(114880K), 0.0104500 secs] 126718K->26452K(370240K), 0.0105037 secs] [Times: user=0.05 sys=0.00, real=0.01 secs] 
Heap after GC invocations=20 (full 1):
 par new generation   total 114880K, used 7381K [0x000000064b400000, 0x00000006530a0000, 0x00000006600c0000)
  eden space 102144K,   0% used [0x000000064b400000, 0x000000064b400000, 0x00000006517c0000)
  from space 12736K,  57% used [0x00000006517c0000, 0x0000000651ef56c8, 0x0000000652430000)
  to   space 12736K,   0% used [0x0000000652430000, 0x0000000652430000, 0x00000006530a0000)
 concurrent mark-sweep generation total 255360K, used 19070K [0x00000006600c0000, 0x000000066fa20000, 0x00000007c0000000)
 Metaspace       used 30102K, capacity 31102K, committed 31380K, reserved 1077248K
  class space    used 3690K, capacity 3923K, committed 3988K, reserved 1048576K
}
2019-05-20T09:32:44.935+0800: 5.408: Application time: 0.2933437 seconds
{Heap before GC invocations=20 (full 1):
 par new generation   total 114880K, used 109477K [0x000000064b400000, 0x00000006530a0000, 0x00000006600c0000)
  eden space 102144K,  99% used [0x000000064b400000, 0x00000006517b4058, 0x00000006517c0000)
  from space 12736K,  57% used [0x00000006517c0000, 0x0000000651ef56c8, 0x0000000652430000)
  to   space 12736K,   0% used [0x0000000652430000, 0x0000000652430000, 0x00000006530a0000)
 concurrent mark-sweep generation total 255360K, used 19070K [0x00000006600c0000, 0x000000066fa20000, 0x00000007c0000000)
 Metaspace       used 31299K, capacity 32382K, committed 32660K, reserved 1077248K
  class space    used 3882K, capacity 4125K, committed 4244K, reserved 1048576K
2019-05-20T09:32:44.935+0800: 5.408: [GC (Allocation Failure) 2019-05-20T09:32:44.935+0800: 5.408: [ParNew: 109477K->6423K(114880K), 0.0133350 secs] 128548K->26824K(370240K), 0.0133794 secs] [Times: user=0.07 sys=0.00, real=0.01 secs] 
Heap after GC invocations=21 (full 1):
 par new generation   total 114880K, used 6423K [0x000000064b400000, 0x00000006530a0000, 0x00000006600c0000)
  eden space 102144K,   0% used [0x000000064b400000, 0x000000064b400000, 0x00000006517c0000)
  from space 12736K,  50% used [0x0000000652430000, 0x0000000652a75c10, 0x00000006530a0000)
  to   space 12736K,   0% used [0x00000006517c0000, 0x00000006517c0000, 0x0000000652430000)
 concurrent mark-sweep generation total 255360K, used 20401K [0x00000006600c0000, 0x000000066fa20000, 0x00000007c0000000)
 Metaspace       used 31299K, capacity 32382K, committed 32660K, reserved 1077248K
  class space    used 3882K, capacity 4125K, committed 4244K, reserved 1048576K
}
2019-05-20T09:32:45.058+0800: 5.531: Application time: 0.1092335 seconds
2019-05-20T09:32:45.104+0800: 5.577: Application time: 0.0457818 seconds
2019-05-20T09:32:45.197+0800: 5.670: Application time: 0.0922743 seconds
{Heap before GC invocations=21 (full 1):
 par new generation   total 114880K, used 108567K [0x000000064b400000, 0x00000006530a0000, 0x00000006600c0000)
  eden space 102144K, 100% used [0x000000064b400000, 0x00000006517c0000, 0x00000006517c0000)
  from space 12736K,  50% used [0x0000000652430000, 0x0000000652a75c10, 0x00000006530a0000)
  to   space 12736K,   0% used [0x00000006517c0000, 0x00000006517c0000, 0x0000000652430000)
 concurrent mark-sweep generation total 255360K, used 20401K [0x00000006600c0000, 0x000000066fa20000, 0x00000007c0000000)
 Metaspace       used 32394K, capacity 33606K, committed 33812K, reserved 1079296K
  class space    used 4017K, capacity 4293K, committed 4372K, reserved 1048576K
2019-05-20T09:32:45.197+0800: 5.670: [GC (Allocation Failure) 2019-05-20T09:32:45.197+0800: 5.670: [ParNew: 108567K->6353K(114880K), 0.0086032 secs] 128968K->26879K(370240K), 0.0086489 secs] [Times: user=0.04 sys=0.00, real=0.01 secs] 
Heap after GC invocations=22 (full 1):
 par new generation   total 114880K, used 6353K [0x000000064b400000, 0x00000006530a0000, 0x00000006600c0000)
  eden space 102144K,   0% used [0x000000064b400000, 0x000000064b400000, 0x00000006517c0000)
  from space 12736K,  49% used [0x00000006517c0000, 0x0000000651df45d8, 0x0000000652430000)
  to   space 12736K,   0% used [0x0000000652430000, 0x0000000652430000, 0x00000006530a0000)
 concurrent mark-sweep generation total 255360K, used 20526K [0x00000006600c0000, 0x000000066fa20000, 0x00000007c0000000)
 Metaspace       used 32394K, capacity 33606K, committed 33812K, reserved 1079296K
  class space    used 4017K, capacity 4293K, committed 4372K, reserved 1048576K
}
2019-05-20T09:32:45.258+0800: 5.731: Application time: 0.0526524 seconds
2019-05-20T09:32:45.457+0800: 5.930: Application time: 0.1981068 seconds
{Heap before GC invocations=22 (full 1):
 par new generation   total 114880K, used 108497K [0x000000064b400000, 0x00000006530a0000, 0x00000006600c0000)
  eden space 102144K, 100% used [0x000000064b400000, 0x00000006517c0000, 0x00000006517c0000)
  from space 12736K,  49% used [0x00000006517c0000, 0x0000000651df45d8, 0x0000000652430000)
  to   space 12736K,   0% used [0x0000000652430000, 0x0000000652430000, 0x00000006530a0000)
 concurrent mark-sweep generation total 255360K, used 20526K [0x00000006600c0000, 0x000000066fa20000, 0x00000007c0000000)
 Metaspace       used 33002K, capacity 34250K, committed 34452K, reserved 1079296K
  class space    used 4122K, capacity 4379K, committed 4500K, reserved 1048576K
2019-05-20T09:32:45.457+0800: 5.930: [GC (Allocation Failure) 2019-05-20T09:32:45.457+0800: 5.930: [ParNew: 108497K->6326K(114880K), 0.0138530 secs] 129023K->26913K(370240K), 0.0139115 secs] [Times: user=0.06 sys=0.01, real=0.01 secs] 
Heap after GC invocations=23 (full 1):
 par new generation   total 114880K, used 6326K [0x000000064b400000, 0x00000006530a0000, 0x00000006600c0000)
  eden space 102144K,   0% used [0x000000064b400000, 0x000000064b400000, 0x00000006517c0000)
  from space 12736K,  49% used [0x0000000652430000, 0x0000000652a5d890, 0x00000006530a0000)
  to   space 12736K,   0% used [0x00000006517c0000, 0x00000006517c0000, 0x0000000652430000)
 concurrent mark-sweep generation total 255360K, used 20587K [0x00000006600c0000, 0x000000066fa20000, 0x00000007c0000000)
 Metaspace       used 33002K, capacity 34250K, committed 34452K, reserved 1079296K
  class space    used 4122K, capacity 4379K, committed 4500K, reserved 1048576K
}
2019-05-20T09:32:45.484+0800: 5.956: Application time: 0.0123742 seconds
2019-05-20T09:32:46.013+0800: 6.486: Application time: 0.5292252 seconds
2019-05-20T09:32:46.140+0800: 6.612: Application time: 0.1266380 seconds
{Heap before GC invocations=23 (full 1):
 par new generation   total 114880K, used 108470K [0x000000064b400000, 0x00000006530a0000, 0x00000006600c0000)
  eden space 102144K, 100% used [0x000000064b400000, 0x00000006517c0000, 0x00000006517c0000)
  from space 12736K,  49% used [0x0000000652430000, 0x0000000652a5d890, 0x00000006530a0000)
  to   space 12736K,   0% used [0x00000006517c0000, 0x00000006517c0000, 0x0000000652430000)
 concurrent mark-sweep generation total 255360K, used 20587K [0x00000006600c0000, 0x000000066fa20000, 0x00000007c0000000)
 Metaspace       used 34948K, capacity 36262K, committed 36372K, reserved 1081344K
  class space    used 4328K, capacity 4613K, committed 4628K, reserved 1048576K
2019-05-20T09:32:46.140+0800: 6.613: [GC (Allocation Failure) 2019-05-20T09:32:46.140+0800: 6.613: [ParNew: 108470K->8024K(114880K), 0.0157992 secs] 129057K->28611K(370240K), 0.0158622 secs] [Times: user=0.08 sys=0.00, real=0.01 secs] 
Heap after GC invocations=24 (full 1):
 par new generation   total 114880K, used 8024K [0x000000064b400000, 0x00000006530a0000, 0x00000006600c0000)
  eden space 102144K,   0% used [0x000000064b400000, 0x000000064b400000, 0x00000006517c0000)
  from space 12736K,  63% used [0x00000006517c0000, 0x0000000651f960b0, 0x0000000652430000)
  to   space 12736K,   0% used [0x0000000652430000, 0x0000000652430000, 0x00000006530a0000)
 concurrent mark-sweep generation total 255360K, used 20587K [0x00000006600c0000, 0x000000066fa20000, 0x00000007c0000000)
 Metaspace       used 34948K, capacity 36262K, committed 36372K, reserved 1081344K
  class space    used 4328K, capacity 4613K, committed 4628K, reserved 1048576K
}
2019-05-20T09:32:46.188+0800: 6.661: Application time: 0.0321933 seconds
2019-05-20T09:32:46.212+0800: 6.685: Application time: 0.0235782 seconds
2019-05-20T09:32:46.214+0800: 6.687: Application time: 0.0016359 seconds
2019-05-20T09:32:46.462+0800: 6.934: Application time: 0.2470294 seconds
{Heap before GC invocations=24 (full 1):
 par new generation   total 114880K, used 110168K [0x000000064b400000, 0x00000006530a0000, 0x00000006600c0000)
  eden space 102144K, 100% used [0x000000064b400000, 0x00000006517c0000, 0x00000006517c0000)
  from space 12736K,  63% used [0x00000006517c0000, 0x0000000651f960b0, 0x0000000652430000)
  to   space 12736K,   0% used [0x0000000652430000, 0x0000000652430000, 0x00000006530a0000)
 concurrent mark-sweep generation total 255360K, used 20587K [0x00000006600c0000, 0x000000066fa20000, 0x00000007c0000000)
 Metaspace       used 35636K, capacity 36952K, committed 37268K, reserved 1081344K
  class space    used 4404K, capacity 4686K, committed 4756K, reserved 1048576K
2019-05-20T09:32:46.462+0800: 6.934: [GC (Allocation Failure) 2019-05-20T09:32:46.462+0800: 6.934: [ParNew: 110168K->7321K(114880K), 0.0100712 secs] 130755K->28952K(370240K), 0.0101185 secs] [Times: user=0.05 sys=0.00, real=0.01 secs] 
Heap after GC invocations=25 (full 1):
 par new generation   total 114880K, used 7321K [0x000000064b400000, 0x00000006530a0000, 0x00000006600c0000)
  eden space 102144K,   0% used [0x000000064b400000, 0x000000064b400000, 0x00000006517c0000)
  from space 12736K,  57% used [0x0000000652430000, 0x0000000652b567a8, 0x00000006530a0000)
  to   space 12736K,   0% used [0x00000006517c0000, 0x00000006517c0000, 0x0000000652430000)
 concurrent mark-sweep generation total 255360K, used 21630K [0x00000006600c0000, 0x000000066fa20000, 0x00000007c0000000)
 Metaspace       used 35636K, capacity 36952K, committed 37268K, reserved 1081344K
  class space    used 4404K, capacity 4686K, committed 4756K, reserved 1048576K
}
2019-05-20T09:32:46.726+0800: 7.199: Application time: 0.2539146 seconds
{Heap before GC invocations=25 (full 1):
 par new generation   total 114880K, used 109465K [0x000000064b400000, 0x00000006530a0000, 0x00000006600c0000)
  eden space 102144K, 100% used [0x000000064b400000, 0x00000006517c0000, 0x00000006517c0000)
  from space 12736K,  57% used [0x0000000652430000, 0x0000000652b567a8, 0x00000006530a0000)
  to   space 12736K,   0% used [0x00000006517c0000, 0x00000006517c0000, 0x0000000652430000)
 concurrent mark-sweep generation total 255360K, used 21630K [0x00000006600c0000, 0x000000066fa20000, 0x00000007c0000000)
 Metaspace       used 36244K, capacity 37646K, committed 37908K, reserved 1083392K
  class space    used 4488K, capacity 4801K, committed 4884K, reserved 1048576K
2019-05-20T09:32:46.726+0800: 7.199: [GC (Allocation Failure) 2019-05-20T09:32:46.726+0800: 7.199: [ParNew: 109465K->9970K(114880K), 0.0105559 secs] 131096K->31601K(370240K), 0.0106133 secs] [Times: user=0.05 sys=0.00, real=0.01 secs] 
Heap after GC invocations=26 (full 1):
 par new generation   total 114880K, used 9970K [0x000000064b400000, 0x00000006530a0000, 0x00000006600c0000)
  eden space 102144K,   0% used [0x000000064b400000, 0x000000064b400000, 0x00000006517c0000)
  from space 12736K,  78% used [0x00000006517c0000, 0x000000065217ca38, 0x0000000652430000)
  to   space 12736K,   0% used [0x0000000652430000, 0x0000000652430000, 0x00000006530a0000)
 concurrent mark-sweep generation total 255360K, used 21630K [0x00000006600c0000, 0x000000066fa20000, 0x00000007c0000000)
 Metaspace       used 36244K, capacity 37646K, committed 37908K, reserved 1083392K
  class space    used 4488K, capacity 4801K, committed 4884K, reserved 1048576K
}
2019-05-20T09:32:46.819+0800: 7.291: Application time: 0.0817332 seconds
2019-05-20T09:32:46.820+0800: 7.293: Application time: 0.0013779 seconds
2019-05-20T09:32:46.994+0800: 7.467: Application time: 0.1731979 seconds
{Heap before GC invocations=26 (full 1):
 par new generation   total 114880K, used 112114K [0x000000064b400000, 0x00000006530a0000, 0x00000006600c0000)
  eden space 102144K, 100% used [0x000000064b400000, 0x00000006517c0000, 0x00000006517c0000)
  from space 12736K,  78% used [0x00000006517c0000, 0x000000065217ca38, 0x0000000652430000)
  to   space 12736K,   0% used [0x0000000652430000, 0x0000000652430000, 0x00000006530a0000)
 concurrent mark-sweep generation total 255360K, used 21630K [0x00000006600c0000, 0x000000066fa20000, 0x00000007c0000000)
 Metaspace       used 37981K, capacity 39384K, committed 39572K, reserved 1083392K
  class space    used 4687K, capacity 4994K, committed 5012K, reserved 1048576K
2019-05-20T09:32:46.994+0800: 7.467: [GC (Allocation Failure) 2019-05-20T09:32:46.994+0800: 7.467: [ParNew: 112114K->8756K(114880K), 0.0133816 secs] 133745K->30907K(370240K), 0.0134228 secs] [Times: user=0.08 sys=0.00, real=0.01 secs] 
Heap after GC invocations=27 (full 1):
 par new generation   total 114880K, used 8756K [0x000000064b400000, 0x00000006530a0000, 0x00000006600c0000)
  eden space 102144K,   0% used [0x000000064b400000, 0x000000064b400000, 0x00000006517c0000)
  from space 12736K,  68% used [0x0000000652430000, 0x0000000652cbd2c0, 0x00000006530a0000)
  to   space 12736K,   0% used [0x00000006517c0000, 0x00000006517c0000, 0x0000000652430000)
 concurrent mark-sweep generation total 255360K, used 22150K [0x00000006600c0000, 0x000000066fa20000, 0x00000007c0000000)
 Metaspace       used 37981K, capacity 39384K, committed 39572K, reserved 1083392K
  class space    used 4687K, capacity 4994K, committed 5012K, reserved 1048576K
}
2019-05-20T09:32:47.172+0800: 7.645: Application time: 0.1648187 seconds
2019-05-20T09:32:47.180+0800: 7.653: Application time: 0.0079068 seconds
{Heap before GC invocations=27 (full 1):
 par new generation   total 114880K, used 110900K [0x000000064b400000, 0x00000006530a0000, 0x00000006600c0000)
  eden space 102144K, 100% used [0x000000064b400000, 0x00000006517c0000, 0x00000006517c0000)
  from space 12736K,  68% used [0x0000000652430000, 0x0000000652cbd2c0, 0x00000006530a0000)
  to   space 12736K,   0% used [0x00000006517c0000, 0x00000006517c0000, 0x0000000652430000)
 concurrent mark-sweep generation total 255360K, used 22150K [0x00000006600c0000, 0x000000066fa20000, 0x00000007c0000000)
 Metaspace       used 38464K, capacity 39842K, committed 39956K, reserved 1083392K
  class space    used 4742K, capacity 5059K, committed 5140K, reserved 1048576K
2019-05-20T09:32:47.181+0800: 7.653: [GC (Allocation Failure) 2019-05-20T09:32:47.181+0800: 7.653: [ParNew: 110900K->9139K(114880K), 0.0189513 secs] 133051K->32221K(370240K), 0.0190005 secs] [Times: user=0.11 sys=0.00, real=0.02 secs] 
Heap after GC invocations=28 (full 1):
 par new generation   total 114880K, used 9139K [0x000000064b400000, 0x00000006530a0000, 0x00000006600c0000)
  eden space 102144K,   0% used [0x000000064b400000, 0x000000064b400000, 0x00000006517c0000)
  from space 12736K,  71% used [0x00000006517c0000, 0x00000006520ace80, 0x0000000652430000)
  to   space 12736K,   0% used [0x0000000652430000, 0x0000000652430000, 0x00000006530a0000)
 concurrent mark-sweep generation total 255360K, used 23081K [0x00000006600c0000, 0x000000066fa20000, 0x00000007c0000000)
 Metaspace       used 38464K, capacity 39842K, committed 39956K, reserved 1083392K
  class space    used 4742K, capacity 5059K, committed 5140K, reserved 1048576K
}
2019-05-20T09:32:47.212+0800: 7.685: Application time: 0.0126584 seconds
2019-05-20T09:32:47.270+0800: 7.743: Application time: 0.0579618 seconds
2019-05-20T09:32:47.284+0800: 7.757: Application time: 0.0134681 seconds
2019-05-20T09:32:47.472+0800: 7.944: Application time: 0.1877324 seconds
{Heap before GC invocations=28 (full 1):
 par new generation   total 114880K, used 111283K [0x000000064b400000, 0x00000006530a0000, 0x00000006600c0000)
  eden space 102144K, 100% used [0x000000064b400000, 0x00000006517c0000, 0x00000006517c0000)
  from space 12736K,  71% used [0x00000006517c0000, 0x00000006520ace80, 0x0000000652430000)
  to   space 12736K,   0% used [0x0000000652430000, 0x0000000652430000, 0x00000006530a0000)
 concurrent mark-sweep generation total 255360K, used 23081K [0x00000006600c0000, 0x000000066fa20000, 0x00000007c0000000)
 Metaspace       used 38861K, capacity 40582K, committed 40852K, reserved 1085440K
  class space    used 4812K, capacity 5177K, committed 5268K, reserved 1048576K
2019-05-20T09:32:47.472+0800: 7.945: [GC (Allocation Failure) 2019-05-20T09:32:47.472+0800: 7.945: [ParNew: 111283K->9896K(114880K), 0.0142085 secs] 134365K->32978K(370240K), 0.0142637 secs] [Times: user=0.06 sys=0.00, real=0.01 secs] 
Heap after GC invocations=29 (full 1):
 par new generation   total 114880K, used 9896K [0x000000064b400000, 0x00000006530a0000, 0x00000006600c0000)
  eden space 102144K,   0% used [0x000000064b400000, 0x000000064b400000, 0x00000006517c0000)
  from space 12736K,  77% used [0x0000000652430000, 0x0000000652dda3e8, 0x00000006530a0000)
  to   space 12736K,   0% used [0x00000006517c0000, 0x00000006517c0000, 0x0000000652430000)
 concurrent mark-sweep generation total 255360K, used 23081K [0x00000006600c0000, 0x000000066fa20000, 0x00000007c0000000)
 Metaspace       used 38861K, capacity 40582K, committed 40852K, reserved 1085440K
  class space    used 4812K, capacity 5177K, committed 5268K, reserved 1048576K
}
2019-05-20T09:32:47.727+0800: 8.200: Application time: 0.2405304 seconds
{Heap before GC invocations=29 (full 1):
 par new generation   total 114880K, used 112040K [0x000000064b400000, 0x00000006530a0000, 0x00000006600c0000)
  eden space 102144K, 100% used [0x000000064b400000, 0x00000006517c0000, 0x00000006517c0000)
  from space 12736K,  77% used [0x0000000652430000, 0x0000000652dda3e8, 0x00000006530a0000)
  to   space 12736K,   0% used [0x00000006517c0000, 0x00000006517c0000, 0x0000000652430000)
 concurrent mark-sweep generation total 255360K, used 23081K [0x00000006600c0000, 0x000000066fa20000, 0x00000007c0000000)
 Metaspace       used 39543K, capacity 41278K, committed 41364K, reserved 1085440K
  class space    used 4892K, capacity 5213K, committed 5268K, reserved 1048576K
2019-05-20T09:32:47.727+0800: 8.200: [GC (Allocation Failure) 2019-05-20T09:32:47.727+0800: 8.200: [ParNew: 112040K->10749K(114880K), 0.0129492 secs] 135122K->34523K(370240K), 0.0129977 secs] [Times: user=0.08 sys=0.00, real=0.02 secs] 
Heap after GC invocations=30 (full 1):
 par new generation   total 114880K, used 10749K [0x000000064b400000, 0x00000006530a0000, 0x00000006600c0000)
  eden space 102144K,   0% used [0x000000064b400000, 0x000000064b400000, 0x00000006517c0000)
  from space 12736K,  84% used [0x00000006517c0000, 0x000000065223f460, 0x0000000652430000)
  to   space 12736K,   0% used [0x0000000652430000, 0x0000000652430000, 0x00000006530a0000)
 concurrent mark-sweep generation total 255360K, used 23774K [0x00000006600c0000, 0x000000066fa20000, 0x00000007c0000000)
 Metaspace       used 39543K, capacity 41278K, committed 41364K, reserved 1085440K
  class space    used 4892K, capacity 5213K, committed 5268K, reserved 1048576K
}
2019-05-20T09:32:47.829+0800: 8.302: Application time: 0.0889909 seconds
2019-05-20T09:32:47.851+0800: 8.323: Application time: 0.0210933 seconds
2019-05-20T09:32:47.859+0800: 8.331: Application time: 0.0074744 seconds
2019-05-20T09:32:48.023+0800: 8.496: Application time: 0.1642169 seconds
2019-05-20T09:32:48.025+0800: 8.498: Application time: 0.0018907 seconds
2019-05-20T09:32:48.033+0800: 8.506: Application time: 0.0072311 seconds
2019-05-20T09:32:48.033+0800: 8.506: Application time: 0.0002276 seconds
2019-05-20T09:32:48.034+0800: 8.506: Application time: 0.0000963 seconds
2019-05-20T09:32:48.034+0800: 8.506: Application time: 0.0000667 seconds
2019-05-20T09:32:48.039+0800: 8.511: Application time: 0.0049291 seconds
2019-05-20T09:32:48.041+0800: 8.513: Application time: 0.0018546 seconds
2019-05-20T09:32:48.041+0800: 8.513: Application time: 0.0000341 seconds
2019-05-20T09:32:48.041+0800: 8.514: Application time: 0.0008297 seconds
2019-05-20T09:32:48.043+0800: 8.515: Application time: 0.0009849 seconds
2019-05-20T09:32:48.043+0800: 8.515: Application time: 0.0000353 seconds
2019-05-20T09:32:48.043+0800: 8.516: Application time: 0.0002470 seconds
2019-05-20T09:32:48.047+0800: 8.520: Application time: 0.0038821 seconds
2019-05-20T09:32:48.051+0800: 8.524: Application time: 0.0045297 seconds
2019-05-20T09:32:48.053+0800: 8.526: Application time: 0.0016330 seconds
2019-05-20T09:32:48.054+0800: 8.527: Application time: 0.0011270 seconds
2019-05-20T09:32:48.067+0800: 8.540: Application time: 0.0129764 seconds
2019-05-20T09:32:48.071+0800: 8.544: Application time: 0.0031398 seconds
2019-05-20T09:32:48.074+0800: 8.547: Application time: 0.0029477 seconds
2019-05-20T09:32:48.074+0800: 8.547: Application time: 0.0001221 seconds
2019-05-20T09:32:48.086+0800: 8.559: Application time: 0.0112602 seconds
2019-05-20T09:32:48.089+0800: 8.562: Application time: 0.0034913 seconds
2019-05-20T09:32:48.093+0800: 8.565: Application time: 0.0031381 seconds
2019-05-20T09:32:48.097+0800: 8.570: Application time: 0.0043100 seconds
2019-05-20T09:32:48.103+0800: 8.576: Application time: 0.0062650 seconds
2019-05-20T09:32:48.104+0800: 8.576: Application time: 0.0000397 seconds
2019-05-20T09:32:48.145+0800: 8.618: Application time: 0.0418424 seconds
2019-05-20T09:32:48.185+0800: 8.658: Application time: 0.0393165 seconds
2019-05-20T09:32:48.228+0800: 8.701: Application time: 0.0430915 seconds
2019-05-20T09:32:48.229+0800: 8.702: Application time: 0.0009947 seconds
2019-05-20T09:32:48.231+0800: 8.703: Application time: 0.0013042 seconds
2019-05-20T09:32:48.231+0800: 8.703: Application time: 0.0000773 seconds
2019-05-20T09:32:48.231+0800: 8.703: Application time: 0.0000513 seconds
2019-05-20T09:32:48.232+0800: 8.704: Application time: 0.0008393 seconds
2019-05-20T09:32:48.232+0800: 8.704: Application time: 0.0000677 seconds
2019-05-20T09:32:48.232+0800: 8.705: Application time: 0.0000661 seconds
2019-05-20T09:32:48.232+0800: 8.705: Application time: 0.0000690 seconds
2019-05-20T09:32:48.232+0800: 8.705: Application time: 0.0000273 seconds
2019-05-20T09:32:48.232+0800: 8.705: Application time: 0.0000332 seconds
2019-05-20T09:32:48.235+0800: 8.708: Application time: 0.0028845 seconds
2019-05-20T09:32:48.235+0800: 8.708: Application time: 0.0000345 seconds
2019-05-20T09:32:48.235+0800: 8.708: Application time: 0.0000262 seconds
2019-05-20T09:32:48.235+0800: 8.708: Application time: 0.0000249 seconds
2019-05-20T09:32:48.235+0800: 8.708: Application time: 0.0000392 seconds
2019-05-20T09:32:48.236+0800: 8.708: Application time: 0.0000246 seconds
2019-05-20T09:32:48.236+0800: 8.708: Application time: 0.0000326 seconds
2019-05-20T09:32:48.236+0800: 8.709: Application time: 0.0002062 seconds
2019-05-20T09:32:48.236+0800: 8.709: Application time: 0.0001714 seconds
2019-05-20T09:32:48.236+0800: 8.709: Application time: 0.0000540 seconds
2019-05-20T09:32:48.236+0800: 8.709: Application time: 0.0001015 seconds
2019-05-20T09:32:48.255+0800: 8.728: Application time: 0.0185246 seconds
2019-05-20T09:32:48.255+0800: 8.728: Application time: 0.0002239 seconds
2019-05-20T09:32:48.256+0800: 8.728: Application time: 0.0001716 seconds
2019-05-20T09:32:48.256+0800: 8.728: Application time: 0.0000480 seconds
2019-05-20T09:32:48.256+0800: 8.728: Application time: 0.0000353 seconds
2019-05-20T09:32:48.256+0800: 8.729: Application time: 0.0000590 seconds
2019-05-20T09:32:48.256+0800: 8.729: Application time: 0.0004692 seconds
2019-05-20T09:32:48.260+0800: 8.733: Application time: 0.0040172 seconds
2019-05-20T09:32:48.261+0800: 8.733: Application time: 0.0000349 seconds
2019-05-20T09:32:48.261+0800: 8.733: Application time: 0.0000264 seconds
2019-05-20T09:32:48.261+0800: 8.733: Application time: 0.0000265 seconds
2019-05-20T09:32:48.261+0800: 8.734: Application time: 0.0000300 seconds
2019-05-20T09:32:48.261+0800: 8.734: Application time: 0.0000267 seconds
2019-05-20T09:32:48.261+0800: 8.734: Application time: 0.0000345 seconds
2019-05-20T09:32:48.261+0800: 8.734: Application time: 0.0000251 seconds
2019-05-20T09:32:48.261+0800: 8.734: Application time: 0.0000255 seconds
2019-05-20T09:32:48.264+0800: 8.737: Application time: 0.0030032 seconds
2019-05-20T09:32:48.264+0800: 8.737: Application time: 0.0000417 seconds
2019-05-20T09:32:48.265+0800: 8.738: Application time: 0.0010614 seconds
2019-05-20T09:32:48.269+0800: 8.742: Application time: 0.0037435 seconds
2019-05-20T09:32:48.269+0800: 8.742: Application time: 0.0000841 seconds
2019-05-20T09:32:48.271+0800: 8.743: Application time: 0.0011438 seconds
2019-05-20T09:32:48.272+0800: 8.745: Application time: 0.0016143 seconds
{Heap before GC invocations=30 (full 1):
 par new generation   total 114880K, used 112893K [0x000000064b400000, 0x00000006530a0000, 0x00000006600c0000)
  eden space 102144K, 100% used [0x000000064b400000, 0x00000006517c0000, 0x00000006517c0000)
  from space 12736K,  84% used [0x00000006517c0000, 0x000000065223f460, 0x0000000652430000)
  to   space 12736K,   0% used [0x0000000652430000, 0x0000000652430000, 0x00000006530a0000)
 concurrent mark-sweep generation total 255360K, used 23774K [0x00000006600c0000, 0x000000066fa20000, 0x00000007c0000000)
 Metaspace       used 42398K, capacity 44162K, committed 44476K, reserved 1087488K
  class space    used 5227K, capacity 5573K, committed 5652K, reserved 1048576K
2019-05-20T09:32:48.272+0800: 8.745: [GC (Allocation Failure) 2019-05-20T09:32:48.272+0800: 8.745: [ParNew: 112893K->12736K(114880K), 0.0135506 secs] 136667K->38398K(370240K), 0.0135980 secs] [Times: user=0.08 sys=0.00, real=0.01 secs] 
Heap after GC invocations=31 (full 1):
 par new generation   total 114880K, used 12736K [0x000000064b400000, 0x00000006530a0000, 0x00000006600c0000)
  eden space 102144K,   0% used [0x000000064b400000, 0x000000064b400000, 0x00000006517c0000)
  from space 12736K, 100% used [0x0000000652430000, 0x00000006530a0000, 0x00000006530a0000)
  to   space 12736K,   0% used [0x00000006517c0000, 0x00000006517c0000, 0x0000000652430000)
 concurrent mark-sweep generation total 255360K, used 25662K [0x00000006600c0000, 0x000000066fa20000, 0x00000007c0000000)
 Metaspace       used 42398K, capacity 44162K, committed 44476K, reserved 1087488K
  class space    used 5227K, capacity 5573K, committed 5652K, reserved 1048576K
}
2019-05-20T09:32:48.286+0800: 8.759: Application time: 0.0000473 seconds
2019-05-20T09:32:48.286+0800: 8.759: [GC (CMS Initial Mark) [1 CMS-initial-mark: 25662K(255360K)] 39348K(370240K), 0.0045533 secs] [Times: user=0.03 sys=0.00, real=0.00 secs] 
2019-05-20T09:32:48.291+0800: 8.764: [CMS-concurrent-mark-start]
2019-05-20T09:32:48.291+0800: 8.764: Application time: 0.0003397 seconds
2019-05-20T09:32:48.292+0800: 8.765: Application time: 0.0005317 seconds
2019-05-20T09:32:48.292+0800: 8.765: Application time: 0.0000740 seconds
2019-05-20T09:32:48.292+0800: 8.765: Application time: 0.0000532 seconds
2019-05-20T09:32:48.292+0800: 8.765: Application time: 0.0000278 seconds
2019-05-20T09:32:48.292+0800: 8.765: Application time: 0.0000283 seconds
2019-05-20T09:32:48.293+0800: 8.765: Application time: 0.0000258 seconds
2019-05-20T09:32:48.293+0800: 8.765: Application time: 0.0000241 seconds
2019-05-20T09:32:48.293+0800: 8.765: Application time: 0.0000312 seconds
2019-05-20T09:32:48.293+0800: 8.766: Application time: 0.0000271 seconds
2019-05-20T09:32:48.307+0800: 8.779: Application time: 0.0137347 seconds
2019-05-20T09:32:48.307+0800: 8.779: Application time: 0.0000634 seconds
2019-05-20T09:32:48.326+0800: 8.799: Application time: 0.0192213 seconds
2019-05-20T09:32:48.326+0800: 8.799: Application time: 0.0001413 seconds
2019-05-20T09:32:48.386+0800: 8.859: [CMS-concurrent-mark: 0.094/0.095 secs] [Times: user=0.49 sys=0.00, real=0.10 secs] 
2019-05-20T09:32:48.386+0800: 8.859: [CMS-concurrent-preclean-start]
2019-05-20T09:32:48.388+0800: 8.861: [CMS-concurrent-preclean: 0.002/0.002 secs] [Times: user=0.01 sys=0.00, real=0.00 secs] 
2019-05-20T09:32:48.389+0800: 8.861: [CMS-concurrent-abortable-preclean-start]
2019-05-20T09:32:48.407+0800: 8.880: Application time: 0.0811310 seconds
2019-05-20T09:32:48.511+0800: 8.984: Application time: 0.1033207 seconds
{Heap before GC invocations=31 (full 2):
 par new generation   total 114880K, used 114880K [0x000000064b400000, 0x00000006530a0000, 0x00000006600c0000)
  eden space 102144K, 100% used [0x000000064b400000, 0x00000006517c0000, 0x00000006517c0000)
  from space 12736K, 100% used [0x0000000652430000, 0x00000006530a0000, 0x00000006530a0000)
  to   space 12736K,   0% used [0x00000006517c0000, 0x00000006517c0000, 0x0000000652430000)
 concurrent mark-sweep generation total 255360K, used 25662K [0x00000006600c0000, 0x000000066fa20000, 0x00000007c0000000)
 Metaspace       used 42734K, capacity 44462K, committed 44552K, reserved 1087488K
  class space    used 5261K, capacity 5609K, committed 5652K, reserved 1048576K
2019-05-20T09:32:48.512+0800: 8.984: [GC (Allocation Failure) 2019-05-20T09:32:48.512+0800: 8.984: [ParNew: 114880K->11024K(114880K), 0.0179413 secs] 140542K->41344K(370240K), 0.0179920 secs] [Times: user=0.09 sys=0.01, real=0.01 secs] 
Heap after GC invocations=32 (full 2):
 par new generation   total 114880K, used 11024K [0x000000064b400000, 0x00000006530a0000, 0x00000006600c0000)
  eden space 102144K,   0% used [0x000000064b400000, 0x000000064b400000, 0x00000006517c0000)
  from space 12736K,  86% used [0x00000006517c0000, 0x00000006522843a8, 0x0000000652430000)
  to   space 12736K,   0% used [0x0000000652430000, 0x0000000652430000, 0x00000006530a0000)
 concurrent mark-sweep generation total 255360K, used 30319K [0x00000006600c0000, 0x000000066fa20000, 0x00000007c0000000)
 Metaspace       used 42734K, capacity 44462K, committed 44552K, reserved 1087488K
  class space    used 5261K, capacity 5609K, committed 5652K, reserved 1048576K
}
2019-05-20T09:32:48.551+0800: 9.024: Application time: 0.0218355 seconds
2019-05-20T09:32:48.593+0800: 9.066: Application time: 0.0415070 seconds
2019-05-20T09:32:48.593+0800: 9.066: Application time: 0.0000358 seconds
2019-05-20T09:32:48.593+0800: 9.066: Application time: 0.0000513 seconds
2019-05-20T09:32:48.618+0800: 9.091: Application time: 0.0249145 seconds
2019-05-20T09:32:48.637+0800: 9.109: Application time: 0.0177858 seconds
2019-05-20T09:32:48.673+0800: 9.146: Application time: 0.0365848 seconds
2019-05-20T09:32:48.674+0800: 9.146: Application time: 0.0002728 seconds
2019-05-20T09:32:48.740+0800: 9.213: Application time: 0.0662979 seconds
2019-05-20T09:32:48.766+0800: 9.239: Application time: 0.0260999 seconds
2019-05-20T09:32:48.767+0800: 9.239: Application time: 0.0004090 seconds
2019-05-20T09:32:48.767+0800: 9.240: Application time: 0.0007114 seconds
2019-05-20T09:32:48.769+0800: 9.242: [CMS-concurrent-abortable-preclean: 0.274/0.380 secs] [Times: user=1.88 sys=0.03, real=0.38 secs] 
2019-05-20T09:32:48.769+0800: 9.242: Application time: 0.0015651 seconds
2019-05-20T09:32:48.769+0800: 9.242: [GC (CMS Final Remark) [YG occupancy: 93645 K (114880 K)]2019-05-20T09:32:48.769+0800: 9.242: [Rescan (parallel) , 0.0144604 secs]2019-05-20T09:32:48.784+0800: 9.256: [weak refs processing, 0.0000594 secs]2019-05-20T09:32:48.784+0800: 9.256: [class unloading, 0.0085889 secs]2019-05-20T09:32:48.792+0800: 9.265: [scrub symbol table, 0.0072617 secs]2019-05-20T09:32:48.800+0800: 9.272: [scrub string table, 0.0007494 secs][1 CMS-remark: 30319K(255360K)] 123964K(370240K), 0.0351939 secs] [Times: user=0.15 sys=0.00, real=0.04 secs] 
2019-05-20T09:32:48.804+0800: 9.277: [CMS-concurrent-sweep-start]
2019-05-20T09:32:48.815+0800: 9.288: [CMS-concurrent-sweep: 0.011/0.011 secs] [Times: user=0.06 sys=0.00, real=0.01 secs] 
2019-05-20T09:32:48.816+0800: 9.288: [CMS-concurrent-reset-start]
2019-05-20T09:32:48.821+0800: 9.294: [CMS-concurrent-reset: 0.006/0.006 secs] [Times: user=0.03 sys=0.00, real=0.01 secs] 
2019-05-20T09:32:48.827+0800: 9.300: Application time: 0.0230352 seconds
2019-05-20T09:32:48.828+0800: 9.301: Application time: 0.0006589 seconds
2019-05-20T09:32:48.829+0800: 9.302: Application time: 0.0009489 seconds
2019-05-20T09:32:48.831+0800: 9.303: Application time: 0.0010027 seconds
2019-05-20T09:32:48.835+0800: 9.308: Application time: 0.0043219 seconds
2019-05-20T09:32:48.837+0800: 9.310: Application time: 0.0019945 seconds
{Heap before GC invocations=32 (full 2):
 par new generation   total 114880K, used 113168K [0x000000064b400000, 0x00000006530a0000, 0x00000006600c0000)
  eden space 102144K, 100% used [0x000000064b400000, 0x00000006517c0000, 0x00000006517c0000)
  from space 12736K,  86% used [0x00000006517c0000, 0x00000006522843a8, 0x0000000652430000)
  to   space 12736K,   0% used [0x0000000652430000, 0x0000000652430000, 0x00000006530a0000)
 concurrent mark-sweep generation total 255360K, used 28516K [0x00000006600c0000, 0x000000066fa20000, 0x00000007c0000000)
 Metaspace       used 43691K, capacity 45562K, committed 45880K, reserved 1089536K
  class space    used 5427K, capacity 5787K, committed 5880K, reserved 1048576K
2019-05-20T09:32:48.837+0800: 9.310: [GC (Allocation Failure) 2019-05-20T09:32:48.837+0800: 9.310: [ParNew: 113168K->8532K(114880K), 0.0073743 secs] 141685K->37605K(370240K), 0.0074131 secs] [Times: user=0.05 sys=0.00, real=0.01 secs] 
Heap after GC invocations=33 (full 2):
 par new generation   total 114880K, used 8532K [0x000000064b400000, 0x00000006530a0000, 0x00000006600c0000)
  eden space 102144K,   0% used [0x000000064b400000, 0x000000064b400000, 0x00000006517c0000)
  from space 12736K,  66% used [0x0000000652430000, 0x0000000652c85138, 0x00000006530a0000)
  to   space 12736K,   0% used [0x00000006517c0000, 0x00000006517c0000, 0x0000000652430000)
 concurrent mark-sweep generation total 255360K, used 29073K [0x00000006600c0000, 0x000000066fa20000, 0x00000007c0000000)
 Metaspace       used 43691K, capacity 45562K, committed 45880K, reserved 1089536K
  class space    used 5427K, capacity 5787K, committed 5880K, reserved 1048576K
}
2019-05-20T09:32:48.845+0800: 9.318: Application time: 0.0002190 seconds
2019-05-20T09:32:48.845+0800: 9.318: Application time: 0.0001681 seconds
2019-05-20T09:32:48.845+0800: 9.318: Application time: 0.0000230 seconds
2019-05-20T09:32:48.845+0800: 9.318: Application time: 0.0000214 seconds
2019-05-20T09:32:48.845+0800: 9.318: Application time: 0.0000294 seconds
2019-05-20T09:32:48.846+0800: 9.318: Application time: 0.0000214 seconds
2019-05-20T09:32:48.846+0800: 9.318: Application time: 0.0000213 seconds
2019-05-20T09:32:48.851+0800: 9.324: Application time: 0.0052284 seconds
2019-05-20T09:32:48.853+0800: 9.325: Application time: 0.0017959 seconds
2019-05-20T09:32:48.853+0800: 9.326: Application time: 0.0000848 seconds
2019-05-20T09:32:48.863+0800: 9.335: Application time: 0.0097457 seconds
2019-05-20T09:32:48.878+0800: 9.351: Application time: 0.0150538 seconds
2019-05-20T09:32:48.881+0800: 9.353: Application time: 0.0027804 seconds
2019-05-20T09:32:48.885+0800: 9.358: Application time: 0.0037878 seconds
2019-05-20T09:32:48.997+0800: 9.470: Application time: 0.1118839 seconds
2019-05-20T09:32:49.016+0800: 9.488: Application time: 0.0177798 seconds
{Heap before GC invocations=33 (full 2):
 par new generation   total 114880K, used 110676K [0x000000064b400000, 0x00000006530a0000, 0x00000006600c0000)
  eden space 102144K, 100% used [0x000000064b400000, 0x00000006517c0000, 0x00000006517c0000)
  from space 12736K,  66% used [0x0000000652430000, 0x0000000652c85138, 0x00000006530a0000)
  to   space 12736K,   0% used [0x00000006517c0000, 0x00000006517c0000, 0x0000000652430000)
 concurrent mark-sweep generation total 255360K, used 29073K [0x00000006600c0000, 0x000000066fa20000, 0x00000007c0000000)
 Metaspace       used 44156K, capacity 46022K, committed 46520K, reserved 1089536K
  class space    used 5492K, capacity 5865K, committed 6008K, reserved 1048576K
2019-05-20T09:32:49.016+0800: 9.488: [GC (Allocation Failure) 2019-05-20T09:32:49.016+0800: 9.488: [ParNew: 110676K->6412K(114880K), 0.0109312 secs] 139749K->40686K(370240K), 0.0109871 secs] [Times: user=0.07 sys=0.00, real=0.01 secs] 
Heap after GC invocations=34 (full 2):
 par new generation   total 114880K, used 6412K [0x000000064b400000, 0x00000006530a0000, 0x00000006600c0000)
  eden space 102144K,   0% used [0x000000064b400000, 0x000000064b400000, 0x00000006517c0000)
  from space 12736K,  50% used [0x00000006517c0000, 0x0000000651e03180, 0x0000000652430000)
  to   space 12736K,   0% used [0x0000000652430000, 0x0000000652430000, 0x00000006530a0000)
 concurrent mark-sweep generation total 255360K, used 34273K [0x00000006600c0000, 0x000000066fa20000, 0x00000007c0000000)
 Metaspace       used 44156K, capacity 46022K, committed 46520K, reserved 1089536K
  class space    used 5492K, capacity 5865K, committed 6008K, reserved 1048576K
}
2019-05-20T09:32:49.028+0800: 9.501: Application time: 0.0011613 seconds
2019-05-20T09:32:49.180+0800: 9.652: Application time: 0.1511751 seconds
2019-05-20T09:32:49.380+0800: 9.852: Application time: 0.1998218 seconds
{Heap before GC invocations=34 (full 2):
 par new generation   total 114880K, used 108556K [0x000000064b400000, 0x00000006530a0000, 0x00000006600c0000)
  eden space 102144K, 100% used [0x000000064b400000, 0x00000006517c0000, 0x00000006517c0000)
  from space 12736K,  50% used [0x00000006517c0000, 0x0000000651e03180, 0x0000000652430000)
  to   space 12736K,   0% used [0x0000000652430000, 0x0000000652430000, 0x00000006530a0000)
 concurrent mark-sweep generation total 255360K, used 34273K [0x00000006600c0000, 0x000000066fa20000, 0x00000007c0000000)
 Metaspace       used 44701K, capacity 46684K, committed 46956K, reserved 1089536K
  class space    used 5549K, capacity 5950K, committed 6008K, reserved 1048576K
2019-05-20T09:32:49.380+0800: 9.852: [GC (Allocation Failure) 2019-05-20T09:32:49.380+0800: 9.852: [ParNew: 108556K->4306K(114880K), 0.0402941 secs] 142830K->38580K(370240K), 0.0403458 secs] [Times: user=0.16 sys=0.00, real=0.04 secs] 
Heap after GC invocations=35 (full 2):
 par new generation   total 114880K, used 4306K [0x000000064b400000, 0x00000006530a0000, 0x00000006600c0000)
  eden space 102144K,   0% used [0x000000064b400000, 0x000000064b400000, 0x00000006517c0000)
  from space 12736K,  33% used [0x0000000652430000, 0x0000000652864940, 0x00000006530a0000)
  to   space 12736K,   0% used [0x00000006517c0000, 0x00000006517c0000, 0x0000000652430000)
 concurrent mark-sweep generation total 255360K, used 34273K [0x00000006600c0000, 0x000000066fa20000, 0x00000007c0000000)
 Metaspace       used 44701K, capacity 46684K, committed 46956K, reserved 1089536K
  class space    used 5549K, capacity 5950K, committed 6008K, reserved 1048576K
}
2019-05-20T09:32:49.457+0800: 9.929: Application time: 0.0365095 seconds
2019-05-20T09:32:49.457+0800: 9.930: Application time: 0.0000608 seconds
2019-05-20T09:32:49.464+0800: 9.936: Application time: 0.0068166 seconds
2019-05-20T09:32:49.528+0800: 10.000: Application time: 0.0636228 seconds
2019-05-20T09:32:49.528+0800: 10.000: Application time: 0.0000583 seconds
2019-05-20T09:32:49.589+0800: 10.062: Application time: 0.0614783 seconds
2019-05-20T09:32:49.998+0800: 10.471: Application time: 0.4089699 seconds
2019-05-20T09:32:50.293+0800: 10.765: Application time: 0.2938626 seconds
2019-05-20T09:32:50.293+0800: 10.765: Application time: 0.0000686 seconds
2019-05-20T09:32:50.402+0800: 10.875: Application time: 0.1093514 seconds
2019-05-20T09:32:50.404+0800: 10.877: Application time: 0.0018105 seconds
2019-05-20T09:32:50.413+0800: 10.885: Application time: 0.0081797 seconds
{Heap before GC invocations=35 (full 2):
 par new generation   total 114880K, used 106450K [0x000000064b400000, 0x00000006530a0000, 0x00000006600c0000)
  eden space 102144K, 100% used [0x000000064b400000, 0x00000006517c0000, 0x00000006517c0000)
  from space 12736K,  33% used [0x0000000652430000, 0x0000000652864940, 0x00000006530a0000)
  to   space 12736K,   0% used [0x00000006517c0000, 0x00000006517c0000, 0x0000000652430000)
 concurrent mark-sweep generation total 255360K, used 34273K [0x00000006600c0000, 0x000000066fa20000, 0x00000007c0000000)
 Metaspace       used 47579K, capacity 49548K, committed 49772K, reserved 1093632K
  class space    used 5832K, capacity 6220K, committed 6264K, reserved 1048576K
2019-05-20T09:32:50.413+0800: 10.886: [GC (Allocation Failure) 2019-05-20T09:32:50.413+0800: 10.886: [ParNew: 106450K->7103K(114880K), 0.0094496 secs] 140724K->41377K(370240K), 0.0095015 secs] [Times: user=0.04 sys=0.00, real=0.01 secs] 
Heap after GC invocations=36 (full 2):
 par new generation   total 114880K, used 7103K [0x000000064b400000, 0x00000006530a0000, 0x00000006600c0000)
  eden space 102144K,   0% used [0x000000064b400000, 0x000000064b400000, 0x00000006517c0000)
  from space 12736K,  55% used [0x00000006517c0000, 0x0000000651eafdb0, 0x0000000652430000)
  to   space 12736K,   0% used [0x0000000652430000, 0x0000000652430000, 0x00000006530a0000)
 concurrent mark-sweep generation total 255360K, used 34273K [0x00000006600c0000, 0x000000066fa20000, 0x00000007c0000000)
 Metaspace       used 47579K, capacity 49548K, committed 49772K, reserved 1093632K
  class space    used 5832K, capacity 6220K, committed 6264K, reserved 1048576K
}
2019-05-20T09:32:50.423+0800: 10.896: Application time: 0.0010629 seconds
2019-05-20T09:32:50.428+0800: 10.901: Application time: 0.0047216 seconds
2019-05-20T09:32:50.758+0800: 11.231: Application time: 0.3298359 seconds
{Heap before GC invocations=36 (full 2):
 par new generation   total 114880K, used 109247K [0x000000064b400000, 0x00000006530a0000, 0x00000006600c0000)
  eden space 102144K, 100% used [0x000000064b400000, 0x00000006517c0000, 0x00000006517c0000)
  from space 12736K,  55% used [0x00000006517c0000, 0x0000000651eafdb0, 0x0000000652430000)
  to   space 12736K,   0% used [0x0000000652430000, 0x0000000652430000, 0x00000006530a0000)
 concurrent mark-sweep generation total 255360K, used 34273K [0x00000006600c0000, 0x000000066fa20000, 0x00000007c0000000)
 Metaspace       used 49704K, capacity 51698K, committed 52204K, reserved 1095680K
  class space    used 6154K, capacity 6547K, committed 6648K, reserved 1048576K
2019-05-20T09:32:50.759+0800: 11.231: [GC (Allocation Failure) 2019-05-20T09:32:50.759+0800: 11.231: [ParNew: 109247K->8453K(114880K), 0.0076083 secs] 143521K->42726K(370240K), 0.0076558 secs] [Times: user=0.04 sys=0.00, real=0.01 secs] 
Heap after GC invocations=37 (full 2):
 par new generation   total 114880K, used 8453K [0x000000064b400000, 0x00000006530a0000, 0x00000006600c0000)
  eden space 102144K,   0% used [0x000000064b400000, 0x000000064b400000, 0x00000006517c0000)
  from space 12736K,  66% used [0x0000000652430000, 0x0000000652c71428, 0x00000006530a0000)
  to   space 12736K,   0% used [0x00000006517c0000, 0x00000006517c0000, 0x0000000652430000)
 concurrent mark-sweep generation total 255360K, used 34273K [0x00000006600c0000, 0x000000066fa20000, 0x00000007c0000000)
 Metaspace       used 49704K, capacity 51698K, committed 52204K, reserved 1095680K
  class space    used 6154K, capacity 6547K, committed 6648K, reserved 1048576K
}
2019-05-20T09:32:50.912+0800: 11.384: Application time: 0.1452434 seconds
{Heap before GC invocations=37 (full 2):
 par new generation   total 114880K, used 110597K [0x000000064b400000, 0x00000006530a0000, 0x00000006600c0000)
  eden space 102144K, 100% used [0x000000064b400000, 0x00000006517c0000, 0x00000006517c0000)
  from space 12736K,  66% used [0x0000000652430000, 0x0000000652c71428, 0x00000006530a0000)
  to   space 12736K,   0% used [0x00000006517c0000, 0x00000006517c0000, 0x0000000652430000)
 concurrent mark-sweep generation total 255360K, used 34273K [0x00000006600c0000, 0x000000066fa20000, 0x00000007c0000000)
 Metaspace       used 50262K, capacity 52306K, committed 52716K, reserved 1095680K
  class space    used 6224K, capacity 6643K, committed 6648K, reserved 1048576K
2019-05-20T09:32:50.912+0800: 11.384: [GC (Allocation Failure) 2019-05-20T09:32:50.912+0800: 11.384: [ParNew: 110597K->9754K(114880K), 0.0243790 secs] 144870K->44027K(370240K), 0.0244451 secs] [Times: user=0.11 sys=0.00, real=0.02 secs] 
Heap after GC invocations=38 (full 2):
 par new generation   total 114880K, used 9754K [0x000000064b400000, 0x00000006530a0000, 0x00000006600c0000)
  eden space 102144K,   0% used [0x000000064b400000, 0x000000064b400000, 0x00000006517c0000)
  from space 12736K,  76% used [0x00000006517c0000, 0x0000000652146870, 0x0000000652430000)
  to   space 12736K,   0% used [0x0000000652430000, 0x0000000652430000, 0x00000006530a0000)
 concurrent mark-sweep generation total 255360K, used 34273K [0x00000006600c0000, 0x000000066fa20000, 0x00000007c0000000)
 Metaspace       used 50262K, capacity 52306K, committed 52716K, reserved 1095680K
  class space    used 6224K, capacity 6643K, committed 6648K, reserved 1048576K
}
2019-05-20T09:32:51.193+0800: 11.666: Application time: 0.2568063 seconds
2019-05-20T09:32:51.239+0800: 11.712: Application time: 0.0457585 seconds
{Heap before GC invocations=38 (full 2):
 par new generation   total 114880K, used 111898K [0x000000064b400000, 0x00000006530a0000, 0x00000006600c0000)
  eden space 102144K, 100% used [0x000000064b400000, 0x00000006517c0000, 0x00000006517c0000)
  from space 12736K,  76% used [0x00000006517c0000, 0x0000000652146870, 0x0000000652430000)
  to   space 12736K,   0% used [0x0000000652430000, 0x0000000652430000, 0x00000006530a0000)
 concurrent mark-sweep generation total 255360K, used 34273K [0x00000006600c0000, 0x000000066fa20000, 0x00000007c0000000)
 Metaspace       used 52163K, capacity 54176K, committed 54636K, reserved 1097728K
  class space    used 6571K, capacity 6970K, committed 7032K, reserved 1048576K
2019-05-20T09:32:51.528+0800: 12.001: [GC (Allocation Failure) 2019-05-20T09:32:51.528+0800: 12.001: [ParNew: 111898K->8267K(114880K), 0.0153894 secs] 146171K->42541K(370240K), 0.0154525 secs] [Times: user=0.05 sys=0.00, real=0.02 secs] 
Heap after GC invocations=39 (full 2):
 par new generation   total 114880K, used 8267K [0x000000064b400000, 0x00000006530a0000, 0x00000006600c0000)
  eden space 102144K,   0% used [0x000000064b400000, 0x000000064b400000, 0x00000006517c0000)
  from space 12736K,  64% used [0x0000000652430000, 0x0000000652c42da8, 0x00000006530a0000)
  to   space 12736K,   0% used [0x00000006517c0000, 0x00000006517c0000, 0x0000000652430000)
 concurrent mark-sweep generation total 255360K, used 34273K [0x00000006600c0000, 0x000000066fa20000, 0x00000007c0000000)
 Metaspace       used 52163K, capacity 54176K, committed 54636K, reserved 1097728K
  class space    used 6571K, capacity 6970K, committed 7032K, reserved 1048576K
}
2019-05-20T09:32:51.668+0800: 12.141: Application time: 0.1239494 seconds
2019-05-20T09:32:51.682+0800: 12.155: Application time: 0.0137144 seconds
2019-05-20T09:32:51.896+0800: 12.369: Application time: 0.2135228 seconds
{Heap before GC invocations=39 (full 2):
 par new generation   total 114880K, used 110411K [0x000000064b400000, 0x00000006530a0000, 0x00000006600c0000)
  eden space 102144K, 100% used [0x000000064b400000, 0x00000006517c0000, 0x00000006517c0000)
  from space 12736K,  64% used [0x0000000652430000, 0x0000000652c42da8, 0x00000006530a0000)
  to   space 12736K,   0% used [0x00000006517c0000, 0x00000006517c0000, 0x0000000652430000)
 concurrent mark-sweep generation total 255360K, used 34273K [0x00000006600c0000, 0x000000066fa20000, 0x00000007c0000000)
 Metaspace       used 54328K, capacity 56356K, committed 56684K, reserved 1099776K
  class space    used 6856K, capacity 7264K, committed 7288K, reserved 1048576K
2019-05-20T09:32:51.896+0800: 12.369: [GC (Allocation Failure) 2019-05-20T09:32:51.896+0800: 12.369: [ParNew: 110411K->9441K(114880K), 0.0131461 secs] 144685K->44277K(370240K), 0.0132035 secs] [Times: user=0.06 sys=0.00, real=0.01 secs] 
Heap after GC invocations=40 (full 2):
 par new generation   total 114880K, used 9441K [0x000000064b400000, 0x00000006530a0000, 0x00000006600c0000)
  eden space 102144K,   0% used [0x000000064b400000, 0x000000064b400000, 0x00000006517c0000)
  from space 12736K,  74% used [0x00000006517c0000, 0x00000006520f8468, 0x0000000652430000)
  to   space 12736K,   0% used [0x0000000652430000, 0x0000000652430000, 0x00000006530a0000)
 concurrent mark-sweep generation total 255360K, used 34836K [0x00000006600c0000, 0x000000066fa20000, 0x00000007c0000000)
 Metaspace       used 54328K, capacity 56356K, committed 56684K, reserved 1099776K
  class space    used 6856K, capacity 7264K, committed 7288K, reserved 1048576K
}
2019-05-20T09:32:52.355+0800: 12.827: Application time: 0.4450290 seconds
2019-05-20T09:32:52.419+0800: 12.891: Application time: 0.0622996 seconds
{Heap before GC invocations=40 (full 2):
 par new generation   total 114880K, used 111585K [0x000000064b400000, 0x00000006530a0000, 0x00000006600c0000)
  eden space 102144K, 100% used [0x000000064b400000, 0x00000006517c0000, 0x00000006517c0000)
  from space 12736K,  74% used [0x00000006517c0000, 0x00000006520f8468, 0x0000000652430000)
  to   space 12736K,   0% used [0x0000000652430000, 0x0000000652430000, 0x00000006530a0000)
 concurrent mark-sweep generation total 255360K, used 34836K [0x00000006600c0000, 0x000000066fa20000, 0x00000007c0000000)
 Metaspace       used 56557K, capacity 58600K, committed 59116K, reserved 1101824K
  class space    used 7146K, capacity 7550K, committed 7672K, reserved 1048576K
2019-05-20T09:32:52.419+0800: 12.892: [GC (Allocation Failure) 2019-05-20T09:32:52.419+0800: 12.892: [ParNew: 111585K->9233K(114880K), 0.0108333 secs] 146421K->44848K(370240K), 0.0108945 secs] [Times: user=0.05 sys=0.00, real=0.01 secs] 
Heap after GC invocations=41 (full 2):
 par new generation   total 114880K, used 9233K [0x000000064b400000, 0x00000006530a0000, 0x00000006600c0000)
  eden space 102144K,   0% used [0x000000064b400000, 0x000000064b400000, 0x00000006517c0000)
  from space 12736K,  72% used [0x0000000652430000, 0x0000000652d34648, 0x00000006530a0000)
  to   space 12736K,   0% used [0x00000006517c0000, 0x00000006517c0000, 0x0000000652430000)
 concurrent mark-sweep generation total 255360K, used 35615K [0x00000006600c0000, 0x000000066fa20000, 0x00000007c0000000)
 Metaspace       used 56557K, capacity 58600K, committed 59116K, reserved 1101824K
  class space    used 7146K, capacity 7550K, committed 7672K, reserved 1048576K
}
2019-05-20T09:32:52.451+0800: 12.923: Application time: 0.0208325 seconds
2019-05-20T09:32:52.882+0800: 13.355: Application time: 0.4296785 seconds
{Heap before GC invocations=41 (full 2):
 par new generation   total 114880K, used 111377K [0x000000064b400000, 0x00000006530a0000, 0x00000006600c0000)
  eden space 102144K, 100% used [0x000000064b400000, 0x00000006517c0000, 0x00000006517c0000)
  from space 12736K,  72% used [0x0000000652430000, 0x0000000652d34648, 0x00000006530a0000)
  to   space 12736K,   0% used [0x00000006517c0000, 0x00000006517c0000, 0x0000000652430000)
 concurrent mark-sweep generation total 255360K, used 35615K [0x00000006600c0000, 0x000000066fa20000, 0x00000007c0000000)
 Metaspace       used 57870K, capacity 60022K, committed 60524K, reserved 1101824K
  class space    used 7297K, capacity 7719K, committed 7800K, reserved 1048576K
2019-05-20T09:32:52.882+0800: 13.355: [GC (Allocation Failure) 2019-05-20T09:32:52.882+0800: 13.355: [ParNew: 111377K->8746K(114880K), 0.0242646 secs] 146992K->44921K(370240K), 0.0243203 secs] [Times: user=0.04 sys=0.00, real=0.02 secs] 
Heap after GC invocations=42 (full 2):
 par new generation   total 114880K, used 8746K [0x000000064b400000, 0x00000006530a0000, 0x00000006600c0000)
  eden space 102144K,   0% used [0x000000064b400000, 0x000000064b400000, 0x00000006517c0000)
  from space 12736K,  68% used [0x00000006517c0000, 0x000000065204abb0, 0x0000000652430000)
  to   space 12736K,   0% used [0x0000000652430000, 0x0000000652430000, 0x00000006530a0000)
 concurrent mark-sweep generation total 255360K, used 36174K [0x00000006600c0000, 0x000000066fa20000, 0x00000007c0000000)
 Metaspace       used 57870K, capacity 60022K, committed 60524K, reserved 1101824K
  class space    used 7297K, capacity 7719K, committed 7800K, reserved 1048576K
}
2019-05-20T09:32:52.996+0800: 13.469: Application time: 0.0892693 seconds
2019-05-20T09:32:53.003+0800: 13.476: Application time: 0.0073016 seconds
2019-05-20T09:32:53.086+0800: 13.559: Application time: 0.0829271 seconds
2019-05-20T09:32:53.682+0800: 14.155: Application time: 0.5955315 seconds
2019-05-20T09:32:53.809+0800: 14.282: Application time: 0.1266254 seconds
2019-05-20T09:32:53.809+0800: 14.282: Application time: 0.0000551 seconds
2019-05-20T09:32:53.958+0800: 14.431: Application time: 0.1489122 seconds
2019-05-20T09:32:53.959+0800: 14.431: Application time: 0.0000832 seconds
2019-05-20T09:32:53.987+0800: 14.460: Application time: 0.0281982 seconds
{Heap before GC invocations=42 (full 2):
 par new generation   total 114880K, used 110890K [0x000000064b400000, 0x00000006530a0000, 0x00000006600c0000)
  eden space 102144K, 100% used [0x000000064b400000, 0x00000006517c0000, 0x00000006517c0000)
  from space 12736K,  68% used [0x00000006517c0000, 0x000000065204abb0, 0x0000000652430000)
  to   space 12736K,   0% used [0x0000000652430000, 0x0000000652430000, 0x00000006530a0000)
 concurrent mark-sweep generation total 255360K, used 36174K [0x00000006600c0000, 0x000000066fa20000, 0x00000007c0000000)
 Metaspace       used 60890K, capacity 63450K, committed 63596K, reserved 1103872K
  class space    used 7725K, capacity 8203K, committed 8312K, reserved 1048576K
2019-05-20T09:32:53.987+0800: 14.460: [GC (Allocation Failure) 2019-05-20T09:32:53.987+0800: 14.460: [ParNew: 110890K->10403K(114880K), 0.0296638 secs] 147065K->47281K(370240K), 0.0297265 secs] [Times: user=0.13 sys=0.00, real=0.03 secs] 
Heap after GC invocations=43 (full 2):
 par new generation   total 114880K, used 10403K [0x000000064b400000, 0x00000006530a0000, 0x00000006600c0000)
  eden space 102144K,   0% used [0x000000064b400000, 0x000000064b400000, 0x00000006517c0000)
  from space 12736K,  81% used [0x0000000652430000, 0x0000000652e58c78, 0x00000006530a0000)
  to   space 12736K,   0% used [0x00000006517c0000, 0x00000006517c0000, 0x0000000652430000)
 concurrent mark-sweep generation total 255360K, used 36877K [0x00000006600c0000, 0x000000066fa20000, 0x00000007c0000000)
 Metaspace       used 60890K, capacity 63450K, committed 63596K, reserved 1103872K
  class space    used 7725K, capacity 8203K, committed 8312K, reserved 1048576K
}
2019-05-20T09:32:54.095+0800: 14.567: Application time: 0.0777905 seconds
2019-05-20T09:32:54.119+0800: 14.592: Application time: 0.0225861 seconds
2019-05-20T09:32:54.269+0800: 14.741: Application time: 0.1492577 seconds
2019-05-20T09:32:54.282+0800: 14.755: Application time: 0.0130770 seconds
2019-05-20T09:32:54.625+0800: 15.098: Application time: 0.3422517 seconds
{Heap before GC invocations=43 (full 2):
 par new generation   total 114880K, used 112547K [0x000000064b400000, 0x00000006530a0000, 0x00000006600c0000)
  eden space 102144K, 100% used [0x000000064b400000, 0x00000006517c0000, 0x00000006517c0000)
  from space 12736K,  81% used [0x0000000652430000, 0x0000000652e58c78, 0x00000006530a0000)
  to   space 12736K,   0% used [0x00000006517c0000, 0x00000006517c0000, 0x0000000652430000)
 concurrent mark-sweep generation total 255360K, used 36877K [0x00000006600c0000, 0x000000066fa20000, 0x00000007c0000000)
 Metaspace       used 63575K, capacity 66182K, committed 66412K, reserved 1107968K
  class space    used 8071K, capacity 8543K, committed 8568K, reserved 1048576K
2019-05-20T09:32:54.625+0800: 15.098: [GC (Allocation Failure) 2019-05-20T09:32:54.625+0800: 15.098: [ParNew: 112547K->9167K(114880K), 0.0297664 secs] 149425K->48255K(370240K), 0.0298275 secs] [Times: user=0.10 sys=0.00, real=0.03 secs] 
Heap after GC invocations=44 (full 2):
 par new generation   total 114880K, used 9167K [0x000000064b400000, 0x00000006530a0000, 0x00000006600c0000)
  eden space 102144K,   0% used [0x000000064b400000, 0x000000064b400000, 0x00000006517c0000)
  from space 12736K,  71% used [0x00000006517c0000, 0x00000006520b3f00, 0x0000000652430000)
  to   space 12736K,   0% used [0x0000000652430000, 0x0000000652430000, 0x00000006530a0000)
 concurrent mark-sweep generation total 255360K, used 39088K [0x00000006600c0000, 0x000000066fa20000, 0x00000007c0000000)
 Metaspace       used 63575K, capacity 66182K, committed 66412K, reserved 1107968K
  class space    used 8071K, capacity 8543K, committed 8568K, reserved 1048576K
}
2019-05-20T09:32:55.246+0800: 15.719: Application time: 0.5911973 seconds
{Heap before GC invocations=44 (full 2):
 par new generation   total 114880K, used 111311K [0x000000064b400000, 0x00000006530a0000, 0x00000006600c0000)
  eden space 102144K, 100% used [0x000000064b400000, 0x00000006517c0000, 0x00000006517c0000)
  from space 12736K,  71% used [0x00000006517c0000, 0x00000006520b3f00, 0x0000000652430000)
  to   space 12736K,   0% used [0x0000000652430000, 0x0000000652430000, 0x00000006530a0000)
 concurrent mark-sweep generation total 255360K, used 39088K [0x00000006600c0000, 0x000000066fa20000, 0x00000007c0000000)
 Metaspace       used 63946K, capacity 66590K, committed 66796K, reserved 1107968K
  class space    used 8121K, capacity 8611K, committed 8696K, reserved 1048576K
2019-05-20T09:32:55.247+0800: 15.720: [GC (Allocation Failure) 2019-05-20T09:32:55.247+0800: 15.720: [ParNew: 111311K->10436K(114880K), 0.0370726 secs] 150399K->49524K(370240K), 0.0371290 secs] [Times: user=0.08 sys=0.00, real=0.04 secs] 
Heap after GC invocations=45 (full 2):
 par new generation   total 114880K, used 10436K [0x000000064b400000, 0x00000006530a0000, 0x00000006600c0000)
  eden space 102144K,   0% used [0x000000064b400000, 0x000000064b400000, 0x00000006517c0000)
  from space 12736K,  81% used [0x0000000652430000, 0x0000000652e610b0, 0x00000006530a0000)
  to   space 12736K,   0% used [0x00000006517c0000, 0x00000006517c0000, 0x0000000652430000)
 concurrent mark-sweep generation total 255360K, used 39088K [0x00000006600c0000, 0x000000066fa20000, 0x00000007c0000000)
 Metaspace       used 63946K, capacity 66590K, committed 66796K, reserved 1107968K
  class space    used 8121K, capacity 8611K, committed 8696K, reserved 1048576K
}
2019-05-20T09:32:55.555+0800: 16.028: Application time: 0.2710618 seconds
2019-05-20T09:32:55.721+0800: 16.193: Application time: 0.1654383 seconds
{Heap before GC invocations=45 (full 2):
 par new generation   total 114880K, used 112580K [0x000000064b400000, 0x00000006530a0000, 0x00000006600c0000)
  eden space 102144K, 100% used [0x000000064b400000, 0x00000006517c0000, 0x00000006517c0000)
  from space 12736K,  81% used [0x0000000652430000, 0x0000000652e610b0, 0x00000006530a0000)
  to   space 12736K,   0% used [0x00000006517c0000, 0x00000006517c0000, 0x0000000652430000)
 concurrent mark-sweep generation total 255360K, used 39088K [0x00000006600c0000, 0x000000066fa20000, 0x00000007c0000000)
 Metaspace       used 64145K, capacity 66754K, committed 67052K, reserved 1107968K
  class space    used 8145K, capacity 8619K, committed 8696K, reserved 1048576K
2019-05-20T09:32:55.721+0800: 16.194: [GC (Allocation Failure) 2019-05-20T09:32:55.721+0800: 16.194: [ParNew: 112580K->7176K(114880K), 0.1136401 secs] 151668K->47715K(370240K), 0.1136966 secs] [Times: user=0.33 sys=0.00, real=0.11 secs] 
Heap after GC invocations=46 (full 2):
 par new generation   total 114880K, used 7176K [0x000000064b400000, 0x00000006530a0000, 0x00000006600c0000)
  eden space 102144K,   0% used [0x000000064b400000, 0x000000064b400000, 0x00000006517c0000)
  from space 12736K,  56% used [0x00000006517c0000, 0x0000000651ec2010, 0x0000000652430000)
  to   space 12736K,   0% used [0x0000000652430000, 0x0000000652430000, 0x00000006530a0000)
 concurrent mark-sweep generation total 255360K, used 40539K [0x00000006600c0000, 0x000000066fa20000, 0x00000007c0000000)
 Metaspace       used 64145K, capacity 66754K, committed 67052K, reserved 1107968K
  class space    used 8145K, capacity 8619K, committed 8696K, reserved 1048576K
}
2019-05-20T09:32:56.320+0800: 16.793: Application time: 0.4852512 seconds
{Heap before GC invocations=46 (full 2):
 par new generation   total 114880K, used 109320K [0x000000064b400000, 0x00000006530a0000, 0x00000006600c0000)
  eden space 102144K, 100% used [0x000000064b400000, 0x00000006517c0000, 0x00000006517c0000)
  from space 12736K,  56% used [0x00000006517c0000, 0x0000000651ec2010, 0x0000000652430000)
  to   space 12736K,   0% used [0x0000000652430000, 0x0000000652430000, 0x00000006530a0000)
 concurrent mark-sweep generation total 255360K, used 40539K [0x00000006600c0000, 0x000000066fa20000, 0x00000007c0000000)
 Metaspace       used 64534K, capacity 67234K, committed 67308K, reserved 1107968K
  class space    used 8189K, capacity 8673K, committed 8696K, reserved 1048576K
2019-05-20T09:32:56.320+0800: 16.793: [GC (Allocation Failure) 2019-05-20T09:32:56.320+0800: 16.793: [ParNew: 109320K->7757K(114880K), 0.0245214 secs] 149859K->48297K(370240K), 0.0245797 secs] [Times: user=0.09 sys=0.00, real=0.02 secs] 
Heap after GC invocations=47 (full 2):
 par new generation   total 114880K, used 7757K [0x000000064b400000, 0x00000006530a0000, 0x00000006600c0000)
  eden space 102144K,   0% used [0x000000064b400000, 0x000000064b400000, 0x00000006517c0000)
  from space 12736K,  60% used [0x0000000652430000, 0x0000000652bc3640, 0x00000006530a0000)
  to   space 12736K,   0% used [0x00000006517c0000, 0x00000006517c0000, 0x0000000652430000)
 concurrent mark-sweep generation total 255360K, used 40539K [0x00000006600c0000, 0x000000066fa20000, 0x00000007c0000000)
 Metaspace       used 64534K, capacity 67234K, committed 67308K, reserved 1107968K
  class space    used 8189K, capacity 8673K, committed 8696K, reserved 1048576K
}
2019-05-20T09:32:56.450+0800: 16.922: Application time: 0.1047563 seconds
2019-05-20T09:32:56.450+0800: 16.922: Application time: 0.0000385 seconds
2019-05-20T09:32:56.476+0800: 16.949: Application time: 0.0261060 seconds
2019-05-20T09:32:56.718+0800: 17.190: Application time: 0.2411788 seconds
{Heap before GC invocations=47 (full 2):
 par new generation   total 114880K, used 109901K [0x000000064b400000, 0x00000006530a0000, 0x00000006600c0000)
  eden space 102144K, 100% used [0x000000064b400000, 0x00000006517c0000, 0x00000006517c0000)
  from space 12736K,  60% used [0x0000000652430000, 0x0000000652bc3640, 0x00000006530a0000)
  to   space 12736K,   0% used [0x00000006517c0000, 0x00000006517c0000, 0x0000000652430000)
 concurrent mark-sweep generation total 255360K, used 40539K [0x00000006600c0000, 0x000000066fa20000, 0x00000007c0000000)
 Metaspace       used 64669K, capacity 67398K, committed 67692K, reserved 1107968K
  class space    used 8202K, capacity 8705K, committed 8824K, reserved 1048576K
2019-05-20T09:32:56.718+0800: 17.191: [GC (Allocation Failure) 2019-05-20T09:32:56.718+0800: 17.191: [ParNew: 109901K->7175K(114880K), 0.0231674 secs] 150441K->47715K(370240K), 0.0232214 secs] [Times: user=0.07 sys=0.00, real=0.03 secs] 
Heap after GC invocations=48 (full 2):
 par new generation   total 114880K, used 7175K [0x000000064b400000, 0x00000006530a0000, 0x00000006600c0000)
  eden space 102144K,   0% used [0x000000064b400000, 0x000000064b400000, 0x00000006517c0000)
  from space 12736K,  56% used [0x00000006517c0000, 0x0000000651ec1e80, 0x0000000652430000)
  to   space 12736K,   0% used [0x0000000652430000, 0x0000000652430000, 0x00000006530a0000)
 concurrent mark-sweep generation total 255360K, used 40539K [0x00000006600c0000, 0x000000066fa20000, 0x00000007c0000000)
 Metaspace       used 64669K, capacity 67398K, committed 67692K, reserved 1107968K
  class space    used 8202K, capacity 8705K, committed 8824K, reserved 1048576K
}
2019-05-20T09:32:56.972+0800: 17.445: Application time: 0.2310859 seconds
{Heap before GC invocations=48 (full 2):
 par new generation   total 114880K, used 109319K [0x000000064b400000, 0x00000006530a0000, 0x00000006600c0000)
  eden space 102144K, 100% used [0x000000064b400000, 0x00000006517c0000, 0x00000006517c0000)
  from space 12736K,  56% used [0x00000006517c0000, 0x0000000651ec1e80, 0x0000000652430000)
  to   space 12736K,   0% used [0x0000000652430000, 0x0000000652430000, 0x00000006530a0000)
 concurrent mark-sweep generation total 255360K, used 40539K [0x00000006600c0000, 0x000000066fa20000, 0x00000007c0000000)
 Metaspace       used 64815K, capacity 67528K, committed 67692K, reserved 1107968K
  class space    used 8225K, capacity 8706K, committed 8824K, reserved 1048576K
2019-05-20T09:32:56.973+0800: 17.445: [GC (Allocation Failure) 2019-05-20T09:32:56.973+0800: 17.445: [ParNew: 109319K->9286K(114880K), 0.0206019 secs] 149859K->49826K(370240K), 0.0206541 secs] [Times: user=0.08 sys=0.00, real=0.02 secs] 
Heap after GC invocations=49 (full 2):
 par new generation   total 114880K, used 9286K [0x000000064b400000, 0x00000006530a0000, 0x00000006600c0000)
  eden space 102144K,   0% used [0x000000064b400000, 0x000000064b400000, 0x00000006517c0000)
  from space 12736K,  72% used [0x0000000652430000, 0x0000000652d41948, 0x00000006530a0000)
  to   space 12736K,   0% used [0x00000006517c0000, 0x00000006517c0000, 0x0000000652430000)
 concurrent mark-sweep generation total 255360K, used 40539K [0x00000006600c0000, 0x000000066fa20000, 0x00000007c0000000)
 Metaspace       used 64815K, capacity 67528K, committed 67692K, reserved 1107968K
  class space    used 8225K, capacity 8706K, committed 8824K, reserved 1048576K
}
2019-05-20T09:32:57.271+0800: 17.743: Application time: 0.2772696 seconds
{Heap before GC invocations=49 (full 2):
 par new generation   total 114880K, used 111430K [0x000000064b400000, 0x00000006530a0000, 0x00000006600c0000)
  eden space 102144K, 100% used [0x000000064b400000, 0x00000006517c0000, 0x00000006517c0000)
  from space 12736K,  72% used [0x0000000652430000, 0x0000000652d41948, 0x00000006530a0000)
  to   space 12736K,   0% used [0x00000006517c0000, 0x00000006517c0000, 0x0000000652430000)
 concurrent mark-sweep generation total 255360K, used 40539K [0x00000006600c0000, 0x000000066fa20000, 0x00000007c0000000)
 Metaspace       used 65019K, capacity 67710K, committed 67948K, reserved 1107968K
  class space    used 8249K, capacity 8743K, committed 8824K, reserved 1048576K
2019-05-20T09:32:57.271+0800: 17.743: [GC (Allocation Failure) 2019-05-20T09:32:57.271+0800: 17.743: [ParNew: 111430K->8094K(114880K), 0.0278974 secs] 151970K->50138K(370240K), 0.0279528 secs] [Times: user=0.09 sys=0.00, real=0.03 secs] 
Heap after GC invocations=50 (full 2):
 par new generation   total 114880K, used 8094K [0x000000064b400000, 0x00000006530a0000, 0x00000006600c0000)
  eden space 102144K,   0% used [0x000000064b400000, 0x000000064b400000, 0x00000006517c0000)
  from space 12736K,  63% used [0x00000006517c0000, 0x0000000651fa7aa8, 0x0000000652430000)
  to   space 12736K,   0% used [0x0000000652430000, 0x0000000652430000, 0x00000006530a0000)
 concurrent mark-sweep generation total 255360K, used 42043K [0x00000006600c0000, 0x000000066fa20000, 0x00000007c0000000)
 Metaspace       used 65019K, capacity 67710K, committed 67948K, reserved 1107968K
  class space    used 8249K, capacity 8743K, committed 8824K, reserved 1048576K
}
2019-05-20T09:32:57.697+0800: 18.169: Application time: 0.3979888 seconds
{Heap before GC invocations=50 (full 2):
 par new generation   total 114880K, used 110238K [0x000000064b400000, 0x00000006530a0000, 0x00000006600c0000)
  eden space 102144K, 100% used [0x000000064b400000, 0x00000006517c0000, 0x00000006517c0000)
  from space 12736K,  63% used [0x00000006517c0000, 0x0000000651fa7aa8, 0x0000000652430000)
  to   space 12736K,   0% used [0x0000000652430000, 0x0000000652430000, 0x00000006530a0000)
 concurrent mark-sweep generation total 255360K, used 42043K [0x00000006600c0000, 0x000000066fa20000, 0x00000007c0000000)
 Metaspace       used 65234K, capacity 67996K, committed 68204K, reserved 1107968K
  class space    used 8273K, capacity 8814K, committed 8824K, reserved 1048576K
2019-05-20T09:32:57.697+0800: 18.170: [GC (Allocation Failure) 2019-05-20T09:32:57.697+0800: 18.170: [ParNew: 110238K->8605K(114880K), 0.0242461 secs] 152282K->50648K(370240K), 0.0242898 secs] [Times: user=0.08 sys=0.00, real=0.03 secs] 
Heap after GC invocations=51 (full 2):
 par new generation   total 114880K, used 8605K [0x000000064b400000, 0x00000006530a0000, 0x00000006600c0000)
  eden space 102144K,   0% used [0x000000064b400000, 0x000000064b400000, 0x00000006517c0000)
  from space 12736K,  67% used [0x0000000652430000, 0x0000000652c974c0, 0x00000006530a0000)
  to   space 12736K,   0% used [0x00000006517c0000, 0x00000006517c0000, 0x0000000652430000)
 concurrent mark-sweep generation total 255360K, used 42043K [0x00000006600c0000, 0x000000066fa20000, 0x00000007c0000000)
 Metaspace       used 65234K, capacity 67996K, committed 68204K, reserved 1107968K
  class space    used 8273K, capacity 8814K, committed 8824K, reserved 1048576K
}
2019-05-20T09:32:57.934+0800: 18.407: Application time: 0.2125731 seconds
{Heap before GC invocations=51 (full 2):
 par new generation   total 114880K, used 110749K [0x000000064b400000, 0x00000006530a0000, 0x00000006600c0000)
  eden space 102144K, 100% used [0x000000064b400000, 0x00000006517c0000, 0x00000006517c0000)
  from space 12736K,  67% used [0x0000000652430000, 0x0000000652c974c0, 0x00000006530a0000)
  to   space 12736K,   0% used [0x00000006517c0000, 0x00000006517c0000, 0x0000000652430000)
 concurrent mark-sweep generation total 255360K, used 42043K [0x00000006600c0000, 0x000000066fa20000, 0x00000007c0000000)
 Metaspace       used 65320K, capacity 68072K, committed 68204K, reserved 1107968K
  class space    used 8283K, capacity 8816K, committed 8824K, reserved 1048576K
2019-05-20T09:32:57.934+0800: 18.407: [GC (Allocation Failure) 2019-05-20T09:32:57.934+0800: 18.407: [ParNew: 110749K->9070K(114880K), 0.0320805 secs] 152792K->51905K(370240K), 0.0321418 secs] [Times: user=0.09 sys=0.00, real=0.03 secs] 
Heap after GC invocations=52 (full 2):
 par new generation   total 114880K, used 9070K [0x000000064b400000, 0x00000006530a0000, 0x00000006600c0000)
  eden space 102144K,   0% used [0x000000064b400000, 0x000000064b400000, 0x00000006517c0000)
  from space 12736K,  71% used [0x00000006517c0000, 0x000000065209b9d0, 0x0000000652430000)
  to   space 12736K,   0% used [0x0000000652430000, 0x0000000652430000, 0x00000006530a0000)
 concurrent mark-sweep generation total 255360K, used 42835K [0x00000006600c0000, 0x000000066fa20000, 0x00000007c0000000)
 Metaspace       used 65320K, capacity 68072K, committed 68204K, reserved 1107968K
  class space    used 8283K, capacity 8816K, committed 8824K, reserved 1048576K
}
2019-05-20T09:32:58.041+0800: 18.514: Application time: 0.0747456 seconds
2019-05-20T09:32:58.151+0800: 18.624: Application time: 0.1093065 seconds
2019-05-20T09:32:58.210+0800: 18.682: Application time: 0.0578094 seconds
2019-05-20T09:32:58.325+0800: 18.798: Application time: 0.1147188 seconds
{Heap before GC invocations=52 (full 2):
 par new generation   total 114880K, used 111214K [0x000000064b400000, 0x00000006530a0000, 0x00000006600c0000)
  eden space 102144K, 100% used [0x000000064b400000, 0x00000006517c0000, 0x00000006517c0000)
  from space 12736K,  71% used [0x00000006517c0000, 0x000000065209b9d0, 0x0000000652430000)
  to   space 12736K,   0% used [0x0000000652430000, 0x0000000652430000, 0x00000006530a0000)
 concurrent mark-sweep generation total 255360K, used 42835K [0x00000006600c0000, 0x000000066fa20000, 0x00000007c0000000)
 Metaspace       used 65989K, capacity 68824K, committed 69100K, reserved 1110016K
  class space    used 8379K, capacity 8916K, committed 8952K, reserved 1048576K
2019-05-20T09:32:58.325+0800: 18.798: [GC (Allocation Failure) 2019-05-20T09:32:58.325+0800: 18.798: [ParNew: 111214K->9061K(114880K), 0.0230918 secs] 154049K->52713K(370240K), 0.0231484 secs] [Times: user=0.08 sys=0.00, real=0.02 secs] 
Heap after GC invocations=53 (full 2):
 par new generation   total 114880K, used 9061K [0x000000064b400000, 0x00000006530a0000, 0x00000006600c0000)
  eden space 102144K,   0% used [0x000000064b400000, 0x000000064b400000, 0x00000006517c0000)
  from space 12736K,  71% used [0x0000000652430000, 0x0000000652d097d0, 0x00000006530a0000)
  to   space 12736K,   0% used [0x00000006517c0000, 0x00000006517c0000, 0x0000000652430000)
 concurrent mark-sweep generation total 255360K, used 43651K [0x00000006600c0000, 0x000000066fa20000, 0x00000007c0000000)
 Metaspace       used 65989K, capacity 68824K, committed 69100K, reserved 1110016K
  class space    used 8379K, capacity 8916K, committed 8952K, reserved 1048576K
}
2019-05-20T09:32:58.349+0800: 18.822: Application time: 0.0005914 seconds
2019-05-20T09:32:58.350+0800: 18.822: Application time: 0.0003849 seconds
2019-05-20T09:32:58.630+0800: 19.103: Application time: 0.2801821 seconds
2019-05-20T09:32:58.724+0800: 19.196: Application time: 0.0930157 seconds
2019-05-20T09:32:58.764+0800: 19.236: Application time: 0.0395252 seconds
2019-05-20T09:32:58.769+0800: 19.241: Application time: 0.0042842 seconds
2019-05-20T09:32:58.842+0800: 19.315: Application time: 0.0725422 seconds
2019-05-20T09:32:58.847+0800: 19.319: Application time: 0.0039630 seconds
{Heap before GC invocations=53 (full 2):
 par new generation   total 114880K, used 111205K [0x000000064b400000, 0x00000006530a0000, 0x00000006600c0000)
  eden space 102144K, 100% used [0x000000064b400000, 0x00000006517c0000, 0x00000006517c0000)
  from space 12736K,  71% used [0x0000000652430000, 0x0000000652d097d0, 0x00000006530a0000)
  to   space 12736K,   0% used [0x00000006517c0000, 0x00000006517c0000, 0x0000000652430000)
 concurrent mark-sweep generation total 255360K, used 43651K [0x00000006600c0000, 0x000000066fa20000, 0x00000007c0000000)
 Metaspace       used 67575K, capacity 70328K, committed 70636K, reserved 1110016K
  class space    used 8607K, capacity 9140K, committed 9208K, reserved 1048576K
2019-05-20T09:32:58.847+0800: 19.319: [GC (Allocation Failure) 2019-05-20T09:32:58.847+0800: 19.319: [ParNew: 111205K->9018K(114880K), 0.0348877 secs] 154857K->53621K(370240K), 0.0349555 secs] [Times: user=0.10 sys=0.00, real=0.04 secs] 
Heap after GC invocations=54 (full 2):
 par new generation   total 114880K, used 9018K [0x000000064b400000, 0x00000006530a0000, 0x00000006600c0000)
  eden space 102144K,   0% used [0x000000064b400000, 0x000000064b400000, 0x00000006517c0000)
  from space 12736K,  70% used [0x00000006517c0000, 0x000000065208ea10, 0x0000000652430000)
  to   space 12736K,   0% used [0x0000000652430000, 0x0000000652430000, 0x00000006530a0000)
 concurrent mark-sweep generation total 255360K, used 44602K [0x00000006600c0000, 0x000000066fa20000, 0x00000007c0000000)
 Metaspace       used 67575K, capacity 70328K, committed 70636K, reserved 1110016K
  class space    used 8607K, capacity 9140K, committed 9208K, reserved 1048576K
}
2019-05-20T09:32:58.885+0800: 19.357: Application time: 0.0027899 seconds
2019-05-20T09:32:59.408+0800: 19.881: Application time: 0.5237787 seconds
2019-05-20T09:32:59.598+0800: 20.071: Application time: 0.1888481 seconds
2019-05-20T09:32:59.627+0800: 20.100: Application time: 0.0289151 seconds
{Heap before GC invocations=54 (full 2):
 par new generation   total 114880K, used 111162K [0x000000064b400000, 0x00000006530a0000, 0x00000006600c0000)
  eden space 102144K, 100% used [0x000000064b400000, 0x00000006517c0000, 0x00000006517c0000)
  from space 12736K,  70% used [0x00000006517c0000, 0x000000065208ea10, 0x0000000652430000)
  to   space 12736K,   0% used [0x0000000652430000, 0x0000000652430000, 0x00000006530a0000)
 concurrent mark-sweep generation total 255360K, used 44602K [0x00000006600c0000, 0x000000066fa20000, 0x00000007c0000000)
 Metaspace       used 70093K, capacity 72908K, committed 73068K, reserved 1112064K
  class space    used 9005K, capacity 9538K, committed 9592K, reserved 1048576K
2019-05-20T09:32:59.629+0800: 20.102: [GC (Allocation Failure) 2019-05-20T09:32:59.629+0800: 20.102: [ParNew: 111162K->9684K(114880K), 0.0387769 secs] 155765K->54730K(370240K), 0.0388329 secs] [Times: user=0.12 sys=0.00, real=0.04 secs] 
Heap after GC invocations=55 (full 2):
 par new generation   total 114880K, used 9684K [0x000000064b400000, 0x00000006530a0000, 0x00000006600c0000)
  eden space 102144K,   0% used [0x000000064b400000, 0x000000064b400000, 0x00000006517c0000)
  from space 12736K,  76% used [0x0000000652430000, 0x0000000652da50d8, 0x00000006530a0000)
  to   space 12736K,   0% used [0x00000006517c0000, 0x00000006517c0000, 0x0000000652430000)
 concurrent mark-sweep generation total 255360K, used 45046K [0x00000006600c0000, 0x000000066fa20000, 0x00000007c0000000)
 Metaspace       used 70093K, capacity 72908K, committed 73068K, reserved 1112064K
  class space    used 9005K, capacity 9538K, committed 9592K, reserved 1048576K
}
2019-05-20T09:32:59.678+0800: 20.150: Application time: 0.0094740 seconds
2019-05-20T09:32:59.823+0800: 20.296: Application time: 0.1435491 seconds
2019-05-20T09:32:59.824+0800: 20.296: Application time: 0.0000770 seconds
2019-05-20T09:32:59.835+0800: 20.307: Application time: 0.0108482 seconds
2019-05-20T09:32:59.842+0800: 20.315: Application time: 0.0001092 seconds
2019-05-20T09:32:59.843+0800: 20.316: Application time: 0.0009404 seconds
2019-05-20T09:32:59.843+0800: 20.316: Application time: 0.0000590 seconds
2019-05-20T09:32:59.844+0800: 20.317: Application time: 0.0007295 seconds
2019-05-20T09:32:59.844+0800: 20.317: Application time: 0.0000547 seconds
2019-05-20T09:32:59.844+0800: 20.317: Application time: 0.0003311 seconds
2019-05-20T09:32:59.845+0800: 20.318: Application time: 0.0004989 seconds
2019-05-20T09:32:59.867+0800: 20.340: Application time: 0.0224057 seconds
2019-05-20T09:32:59.868+0800: 20.340: Application time: 0.0000779 seconds
2019-05-20T09:32:59.868+0800: 20.341: Application time: 0.0005900 seconds
2019-05-20T09:32:59.897+0800: 20.370: Application time: 0.0290901 seconds
2019-05-20T09:32:59.898+0800: 20.371: Application time: 0.0004662 seconds
2019-05-20T09:32:59.969+0800: 20.442: Application time: 0.0712288 seconds
2019-05-20T09:32:59.970+0800: 20.442: Application time: 0.0001911 seconds
2019-05-20T09:32:59.983+0800: 20.456: Application time: 0.0001962 seconds
2019-05-20T09:32:59.985+0800: 20.457: Application time: 0.0011947 seconds
2019-05-20T09:32:59.991+0800: 20.463: Application time: 0.0057199 seconds
2019-05-20T09:32:59.993+0800: 20.466: Application time: 0.0022049 seconds
2019-05-20T09:32:59.993+0800: 20.466: Application time: 0.0000568 seconds
2019-05-20T09:32:59.993+0800: 20.466: Application time: 0.0000452 seconds
2019-05-20T09:32:59.993+0800: 20.466: Application time: 0.0000660 seconds
2019-05-20T09:32:59.993+0800: 20.466: Application time: 0.0000456 seconds
2019-05-20T09:32:59.993+0800: 20.466: Application time: 0.0000448 seconds
2019-05-20T09:32:59.994+0800: 20.466: Application time: 0.0000455 seconds
2019-05-20T09:32:59.994+0800: 20.466: Application time: 0.0000468 seconds
2019-05-20T09:32:59.994+0800: 20.467: Application time: 0.0000441 seconds
2019-05-20T09:32:59.994+0800: 20.467: Application time: 0.0000454 seconds
2019-05-20T09:32:59.994+0800: 20.467: Application time: 0.0000441 seconds
2019-05-20T09:32:59.997+0800: 20.470: Application time: 0.0033700 seconds
2019-05-20T09:32:59.999+0800: 20.472: Application time: 0.0017189 seconds
2019-05-20T09:33:00.001+0800: 20.474: Application time: 0.0019154 seconds
2019-05-20T09:33:00.002+0800: 20.474: Application time: 0.0001556 seconds
2019-05-20T09:33:00.002+0800: 20.474: Application time: 0.0000359 seconds
2019-05-20T09:33:00.002+0800: 20.474: Application time: 0.0000404 seconds
2019-05-20T09:33:00.002+0800: 20.475: Application time: 0.0000711 seconds
2019-05-20T09:33:00.006+0800: 20.479: Application time: 0.0040007 seconds
2019-05-20T09:33:00.007+0800: 20.480: Application time: 0.0009089 seconds
2019-05-20T09:33:00.031+0800: 20.504: Application time: 0.0230894 seconds
2019-05-20T09:33:00.047+0800: 20.520: Application time: 0.0162077 seconds
2019-05-20T09:33:00.048+0800: 20.521: Application time: 0.0005971 seconds
2019-05-20T09:33:00.054+0800: 20.527: Application time: 0.0058229 seconds
2019-05-20T09:33:00.054+0800: 20.527: Application time: 0.0000594 seconds
2019-05-20T09:33:00.055+0800: 20.528: Application time: 0.0005598 seconds
2019-05-20T09:33:00.100+0800: 20.573: Application time: 0.0450145 seconds
{Heap before GC invocations=55 (full 2):
 par new generation   total 114880K, used 111828K [0x000000064b400000, 0x00000006530a0000, 0x00000006600c0000)
  eden space 102144K, 100% used [0x000000064b400000, 0x00000006517c0000, 0x00000006517c0000)
  from space 12736K,  76% used [0x0000000652430000, 0x0000000652da50d8, 0x00000006530a0000)
  to   space 12736K,   0% used [0x00000006517c0000, 0x00000006517c0000, 0x0000000652430000)
 concurrent mark-sweep generation total 255360K, used 45046K [0x00000006600c0000, 0x000000066fa20000, 0x00000007c0000000)
 Metaspace       used 70730K, capacity 73582K, committed 73708K, reserved 1114112K
  class space    used 9118K, capacity 9645K, committed 9720K, reserved 1048576K
2019-05-20T09:33:00.100+0800: 20.573: [GC (Allocation Failure) 2019-05-20T09:33:00.100+0800: 20.573: [ParNew: 111828K->7274K(114880K), 0.0128047 secs] 156874K->53168K(370240K), 0.0128781 secs] [Times: user=0.06 sys=0.00, real=0.01 secs] 
Heap after GC invocations=56 (full 2):
 par new generation   total 114880K, used 7274K [0x000000064b400000, 0x00000006530a0000, 0x00000006600c0000)
  eden space 102144K,   0% used [0x000000064b400000, 0x000000064b400000, 0x00000006517c0000)
  from space 12736K,  57% used [0x00000006517c0000, 0x0000000651eda918, 0x0000000652430000)
  to   space 12736K,   0% used [0x0000000652430000, 0x0000000652430000, 0x00000006530a0000)
 concurrent mark-sweep generation total 255360K, used 45893K [0x00000006600c0000, 0x000000066fa20000, 0x00000007c0000000)
 Metaspace       used 70730K, capacity 73582K, committed 73708K, reserved 1114112K
  class space    used 9118K, capacity 9645K, committed 9720K, reserved 1048576K
}
2019-05-20T09:33:00.113+0800: 20.586: Application time: 0.0001904 seconds
2019-05-20T09:33:00.147+0800: 20.620: Application time: 0.0334265 seconds
2019-05-20T09:33:00.147+0800: 20.620: Application time: 0.0002557 seconds
2019-05-20T09:33:00.207+0800: 20.680: Application time: 0.0597151 seconds
2019-05-20T09:33:01.207+0800: 21.680: Application time: 1.0002062 seconds
2019-05-20T09:33:01.326+0800: 21.799: Application time: 0.1178592 seconds
2019-05-20T09:33:02.339+0800: 22.812: Application time: 1.0103862 seconds
2019-05-20T09:33:02.755+0800: 23.228: Application time: 0.3713711 seconds
{Heap before GC invocations=56 (full 2):
 par new generation   total 114880K, used 109418K [0x000000064b400000, 0x00000006530a0000, 0x00000006600c0000)
  eden space 102144K, 100% used [0x000000064b400000, 0x00000006517c0000, 0x00000006517c0000)
  from space 12736K,  57% used [0x00000006517c0000, 0x0000000651eda918, 0x0000000652430000)
  to   space 12736K,   0% used [0x0000000652430000, 0x0000000652430000, 0x00000006530a0000)
 concurrent mark-sweep generation total 255360K, used 45893K [0x00000006600c0000, 0x000000066fa20000, 0x00000007c0000000)
 Metaspace       used 71830K, capacity 74846K, committed 75116K, reserved 1114112K
  class space    used 9197K, capacity 9759K, committed 9848K, reserved 1048576K
2019-05-20T09:33:02.755+0800: 23.228: [GC (Allocation Failure) 2019-05-20T09:33:02.755+0800: 23.228: [ParNew: 109418K->9447K(114880K), 0.0222367 secs] 155312K->55928K(370240K), 0.0223035 secs] [Times: user=0.08 sys=0.00, real=0.02 secs] 
Heap after GC invocations=57 (full 2):
 par new generation   total 114880K, used 9447K [0x000000064b400000, 0x00000006530a0000, 0x00000006600c0000)
  eden space 102144K,   0% used [0x000000064b400000, 0x000000064b400000, 0x00000006517c0000)
  from space 12736K,  74% used [0x0000000652430000, 0x0000000652d69ce8, 0x00000006530a0000)
  to   space 12736K,   0% used [0x00000006517c0000, 0x00000006517c0000, 0x0000000652430000)
 concurrent mark-sweep generation total 255360K, used 46481K [0x00000006600c0000, 0x000000066fa20000, 0x00000007c0000000)
 Metaspace       used 71830K, capacity 74846K, committed 75116K, reserved 1114112K
  class space    used 9197K, capacity 9759K, committed 9848K, reserved 1048576K
}
2019-05-20T09:33:03.278+0800: 23.751: Application time: 0.5008066 seconds
{Heap before GC invocations=57 (full 2):
 par new generation   total 114880K, used 111591K [0x000000064b400000, 0x00000006530a0000, 0x00000006600c0000)
  eden space 102144K, 100% used [0x000000064b400000, 0x00000006517c0000, 0x00000006517c0000)
  from space 12736K,  74% used [0x0000000652430000, 0x0000000652d69ce8, 0x00000006530a0000)
  to   space 12736K,   0% used [0x00000006517c0000, 0x00000006517c0000, 0x0000000652430000)
 concurrent mark-sweep generation total 255360K, used 46481K [0x00000006600c0000, 0x000000066fa20000, 0x00000007c0000000)
 Metaspace       used 72188K, capacity 75220K, committed 75372K, reserved 1114112K
  class space    used 9221K, capacity 9768K, committed 9848K, reserved 1048576K
2019-05-20T09:33:03.278+0800: 23.751: [GC (Allocation Failure) 2019-05-20T09:33:03.278+0800: 23.751: [ParNew: 111591K->9423K(114880K), 0.0348896 secs] 158072K->56764K(370240K), 0.0349498 secs] [Times: user=0.14 sys=0.00, real=0.04 secs] 
Heap after GC invocations=58 (full 2):
 par new generation   total 114880K, used 9423K [0x000000064b400000, 0x00000006530a0000, 0x00000006600c0000)
  eden space 102144K,   0% used [0x000000064b400000, 0x000000064b400000, 0x00000006517c0000)
  from space 12736K,  73% used [0x00000006517c0000, 0x00000006520f3cd0, 0x0000000652430000)
  to   space 12736K,   0% used [0x0000000652430000, 0x0000000652430000, 0x00000006530a0000)
 concurrent mark-sweep generation total 255360K, used 47341K [0x00000006600c0000, 0x000000066fa20000, 0x00000007c0000000)
 Metaspace       used 72188K, capacity 75220K, committed 75372K, reserved 1114112K
  class space    used 9221K, capacity 9768K, committed 9848K, reserved 1048576K
}
2019-05-20T09:33:03.611+0800: 24.084: Application time: 0.2978766 seconds
{Heap before GC invocations=58 (full 2):
 par new generation   total 114880K, used 111567K [0x000000064b400000, 0x00000006530a0000, 0x00000006600c0000)
  eden space 102144K, 100% used [0x000000064b400000, 0x00000006517c0000, 0x00000006517c0000)
  from space 12736K,  73% used [0x00000006517c0000, 0x00000006520f3cd0, 0x0000000652430000)
  to   space 12736K,   0% used [0x0000000652430000, 0x0000000652430000, 0x00000006530a0000)
 concurrent mark-sweep generation total 255360K, used 47341K [0x00000006600c0000, 0x000000066fa20000, 0x00000007c0000000)
 Metaspace       used 72333K, capacity 75342K, committed 75628K, reserved 1116160K
  class space    used 9246K, capacity 9805K, committed 9848K, reserved 1048576K
2019-05-20T09:33:03.612+0800: 24.084: [GC (Allocation Failure) 2019-05-20T09:33:03.612+0800: 24.084: [ParNew: 111567K->9912K(114880K), 0.0168255 secs] 158908K->57789K(370240K), 0.0168834 secs] [Times: user=0.07 sys=0.00, real=0.01 secs] 
Heap after GC invocations=59 (full 2):
 par new generation   total 114880K, used 9912K [0x000000064b400000, 0x00000006530a0000, 0x00000006600c0000)
  eden space 102144K,   0% used [0x000000064b400000, 0x000000064b400000, 0x00000006517c0000)
  from space 12736K,  77% used [0x0000000652430000, 0x0000000652dde0a8, 0x00000006530a0000)
  to   space 12736K,   0% used [0x00000006517c0000, 0x00000006517c0000, 0x0000000652430000)
 concurrent mark-sweep generation total 255360K, used 47877K [0x00000006600c0000, 0x000000066fa20000, 0x00000007c0000000)
 Metaspace       used 72333K, capacity 75342K, committed 75628K, reserved 1116160K
  class space    used 9246K, capacity 9805K, committed 9848K, reserved 1048576K
}
2019-05-20T09:33:03.739+0800: 24.212: Application time: 0.1106251 seconds
2019-05-20T09:33:03.739+0800: 24.212: Application time: 0.0000764 seconds
2019-05-20T09:33:03.739+0800: 24.212: Application time: 0.0000680 seconds
2019-05-20T09:33:03.740+0800: 24.212: Application time: 0.0000625 seconds
2019-05-20T09:33:03.740+0800: 24.213: Application time: 0.0002756 seconds
2019-05-20T09:33:03.740+0800: 24.213: Application time: 0.0003822 seconds
2019-05-20T09:33:03.942+0800: 24.415: Application time: 0.1986752 seconds
2019-05-20T09:33:03.947+0800: 24.419: Application time: 0.0046384 seconds
2019-05-20T09:33:03.947+0800: 24.420: Application time: 0.0001343 seconds
2019-05-20T09:33:03.947+0800: 24.420: Application time: 0.0000685 seconds
2019-05-20T09:33:03.948+0800: 24.421: Application time: 0.0010694 seconds
2019-05-20T09:33:03.949+0800: 24.421: Application time: 0.0002896 seconds
2019-05-20T09:33:03.949+0800: 24.422: Application time: 0.0001973 seconds
2019-05-20T09:33:03.949+0800: 24.422: Application time: 0.0000736 seconds
2019-05-20T09:33:03.949+0800: 24.422: Application time: 0.0000788 seconds
2019-05-20T09:33:03.949+0800: 24.422: Application time: 0.0000659 seconds
2019-05-20T09:33:03.950+0800: 24.422: Application time: 0.0000679 seconds
2019-05-20T09:33:03.974+0800: 24.447: Application time: 0.0242910 seconds
2019-05-20T09:33:04.068+0800: 24.540: Application time: 0.0865797 seconds
2019-05-20T09:33:04.103+0800: 24.575: Application time: 0.0324299 seconds
{Heap before GC invocations=59 (full 2):
 par new generation   total 114880K, used 112056K [0x000000064b400000, 0x00000006530a0000, 0x00000006600c0000)
  eden space 102144K, 100% used [0x000000064b400000, 0x00000006517c0000, 0x00000006517c0000)
  from space 12736K,  77% used [0x0000000652430000, 0x0000000652dde0a8, 0x00000006530a0000)
  to   space 12736K,   0% used [0x00000006517c0000, 0x00000006517c0000, 0x0000000652430000)
 concurrent mark-sweep generation total 255360K, used 47877K [0x00000006600c0000, 0x000000066fa20000, 0x00000007c0000000)
 Metaspace       used 73464K, capacity 76624K, committed 76800K, reserved 1116160K
  class space    used 9400K, capacity 9980K, committed 10052K, reserved 1048576K
2019-05-20T09:33:04.103+0800: 24.576: [GC (Allocation Failure) 2019-05-20T09:33:04.103+0800: 24.576: [ParNew: 112056K->10259K(114880K), 0.0349634 secs] 159933K->58136K(370240K), 0.0350350 secs] [Times: user=0.08 sys=0.00, real=0.03 secs] 
Heap after GC invocations=60 (full 2):
 par new generation   total 114880K, used 10259K [0x000000064b400000, 0x00000006530a0000, 0x00000006600c0000)
  eden space 102144K,   0% used [0x000000064b400000, 0x000000064b400000, 0x00000006517c0000)
  from space 12736K,  80% used [0x00000006517c0000, 0x00000006521c4d90, 0x0000000652430000)
  to   space 12736K,   0% used [0x0000000652430000, 0x0000000652430000, 0x00000006530a0000)
 concurrent mark-sweep generation total 255360K, used 47877K [0x00000006600c0000, 0x000000066fa20000, 0x00000007c0000000)
 Metaspace       used 73464K, capacity 76624K, committed 76800K, reserved 1116160K
  class space    used 9400K, capacity 9980K, committed 10052K, reserved 1048576K
}
2019-05-20T09:33:04.151+0800: 24.624: Application time: 0.0131718 seconds
2019-05-20T09:33:04.151+0800: 24.624: [GC (CMS Initial Mark) [1 CMS-initial-mark: 47877K(255360K)] 58305K(370240K), 0.0198442 secs] [Times: user=0.04 sys=0.00, real=0.02 secs] 
2019-05-20T09:33:04.171+0800: 24.644: [CMS-concurrent-mark-start]
2019-05-20T09:33:04.379+0800: 24.852: [CMS-concurrent-mark: 0.208/0.208 secs] [Times: user=0.49 sys=0.01, real=0.20 secs] 
2019-05-20T09:33:04.379+0800: 24.852: [CMS-concurrent-preclean-start]
2019-05-20T09:33:04.382+0800: 24.855: [CMS-concurrent-preclean: 0.003/0.003 secs] [Times: user=0.01 sys=0.00, real=0.00 secs] 
2019-05-20T09:33:04.382+0800: 24.855: [CMS-concurrent-abortable-preclean-start]
2019-05-20T09:33:04.428+0800: 24.901: Application time: 0.2568127 seconds
2019-05-20T09:33:04.464+0800: 24.937: Application time: 0.0361139 seconds
2019-05-20T09:33:04.554+0800: 25.026: Application time: 0.0882874 seconds
2019-05-20T09:33:04.760+0800: 25.233: Application time: 0.2062810 seconds
2019-05-20T09:33:04.917+0800: 25.389: Application time: 0.1507061 seconds
{Heap before GC invocations=60 (full 3):
 par new generation   total 114880K, used 112403K [0x000000064b400000, 0x00000006530a0000, 0x00000006600c0000)
  eden space 102144K, 100% used [0x000000064b400000, 0x00000006517c0000, 0x00000006517c0000)
  from space 12736K,  80% used [0x00000006517c0000, 0x00000006521c4d90, 0x0000000652430000)
  to   space 12736K,   0% used [0x0000000652430000, 0x0000000652430000, 0x00000006530a0000)
 concurrent mark-sweep generation total 255360K, used 47877K [0x00000006600c0000, 0x000000066fa20000, 0x00000007c0000000)
 Metaspace       used 74010K, capacity 77144K, committed 77388K, reserved 1116160K
  class space    used 9471K, capacity 10046K, committed 10052K, reserved 1048576K
2019-05-20T09:33:04.936+0800: 25.408: [GC (Allocation Failure) 2019-05-20T09:33:04.936+0800: 25.409: [ParNew: 112403K->9364K(114880K), 0.1756692 secs] 160280K->59059K(370240K), 0.1758531 secs] [Times: user=0.43 sys=0.01, real=0.18 secs] 
Heap after GC invocations=61 (full 3):
 par new generation   total 114880K, used 9364K [0x000000064b400000, 0x00000006530a0000, 0x00000006600c0000)
  eden space 102144K,   0% used [0x000000064b400000, 0x000000064b400000, 0x00000006517c0000)
  from space 12736K,  73% used [0x0000000652430000, 0x0000000652d551f8, 0x00000006530a0000)
  to   space 12736K,   0% used [0x00000006517c0000, 0x00000006517c0000, 0x0000000652430000)
 concurrent mark-sweep generation total 255360K, used 49694K [0x00000006600c0000, 0x000000066fa20000, 0x00000007c0000000)
 Metaspace       used 74010K, capacity 77144K, committed 77388K, reserved 1116160K
  class space    used 9471K, capacity 10046K, committed 10052K, reserved 1048576K
}
2019-05-20T09:33:05.487+0800: 25.960: Application time: 0.3752385 seconds
2019-05-20T09:33:05.799+0800: 26.271: Application time: 0.3110852 seconds
2019-05-20T09:33:06.812+0800: 27.285: Application time: 1.0001950 seconds
2019-05-20T09:33:06.830+0800: 27.303: [CMS-concurrent-abortable-preclean: 2.164/2.448 secs] [Times: user=5.15 sys=0.10, real=2.44 secs] 
2019-05-20T09:33:06.855+0800: 27.328: Application time: 0.0360929 seconds
2019-05-20T09:33:06.856+0800: 27.328: [GC (CMS Final Remark) [YG occupancy: 93582 K (114880 K)]2019-05-20T09:33:06.856+0800: 27.328: [Rescan (parallel) , 0.0977982 secs]2019-05-20T09:33:06.954+0800: 27.426: [weak refs processing, 0.0016392 secs]2019-05-20T09:33:06.955+0800: 27.428: [class unloading, 0.0194491 secs]2019-05-20T09:33:06.975+0800: 27.447: [scrub symbol table, 0.0233663 secs]2019-05-20T09:33:06.998+0800: 27.471: [scrub string table, 0.0013289 secs][1 CMS-remark: 49694K(255360K)] 143277K(370240K), 0.1441900 secs] [Times: user=0.28 sys=0.00, real=0.15 secs] 
2019-05-20T09:33:07.007+0800: 27.480: [CMS-concurrent-sweep-start]
2019-05-20T09:33:07.039+0800: 27.512: Application time: 0.0393377 seconds
{Heap before GC invocations=61 (full 3):
 par new generation   total 114880K, used 111508K [0x000000064b400000, 0x00000006530a0000, 0x00000006600c0000)
  eden space 102144K, 100% used [0x000000064b400000, 0x00000006517c0000, 0x00000006517c0000)
  from space 12736K,  73% used [0x0000000652430000, 0x0000000652d551f8, 0x00000006530a0000)
  to   space 12736K,   0% used [0x00000006517c0000, 0x00000006517c0000, 0x0000000652430000)
 concurrent mark-sweep generation total 255360K, used 49622K [0x00000006600c0000, 0x000000066fa20000, 0x00000007c0000000)
 Metaspace       used 74581K, capacity 77730K, committed 77796K, reserved 1118208K
  class space    used 9561K, capacity 10113K, committed 10128K, reserved 1048576K
2019-05-20T09:33:07.039+0800: 27.512: [GC (Allocation Failure) 2019-05-20T09:33:07.039+0800: 27.512: [ParNew: 111508K->8402K(114880K), 0.0461591 secs] 161131K->58751K(370240K), 0.0462290 secs] [Times: user=0.11 sys=0.00, real=0.04 secs] 
Heap after GC invocations=62 (full 3):
 par new generation   total 114880K, used 8402K [0x000000064b400000, 0x00000006530a0000, 0x00000006600c0000)
  eden space 102144K,   0% used [0x000000064b400000, 0x000000064b400000, 0x00000006517c0000)
  from space 12736K,  65% used [0x00000006517c0000, 0x0000000651ff4bd8, 0x0000000652430000)
  to   space 12736K,   0% used [0x0000000652430000, 0x0000000652430000, 0x00000006530a0000)
 concurrent mark-sweep generation total 255360K, used 50348K [0x00000006600c0000, 0x000000066fa20000, 0x00000007c0000000)
 Metaspace       used 74581K, capacity 77730K, committed 77796K, reserved 1118208K
  class space    used 9561K, capacity 10113K, committed 10128K, reserved 1048576K
}
2019-05-20T09:33:07.120+0800: 27.593: [CMS-concurrent-sweep: 0.061/0.113 secs] [Times: user=0.30 sys=0.00, real=0.12 secs] 
2019-05-20T09:33:07.120+0800: 27.593: [CMS-concurrent-reset-start]
2019-05-20T09:33:07.154+0800: 27.627: [CMS-concurrent-reset: 0.034/0.034 secs] [Times: user=0.10 sys=0.00, real=0.03 secs] 
2019-05-20T09:33:07.314+0800: 27.787: Application time: 0.2286929 seconds
{Heap before GC invocations=62 (full 3):
 par new generation   total 114880K, used 110546K [0x000000064b400000, 0x00000006530a0000, 0x00000006600c0000)
  eden space 102144K, 100% used [0x000000064b400000, 0x00000006517c0000, 0x00000006517c0000)
  from space 12736K,  65% used [0x00000006517c0000, 0x0000000651ff4bd8, 0x0000000652430000)
  to   space 12736K,   0% used [0x0000000652430000, 0x0000000652430000, 0x00000006530a0000)
 concurrent mark-sweep generation total 255360K, used 48281K [0x00000006600c0000, 0x000000066fa20000, 0x00000007c0000000)
 Metaspace       used 74412K, capacity 77454K, committed 77924K, reserved 1118208K
  class space    used 9542K, capacity 10091K, committed 10256K, reserved 1048576K
2019-05-20T09:33:07.315+0800: 27.787: [GC (Allocation Failure) 2019-05-20T09:33:07.315+0800: 27.787: [ParNew: 110546K->8282K(114880K), 0.0258467 secs] 158828K->56564K(370240K), 0.0259145 secs] [Times: user=0.09 sys=0.00, real=0.03 secs] 
Heap after GC invocations=63 (full 3):
 par new generation   total 114880K, used 8282K [0x000000064b400000, 0x00000006530a0000, 0x00000006600c0000)
  eden space 102144K,   0% used [0x000000064b400000, 0x000000064b400000, 0x00000006517c0000)
  from space 12736K,  65% used [0x0000000652430000, 0x0000000652c46ae0, 0x00000006530a0000)
  to   space 12736K,   0% used [0x00000006517c0000, 0x00000006517c0000, 0x0000000652430000)
 concurrent mark-sweep generation total 255360K, used 48281K [0x00000006600c0000, 0x000000066fa20000, 0x00000007c0000000)
 Metaspace       used 74412K, capacity 77454K, committed 77924K, reserved 1118208K
  class space    used 9542K, capacity 10091K, committed 10256K, reserved 1048576K
}
2019-05-20T09:33:07.578+0800: 28.051: Application time: 0.2375463 seconds
2019-05-20T09:33:07.636+0800: 28.109: Application time: 0.0580573 seconds
{Heap before GC invocations=63 (full 3):
 par new generation   total 114880K, used 110426K [0x000000064b400000, 0x00000006530a0000, 0x00000006600c0000)
  eden space 102144K, 100% used [0x000000064b400000, 0x00000006517c0000, 0x00000006517c0000)
  from space 12736K,  65% used [0x0000000652430000, 0x0000000652c46ae0, 0x00000006530a0000)
  to   space 12736K,   0% used [0x00000006517c0000, 0x00000006517c0000, 0x0000000652430000)
 concurrent mark-sweep generation total 255360K, used 48281K [0x00000006600c0000, 0x000000066fa20000, 0x00000007c0000000)
 Metaspace       used 74483K, capacity 77526K, committed 78180K, reserved 1118208K
  class space    used 9558K, capacity 10093K, committed 10256K, reserved 1048576K
2019-05-20T09:33:07.637+0800: 28.109: [GC (Allocation Failure) 2019-05-20T09:33:07.637+0800: 28.109: [ParNew: 110426K->11064K(114880K), 0.0462547 secs] 158708K->59346K(370240K), 0.0463099 secs] [Times: user=0.08 sys=0.00, real=0.05 secs] 
Heap after GC invocations=64 (full 3):
 par new generation   total 114880K, used 11064K [0x000000064b400000, 0x00000006530a0000, 0x00000006600c0000)
  eden space 102144K,   0% used [0x000000064b400000, 0x000000064b400000, 0x00000006517c0000)
  from space 12736K,  86% used [0x00000006517c0000, 0x000000065228e2e0, 0x0000000652430000)
  to   space 12736K,   0% used [0x0000000652430000, 0x0000000652430000, 0x00000006530a0000)
 concurrent mark-sweep generation total 255360K, used 48281K [0x00000006600c0000, 0x000000066fa20000, 0x00000007c0000000)
 Metaspace       used 74483K, capacity 77526K, committed 78180K, reserved 1118208K
  class space    used 9558K, capacity 10093K, committed 10256K, reserved 1048576K
}
2019-05-20T09:33:07.770+0800: 28.243: Application time: 0.0872955 seconds
2019-05-20T09:33:07.903+0800: 28.376: Application time: 0.1323138 seconds
{Heap before GC invocations=64 (full 3):
 par new generation   total 114880K, used 113208K [0x000000064b400000, 0x00000006530a0000, 0x00000006600c0000)
  eden space 102144K, 100% used [0x000000064b400000, 0x00000006517c0000, 0x00000006517c0000)
  from space 12736K,  86% used [0x00000006517c0000, 0x000000065228e2e0, 0x0000000652430000)
  to   space 12736K,   0% used [0x0000000652430000, 0x0000000652430000, 0x00000006530a0000)
 concurrent mark-sweep generation total 255360K, used 48281K [0x00000006600c0000, 0x000000066fa20000, 0x00000007c0000000)
 Metaspace       used 74592K, capacity 77660K, committed 78180K, reserved 1118208K
  class space    used 9579K, capacity 10132K, committed 10256K, reserved 1048576K
2019-05-20T09:33:07.904+0800: 28.376: [GC (Allocation Failure) 2019-05-20T09:33:07.904+0800: 28.376: [ParNew: 113208K->8397K(114880K), 0.0444933 secs] 161490K->56679K(370240K), 0.0445579 secs] [Times: user=0.12 sys=0.00, real=0.04 secs] 
Heap after GC invocations=65 (full 3):
 par new generation   total 114880K, used 8397K [0x000000064b400000, 0x00000006530a0000, 0x00000006600c0000)
  eden space 102144K,   0% used [0x000000064b400000, 0x000000064b400000, 0x00000006517c0000)
  from space 12736K,  65% used [0x0000000652430000, 0x0000000652c63668, 0x00000006530a0000)
  to   space 12736K,   0% used [0x00000006517c0000, 0x00000006517c0000, 0x0000000652430000)
 concurrent mark-sweep generation total 255360K, used 48281K [0x00000006600c0000, 0x000000066fa20000, 0x00000007c0000000)
 Metaspace       used 74592K, capacity 77660K, committed 78180K, reserved 1118208K
  class space    used 9579K, capacity 10132K, committed 10256K, reserved 1048576K
}
2019-05-20T09:33:08.332+0800: 28.804: Application time: 0.3833231 seconds
2019-05-20T09:33:08.343+0800: 28.816: Application time: 0.0106528 seconds
2019-05-20T09:33:08.358+0800: 28.831: Application time: 0.0144989 seconds
{Heap before GC invocations=65 (full 3):
 par new generation   total 114880K, used 110541K [0x000000064b400000, 0x00000006530a0000, 0x00000006600c0000)
  eden space 102144K, 100% used [0x000000064b400000, 0x00000006517c0000, 0x00000006517c0000)
  from space 12736K,  65% used [0x0000000652430000, 0x0000000652c63668, 0x00000006530a0000)
  to   space 12736K,   0% used [0x00000006517c0000, 0x00000006517c0000, 0x0000000652430000)
 concurrent mark-sweep generation total 255360K, used 48281K [0x00000006600c0000, 0x000000066fa20000, 0x00000007c0000000)
 Metaspace       used 75048K, capacity 78218K, committed 78436K, reserved 1118208K
  class space    used 9645K, capacity 10191K, committed 10256K, reserved 1048576K
2019-05-20T09:33:08.359+0800: 28.831: [GC (Allocation Failure) 2019-05-20T09:33:08.359+0800: 28.831: [ParNew: 110541K->9104K(114880K), 0.0754190 secs] 158823K->59595K(370240K), 0.0754720 secs] [Times: user=0.22 sys=0.00, real=0.08 secs] 
Heap after GC invocations=66 (full 3):
 par new generation   total 114880K, used 9104K [0x000000064b400000, 0x00000006530a0000, 0x00000006600c0000)
  eden space 102144K,   0% used [0x000000064b400000, 0x000000064b400000, 0x00000006517c0000)
  from space 12736K,  71% used [0x00000006517c0000, 0x00000006520a4100, 0x0000000652430000)
  to   space 12736K,   0% used [0x0000000652430000, 0x0000000652430000, 0x00000006530a0000)
 concurrent mark-sweep generation total 255360K, used 50490K [0x00000006600c0000, 0x000000066fa20000, 0x00000007c0000000)
 Metaspace       used 75048K, capacity 78218K, committed 78436K, reserved 1118208K
  class space    used 9645K, capacity 10191K, committed 10256K, reserved 1048576K
}
2019-05-20T09:33:08.458+0800: 28.930: Application time: 0.0234785 seconds
2019-05-20T09:33:08.504+0800: 28.977: Application time: 0.0460362 seconds
2019-05-20T09:33:08.528+0800: 29.001: Application time: 0.0230734 seconds
2019-05-20T09:33:08.826+0800: 29.299: Application time: 0.2969968 seconds
{Heap before GC invocations=66 (full 3):
 par new generation   total 114880K, used 111248K [0x000000064b400000, 0x00000006530a0000, 0x00000006600c0000)
  eden space 102144K, 100% used [0x000000064b400000, 0x00000006517c0000, 0x00000006517c0000)
  from space 12736K,  71% used [0x00000006517c0000, 0x00000006520a4100, 0x0000000652430000)
  to   space 12736K,   0% used [0x0000000652430000, 0x0000000652430000, 0x00000006530a0000)
 concurrent mark-sweep generation total 255360K, used 50490K [0x00000006600c0000, 0x000000066fa20000, 0x00000007c0000000)
 Metaspace       used 75557K, capacity 78864K, committed 79076K, reserved 1118208K
  class space    used 9717K, capacity 10290K, committed 10384K, reserved 1048576K
2019-05-20T09:33:08.827+0800: 29.299: [GC (Allocation Failure) 2019-05-20T09:33:08.827+0800: 29.299: [ParNew: 111248K->8937K(114880K), 0.0378087 secs] 161739K->60347K(370240K), 0.0378770 secs] [Times: user=0.09 sys=0.00, real=0.04 secs] 
Heap after GC invocations=67 (full 3):
 par new generation   total 114880K, used 8937K [0x000000064b400000, 0x00000006530a0000, 0x00000006600c0000)
  eden space 102144K,   0% used [0x000000064b400000, 0x000000064b400000, 0x00000006517c0000)
  from space 12736K,  70% used [0x0000000652430000, 0x0000000652cea698, 0x00000006530a0000)
  to   space 12736K,   0% used [0x00000006517c0000, 0x00000006517c0000, 0x0000000652430000)
 concurrent mark-sweep generation total 255360K, used 51409K [0x00000006600c0000, 0x000000066fa20000, 0x00000007c0000000)
 Metaspace       used 75557K, capacity 78864K, committed 79076K, reserved 1118208K
  class space    used 9717K, capacity 10290K, committed 10384K, reserved 1048576K
}
2019-05-20T09:33:09.267+0800: 29.740: Application time: 0.4026175 seconds
{Heap before GC invocations=67 (full 3):
 par new generation   total 114880K, used 111081K [0x000000064b400000, 0x00000006530a0000, 0x00000006600c0000)
  eden space 102144K, 100% used [0x000000064b400000, 0x00000006517c0000, 0x00000006517c0000)
  from space 12736K,  70% used [0x0000000652430000, 0x0000000652cea698, 0x00000006530a0000)
  to   space 12736K,   0% used [0x00000006517c0000, 0x00000006517c0000, 0x0000000652430000)
 concurrent mark-sweep generation total 255360K, used 51409K [0x00000006600c0000, 0x000000066fa20000, 0x00000007c0000000)
 Metaspace       used 75728K, capacity 79068K, committed 79332K, reserved 1118208K
  class space    used 9738K, capacity 10330K, committed 10384K, reserved 1048576K
2019-05-20T09:33:09.268+0800: 29.740: [GC (Allocation Failure) 2019-05-20T09:33:09.268+0800: 29.741: [ParNew: 111081K->8268K(114880K), 0.1829999 secs] 162491K->60097K(370240K), 0.1831645 secs] [Times: user=0.37 sys=0.02, real=0.18 secs] 
Heap after GC invocations=68 (full 3):
 par new generation   total 114880K, used 8268K [0x000000064b400000, 0x00000006530a0000, 0x00000006600c0000)
  eden space 102144K,   0% used [0x000000064b400000, 0x000000064b400000, 0x00000006517c0000)
  from space 12736K,  64% used [0x00000006517c0000, 0x0000000651fd3360, 0x0000000652430000)
  to   space 12736K,   0% used [0x0000000652430000, 0x0000000652430000, 0x00000006530a0000)
 concurrent mark-sweep generation total 255360K, used 51828K [0x00000006600c0000, 0x000000066fa20000, 0x00000007c0000000)
 Metaspace       used 75728K, capacity 79068K, committed 79332K, reserved 1118208K
  class space    used 9738K, capacity 10330K, committed 10384K, reserved 1048576K
}
2019-05-20T09:33:09.824+0800: 30.297: Application time: 0.3731631 seconds
2019-05-20T09:33:09.895+0800: 30.368: Application time: 0.0211957 seconds
2019-05-20T09:33:10.775+0800: 31.248: Application time: 0.8239203 seconds
{Heap before GC invocations=68 (full 3):
 par new generation   total 114880K, used 110412K [0x000000064b400000, 0x00000006530a0000, 0x00000006600c0000)
  eden space 102144K, 100% used [0x000000064b400000, 0x00000006517c0000, 0x00000006517c0000)
  from space 12736K,  64% used [0x00000006517c0000, 0x0000000651fd3360, 0x0000000652430000)
  to   space 12736K,   0% used [0x0000000652430000, 0x0000000652430000, 0x00000006530a0000)
 concurrent mark-sweep generation total 255360K, used 51828K [0x00000006600c0000, 0x000000066fa20000, 0x00000007c0000000)
 Metaspace       used 75786K, capacity 79080K, committed 79332K, reserved 1118208K
  class space    used 9744K, capacity 10332K, committed 10384K, reserved 1048576K
2019-05-20T09:33:10.776+0800: 31.248: [GC (Allocation Failure) 2019-05-20T09:33:10.776+0800: 31.248: [ParNew: 110412K->5392K(114880K), 0.2031766 secs] 162241K->58203K(370240K), 0.2033444 secs] [Times: user=0.47 sys=0.01, real=0.21 secs] 
Heap after GC invocations=69 (full 3):
 par new generation   total 114880K, used 5392K [0x000000064b400000, 0x00000006530a0000, 0x00000006600c0000)
  eden space 102144K,   0% used [0x000000064b400000, 0x000000064b400000, 0x00000006517c0000)
  from space 12736K,  42% used [0x0000000652430000, 0x0000000652974128, 0x00000006530a0000)
  to   space 12736K,   0% used [0x00000006517c0000, 0x00000006517c0000, 0x0000000652430000)
 concurrent mark-sweep generation total 255360K, used 52811K [0x00000006600c0000, 0x000000066fa20000, 0x00000007c0000000)
 Metaspace       used 75786K, capacity 79080K, committed 79332K, reserved 1118208K
  class space    used 9744K, capacity 10332K, committed 10384K, reserved 1048576K
}
2019-05-20T09:33:11.471+0800: 31.943: Application time: 0.4911703 seconds
{Heap before GC invocations=69 (full 3):
 par new generation   total 114880K, used 107536K [0x000000064b400000, 0x00000006530a0000, 0x00000006600c0000)
  eden space 102144K, 100% used [0x000000064b400000, 0x00000006517c0000, 0x00000006517c0000)
  from space 12736K,  42% used [0x0000000652430000, 0x0000000652974128, 0x00000006530a0000)
  to   space 12736K,   0% used [0x00000006517c0000, 0x00000006517c0000, 0x0000000652430000)
 concurrent mark-sweep generation total 255360K, used 52811K [0x00000006600c0000, 0x000000066fa20000, 0x00000007c0000000)
 Metaspace       used 75899K, capacity 79248K, committed 79332K, reserved 1118208K
  class space    used 9762K, capacity 10366K, committed 10384K, reserved 1048576K
2019-05-20T09:33:11.471+0800: 31.943: [GC (Allocation Failure) 2019-05-20T09:33:11.471+0800: 31.943: [ParNew: 107536K->5769K(114880K), 0.0533486 secs] 160347K->59044K(370240K), 0.0534030 secs] [Times: user=0.08 sys=0.00, real=0.06 secs] 
Heap after GC invocations=70 (full 3):
 par new generation   total 114880K, used 5769K [0x000000064b400000, 0x00000006530a0000, 0x00000006600c0000)
  eden space 102144K,   0% used [0x000000064b400000, 0x000000064b400000, 0x00000006517c0000)
  from space 12736K,  45% used [0x00000006517c0000, 0x0000000651d62620, 0x0000000652430000)
  to   space 12736K,   0% used [0x0000000652430000, 0x0000000652430000, 0x00000006530a0000)
 concurrent mark-sweep generation total 255360K, used 53274K [0x00000006600c0000, 0x000000066fa20000, 0x00000007c0000000)
 Metaspace       used 75899K, capacity 79248K, committed 79332K, reserved 1118208K
  class space    used 9762K, capacity 10366K, committed 10384K, reserved 1048576K
}
2019-05-20T09:33:11.804+0800: 32.277: Application time: 0.2801019 seconds
2019-05-20T09:33:11.921+0800: 32.394: Application time: 0.1165731 seconds
{Heap before GC invocations=70 (full 3):
 par new generation   total 114880K, used 107913K [0x000000064b400000, 0x00000006530a0000, 0x00000006600c0000)
  eden space 102144K, 100% used [0x000000064b400000, 0x00000006517c0000, 0x00000006517c0000)
  from space 12736K,  45% used [0x00000006517c0000, 0x0000000651d62620, 0x0000000652430000)
  to   space 12736K,   0% used [0x0000000652430000, 0x0000000652430000, 0x00000006530a0000)
 concurrent mark-sweep generation total 255360K, used 53274K [0x00000006600c0000, 0x000000066fa20000, 0x00000007c0000000)
 Metaspace       used 76052K, capacity 79360K, committed 79716K, reserved 1118208K
  class space    used 9788K, capacity 10402K, committed 10512K, reserved 1048576K
2019-05-20T09:33:11.931+0800: 32.404: [GC (Allocation Failure) 2019-05-20T09:33:11.931+0800: 32.404: [ParNew: 107913K->6375K(114880K), 0.0487281 secs] 161188K->59957K(370240K), 0.0487870 secs] [Times: user=0.10 sys=0.00, real=0.05 secs] 
Heap after GC invocations=71 (full 3):
 par new generation   total 114880K, used 6375K [0x000000064b400000, 0x00000006530a0000, 0x00000006600c0000)
  eden space 102144K,   0% used [0x000000064b400000, 0x000000064b400000, 0x00000006517c0000)
  from space 12736K,  50% used [0x0000000652430000, 0x0000000652a69f80, 0x00000006530a0000)
  to   space 12736K,   0% used [0x00000006517c0000, 0x00000006517c0000, 0x0000000652430000)
 concurrent mark-sweep generation total 255360K, used 53581K [0x00000006600c0000, 0x000000066fa20000, 0x00000007c0000000)
 Metaspace       used 76052K, capacity 79360K, committed 79716K, reserved 1118208K
  class space    used 9788K, capacity 10402K, committed 10512K, reserved 1048576K
}
2019-05-20T09:33:12.375+0800: 32.848: Application time: 0.3947753 seconds
{Heap before GC invocations=71 (full 3):
 par new generation   total 114880K, used 108519K [0x000000064b400000, 0x00000006530a0000, 0x00000006600c0000)
  eden space 102144K, 100% used [0x000000064b400000, 0x00000006517c0000, 0x00000006517c0000)
  from space 12736K,  50% used [0x0000000652430000, 0x0000000652a69f80, 0x00000006530a0000)
  to   space 12736K,   0% used [0x00000006517c0000, 0x00000006517c0000, 0x0000000652430000)
 concurrent mark-sweep generation total 255360K, used 53581K [0x00000006600c0000, 0x000000066fa20000, 0x00000007c0000000)
 Metaspace       used 76507K, capacity 79984K, committed 80132K, reserved 1118208K
  class space    used 9865K, capacity 10482K, committed 10512K, reserved 1048576K
2019-05-20T09:33:12.375+0800: 32.848: [GC (Allocation Failure) 2019-05-20T09:33:12.375+0800: 32.848: [ParNew: 108519K->8000K(114880K), 0.0513527 secs] 162101K->61807K(370240K), 0.0514108 secs] [Times: user=0.09 sys=0.01, real=0.05 secs] 
Heap after GC invocations=72 (full 3):
 par new generation   total 114880K, used 8000K [0x000000064b400000, 0x00000006530a0000, 0x00000006600c0000)
  eden space 102144K,   0% used [0x000000064b400000, 0x000000064b400000, 0x00000006517c0000)
  from space 12736K,  62% used [0x00000006517c0000, 0x0000000651f90390, 0x0000000652430000)
  to   space 12736K,   0% used [0x0000000652430000, 0x0000000652430000, 0x00000006530a0000)
 concurrent mark-sweep generation total 255360K, used 53806K [0x00000006600c0000, 0x000000066fa20000, 0x00000007c0000000)
 Metaspace       used 76507K, capacity 79984K, committed 80132K, reserved 1118208K
  class space    used 9865K, capacity 10482K, committed 10512K, reserved 1048576K
}
2019-05-20T09:33:12.519+0800: 32.992: Application time: 0.0924269 seconds
2019-05-20T09:33:12.676+0800: 33.149: Application time: 0.1571941 seconds
{Heap before GC invocations=72 (full 3):
 par new generation   total 114880K, used 110144K [0x000000064b400000, 0x00000006530a0000, 0x00000006600c0000)
  eden space 102144K, 100% used [0x000000064b400000, 0x00000006517c0000, 0x00000006517c0000)
  from space 12736K,  62% used [0x00000006517c0000, 0x0000000651f90390, 0x0000000652430000)
  to   space 12736K,   0% used [0x0000000652430000, 0x0000000652430000, 0x00000006530a0000)
 concurrent mark-sweep generation total 255360K, used 53806K [0x00000006600c0000, 0x000000066fa20000, 0x00000007c0000000)
 Metaspace       used 76562K, capacity 80010K, committed 80132K, reserved 1118208K
  class space    used 9875K, capacity 10489K, committed 10512K, reserved 1048576K
2019-05-20T09:33:12.677+0800: 33.149: [GC (Allocation Failure) 2019-05-20T09:33:12.677+0800: 33.149: [ParNew: 110144K->7738K(114880K), 0.0511642 secs] 163951K->62060K(370240K), 0.0512177 secs] [Times: user=0.09 sys=0.00, real=0.05 secs] 
Heap after GC invocations=73 (full 3):
 par new generation   total 114880K, used 7738K [0x000000064b400000, 0x00000006530a0000, 0x00000006600c0000)
  eden space 102144K,   0% used [0x000000064b400000, 0x000000064b400000, 0x00000006517c0000)
  from space 12736K,  60% used [0x0000000652430000, 0x0000000652bbeb20, 0x00000006530a0000)
  to   space 12736K,   0% used [0x00000006517c0000, 0x00000006517c0000, 0x0000000652430000)
 concurrent mark-sweep generation total 255360K, used 54321K [0x00000006600c0000, 0x000000066fa20000, 0x00000007c0000000)
 Metaspace       used 76562K, capacity 80010K, committed 80132K, reserved 1118208K
  class space    used 9875K, capacity 10489K, committed 10512K, reserved 1048576K
}
2019-05-20T09:33:12.911+0800: 33.383: Application time: 0.1827665 seconds
{Heap before GC invocations=73 (full 3):
 par new generation   total 114880K, used 109882K [0x000000064b400000, 0x00000006530a0000, 0x00000006600c0000)
  eden space 102144K, 100% used [0x000000064b400000, 0x00000006517c0000, 0x00000006517c0000)
  from space 12736K,  60% used [0x0000000652430000, 0x0000000652bbeb20, 0x00000006530a0000)
  to   space 12736K,   0% used [0x00000006517c0000, 0x00000006517c0000, 0x0000000652430000)
 concurrent mark-sweep generation total 255360K, used 54321K [0x00000006600c0000, 0x000000066fa20000, 0x00000007c0000000)
 Metaspace       used 76605K, capacity 80080K, committed 80132K, reserved 1118208K
  class space    used 9882K, capacity 10490K, committed 10512K, reserved 1048576K
2019-05-20T09:33:12.911+0800: 33.384: [GC (Allocation Failure) 2019-05-20T09:33:12.911+0800: 33.384: [ParNew: 109882K->7823K(114880K), 0.0397322 secs] 164204K->62622K(370240K), 0.0398012 secs] [Times: user=0.09 sys=0.00, real=0.04 secs] 
Heap after GC invocations=74 (full 3):
 par new generation   total 114880K, used 7823K [0x000000064b400000, 0x00000006530a0000, 0x00000006600c0000)
  eden space 102144K,   0% used [0x000000064b400000, 0x000000064b400000, 0x00000006517c0000)
  from space 12736K,  61% used [0x00000006517c0000, 0x0000000651f63ce8, 0x0000000652430000)
  to   space 12736K,   0% used [0x0000000652430000, 0x0000000652430000, 0x00000006530a0000)
 concurrent mark-sweep generation total 255360K, used 54799K [0x00000006600c0000, 0x000000066fa20000, 0x00000007c0000000)
 Metaspace       used 76605K, capacity 80080K, committed 80132K, reserved 1118208K
  class space    used 9882K, capacity 10490K, committed 10512K, reserved 1048576K
}
2019-05-20T09:33:13.015+0800: 33.488: Application time: 0.0643179 seconds
2019-05-20T09:33:13.761+0800: 34.234: Application time: 0.7458888 seconds
{Heap before GC invocations=74 (full 3):
 par new generation   total 114880K, used 109967K [0x000000064b400000, 0x00000006530a0000, 0x00000006600c0000)
  eden space 102144K, 100% used [0x000000064b400000, 0x00000006517c0000, 0x00000006517c0000)
  from space 12736K,  61% used [0x00000006517c0000, 0x0000000651f63ce8, 0x0000000652430000)
  to   space 12736K,   0% used [0x0000000652430000, 0x0000000652430000, 0x00000006530a0000)
 concurrent mark-sweep generation total 255360K, used 54799K [0x00000006600c0000, 0x000000066fa20000, 0x00000007c0000000)
 Metaspace       used 77393K, capacity 80878K, committed 81028K, reserved 1120256K
  class space    used 9984K, capacity 10623K, committed 10640K, reserved 1048576K
2019-05-20T09:33:13.762+0800: 34.235: [GC (Allocation Failure) 2019-05-20T09:33:13.762+0800: 34.235: [ParNew: 109967K->8306K(114880K), 0.1937501 secs] 164766K->63861K(370240K), 0.1939144 secs] [Times: user=0.27 sys=0.00, real=0.19 secs] 
Heap after GC invocations=75 (full 3):
 par new generation   total 114880K, used 8306K [0x000000064b400000, 0x00000006530a0000, 0x00000006600c0000)
  eden space 102144K,   0% used [0x000000064b400000, 0x000000064b400000, 0x00000006517c0000)
  from space 12736K,  65% used [0x0000000652430000, 0x0000000652c4c8d0, 0x00000006530a0000)
  to   space 12736K,   0% used [0x00000006517c0000, 0x00000006517c0000, 0x0000000652430000)
 concurrent mark-sweep generation total 255360K, used 55554K [0x00000006600c0000, 0x000000066fa20000, 0x00000007c0000000)
 Metaspace       used 77393K, capacity 80878K, committed 81028K, reserved 1120256K
  class space    used 9984K, capacity 10623K, committed 10640K, reserved 1048576K
}
2019-05-20T09:33:15.051+0800: 35.524: Application time: 1.0951437 seconds
2019-05-20T09:33:15.630+0800: 36.103: Application time: 0.5585891 seconds
{Heap before GC invocations=75 (full 3):
 par new generation   total 114880K, used 110450K [0x000000064b400000, 0x00000006530a0000, 0x00000006600c0000)
  eden space 102144K, 100% used [0x000000064b400000, 0x00000006517c0000, 0x00000006517c0000)
  from space 12736K,  65% used [0x0000000652430000, 0x0000000652c4c8d0, 0x00000006530a0000)
  to   space 12736K,   0% used [0x00000006517c0000, 0x00000006517c0000, 0x0000000652430000)
 concurrent mark-sweep generation total 255360K, used 55554K [0x00000006600c0000, 0x000000066fa20000, 0x00000007c0000000)
 Metaspace       used 77487K, capacity 80942K, committed 81028K, reserved 1120256K
  class space    used 9996K, capacity 10623K, committed 10640K, reserved 1048576K
2019-05-20T09:33:15.630+0800: 36.103: [GC (Allocation Failure) 2019-05-20T09:33:15.630+0800: 36.103: [ParNew: 110450K->7846K(114880K), 0.0608133 secs] 166005K->64039K(370240K), 0.0608727 secs] [Times: user=0.14 sys=0.00, real=0.06 secs] 
Heap after GC invocations=76 (full 3):
 par new generation   total 114880K, used 7846K [0x000000064b400000, 0x00000006530a0000, 0x00000006600c0000)
  eden space 102144K,   0% used [0x000000064b400000, 0x000000064b400000, 0x00000006517c0000)
  from space 12736K,  61% used [0x00000006517c0000, 0x0000000651f69830, 0x0000000652430000)
  to   space 12736K,   0% used [0x0000000652430000, 0x0000000652430000, 0x00000006530a0000)
 concurrent mark-sweep generation total 255360K, used 56193K [0x00000006600c0000, 0x000000066fa20000, 0x00000007c0000000)
 Metaspace       used 77487K, capacity 80942K, committed 81028K, reserved 1120256K
  class space    used 9996K, capacity 10623K, committed 10640K, reserved 1048576K
}
2019-05-20T09:33:16.050+0800: 36.523: Application time: 0.3588122 seconds
{Heap before GC invocations=76 (full 3):
 par new generation   total 114880K, used 109990K [0x000000064b400000, 0x00000006530a0000, 0x00000006600c0000)
  eden space 102144K, 100% used [0x000000064b400000, 0x00000006517c0000, 0x00000006517c0000)
  from space 12736K,  61% used [0x00000006517c0000, 0x0000000651f69830, 0x0000000652430000)
  to   space 12736K,   0% used [0x0000000652430000, 0x0000000652430000, 0x00000006530a0000)
 concurrent mark-sweep generation total 255360K, used 56193K [0x00000006600c0000, 0x000000066fa20000, 0x00000007c0000000)
 Metaspace       used 77537K, capacity 81026K, committed 81284K, reserved 1120256K
  class space    used 10005K, capacity 10627K, committed 10640K, reserved 1048576K
2019-05-20T09:33:16.050+0800: 36.523: [GC (Allocation Failure) 2019-05-20T09:33:16.050+0800: 36.523: [ParNew: 109990K->6645K(114880K), 0.0901112 secs] 166183K->63287K(370240K), 0.0901651 secs] [Times: user=0.21 sys=0.00, real=0.10 secs] 
Heap after GC invocations=77 (full 3):
 par new generation   total 114880K, used 6645K [0x000000064b400000, 0x00000006530a0000, 0x00000006600c0000)
  eden space 102144K,   0% used [0x000000064b400000, 0x000000064b400000, 0x00000006517c0000)
  from space 12736K,  52% used [0x0000000652430000, 0x0000000652aad420, 0x00000006530a0000)
  to   space 12736K,   0% used [0x00000006517c0000, 0x00000006517c0000, 0x0000000652430000)
 concurrent mark-sweep generation total 255360K, used 56642K [0x00000006600c0000, 0x000000066fa20000, 0x00000007c0000000)
 Metaspace       used 77537K, capacity 81026K, committed 81284K, reserved 1120256K
  class space    used 10005K, capacity 10627K, committed 10640K, reserved 1048576K
}
2019-05-20T09:33:16.223+0800: 36.696: Application time: 0.0828217 seconds
2019-05-20T09:33:16.232+0800: 36.705: Application time: 0.0000564 seconds
2019-05-20T09:33:16.516+0800: 36.988: Application time: 0.2833858 seconds
{Heap before GC invocations=77 (full 3):
 par new generation   total 114880K, used 108789K [0x000000064b400000, 0x00000006530a0000, 0x00000006600c0000)
  eden space 102144K, 100% used [0x000000064b400000, 0x00000006517c0000, 0x00000006517c0000)
  from space 12736K,  52% used [0x0000000652430000, 0x0000000652aad420, 0x00000006530a0000)
  to   space 12736K,   0% used [0x00000006517c0000, 0x00000006517c0000, 0x0000000652430000)
 concurrent mark-sweep generation total 255360K, used 56642K [0x00000006600c0000, 0x000000066fa20000, 0x00000007c0000000)
 Metaspace       used 77665K, capacity 81192K, committed 81412K, reserved 1120256K
  class space    used 10020K, capacity 10660K, committed 10768K, reserved 1048576K
2019-05-20T09:33:16.516+0800: 36.989: [GC (Allocation Failure) 2019-05-20T09:33:16.516+0800: 36.989: [ParNew: 108789K->7704K(114880K), 0.0482067 secs] 165431K->64647K(370240K), 0.0482656 secs] [Times: user=0.08 sys=0.00, real=0.05 secs] 
Heap after GC invocations=78 (full 3):
 par new generation   total 114880K, used 7704K [0x000000064b400000, 0x00000006530a0000, 0x00000006600c0000)
  eden space 102144K,   0% used [0x000000064b400000, 0x000000064b400000, 0x00000006517c0000)
  from space 12736K,  60% used [0x00000006517c0000, 0x0000000651f46278, 0x0000000652430000)
  to   space 12736K,   0% used [0x0000000652430000, 0x0000000652430000, 0x00000006530a0000)
 concurrent mark-sweep generation total 255360K, used 56943K [0x00000006600c0000, 0x000000066fa20000, 0x00000007c0000000)
 Metaspace       used 77665K, capacity 81192K, committed 81412K, reserved 1120256K
  class space    used 10020K, capacity 10660K, committed 10768K, reserved 1048576K
}
2019-05-20T09:33:16.895+0800: 37.368: Application time: 0.3308828 seconds
{Heap before GC invocations=78 (full 3):
 par new generation   total 114880K, used 109848K [0x000000064b400000, 0x00000006530a0000, 0x00000006600c0000)
  eden space 102144K, 100% used [0x000000064b400000, 0x00000006517c0000, 0x00000006517c0000)
  from space 12736K,  60% used [0x00000006517c0000, 0x0000000651f46278, 0x0000000652430000)
  to   space 12736K,   0% used [0x0000000652430000, 0x0000000652430000, 0x00000006530a0000)
 concurrent mark-sweep generation total 255360K, used 56943K [0x00000006600c0000, 0x000000066fa20000, 0x00000007c0000000)
 Metaspace       used 77828K, capacity 81276K, committed 81412K, reserved 1120256K
  class space    used 10051K, capacity 10664K, committed 10768K, reserved 1048576K
2019-05-20T09:33:16.903+0800: 37.376: [GC (Allocation Failure) 2019-05-20T09:33:16.903+0800: 37.376: [ParNew: 109848K->6535K(114880K), 0.0382259 secs] 166791K->63764K(370240K), 0.0382864 secs] [Times: user=0.06 sys=0.00, real=0.04 secs] 
Heap after GC invocations=79 (full 3):
 par new generation   total 114880K, used 6535K [0x000000064b400000, 0x00000006530a0000, 0x00000006600c0000)
  eden space 102144K,   0% used [0x000000064b400000, 0x000000064b400000, 0x00000006517c0000)
  from space 12736K,  51% used [0x0000000652430000, 0x0000000652a91e40, 0x00000006530a0000)
  to   space 12736K,   0% used [0x00000006517c0000, 0x00000006517c0000, 0x0000000652430000)
 concurrent mark-sweep generation total 255360K, used 57228K [0x00000006600c0000, 0x000000066fa20000, 0x00000007c0000000)
 Metaspace       used 77828K, capacity 81276K, committed 81412K, reserved 1120256K
  class space    used 10051K, capacity 10664K, committed 10768K, reserved 1048576K
}
2019-05-20T09:33:17.005+0800: 37.477: Application time: 0.0629875 seconds
2019-05-20T09:33:17.079+0800: 37.552: Application time: 0.0677218 seconds
2019-05-20T09:33:17.368+0800: 37.841: Application time: 0.2894456 seconds
2019-05-20T09:33:17.433+0800: 37.905: Application time: 0.0633171 seconds
2019-05-20T09:33:17.545+0800: 38.018: Application time: 0.1120570 seconds
2019-05-20T09:33:17.755+0800: 38.228: Application time: 0.2096360 seconds
2019-05-20T09:33:18.137+0800: 38.610: Application time: 0.3813564 seconds
{Heap before GC invocations=79 (full 3):
 par new generation   total 114880K, used 108679K [0x000000064b400000, 0x00000006530a0000, 0x00000006600c0000)
  eden space 102144K, 100% used [0x000000064b400000, 0x00000006517c0000, 0x00000006517c0000)
  from space 12736K,  51% used [0x0000000652430000, 0x0000000652a91e40, 0x00000006530a0000)
  to   space 12736K,   0% used [0x00000006517c0000, 0x00000006517c0000, 0x0000000652430000)
 concurrent mark-sweep generation total 255360K, used 57228K [0x00000006600c0000, 0x000000066fa20000, 0x00000007c0000000)
 Metaspace       used 80306K, capacity 83938K, committed 83972K, reserved 1122304K
  class space    used 10356K, capacity 11007K, committed 11024K, reserved 1048576K
2019-05-20T09:33:18.137+0800: 38.610: [GC (Allocation Failure) 2019-05-20T09:33:18.137+0800: 38.610: [ParNew: 108679K->11346K(114880K), 0.0532390 secs] 165908K->69214K(370240K), 0.0533096 secs] [Times: user=0.10 sys=0.00, real=0.05 secs] 
Heap after GC invocations=80 (full 3):
 par new generation   total 114880K, used 11346K [0x000000064b400000, 0x00000006530a0000, 0x00000006600c0000)
  eden space 102144K,   0% used [0x000000064b400000, 0x000000064b400000, 0x00000006517c0000)
  from space 12736K,  89% used [0x00000006517c0000, 0x00000006522d4af8, 0x0000000652430000)
  to   space 12736K,   0% used [0x0000000652430000, 0x0000000652430000, 0x00000006530a0000)
 concurrent mark-sweep generation total 255360K, used 57867K [0x00000006600c0000, 0x000000066fa20000, 0x00000007c0000000)
 Metaspace       used 80306K, capacity 83938K, committed 83972K, reserved 1122304K
  class space    used 10356K, capacity 11007K, committed 11024K, reserved 1048576K
}
2019-05-20T09:33:18.191+0800: 38.664: Application time: 0.0004302 seconds
2019-05-20T09:33:18.968+0800: 39.441: Application time: 0.7770829 seconds
2019-05-20T09:33:19.351+0800: 39.824: Application time: 0.3791369 seconds
{Heap before GC invocations=80 (full 3):
 par new generation   total 114880K, used 113490K [0x000000064b400000, 0x00000006530a0000, 0x00000006600c0000)
  eden space 102144K, 100% used [0x000000064b400000, 0x00000006517c0000, 0x00000006517c0000)
  from space 12736K,  89% used [0x00000006517c0000, 0x00000006522d4af8, 0x0000000652430000)
  to   space 12736K,   0% used [0x0000000652430000, 0x0000000652430000, 0x00000006530a0000)
 concurrent mark-sweep generation total 255360K, used 57867K [0x00000006600c0000, 0x000000066fa20000, 0x00000007c0000000)
 Metaspace       used 81599K, capacity 85186K, committed 85508K, reserved 1124352K
  class space    used 10537K, capacity 11205K, committed 11280K, reserved 1048576K
2019-05-20T09:33:19.351+0800: 39.824: [GC (Allocation Failure) 2019-05-20T09:33:19.351+0800: 39.824: [ParNew: 113490K->9801K(114880K), 0.0696787 secs] 171358K->70412K(370240K), 0.0697424 secs] [Times: user=0.18 sys=0.00, real=0.07 secs] 
Heap after GC invocations=81 (full 3):
 par new generation   total 114880K, used 9801K [0x000000064b400000, 0x00000006530a0000, 0x00000006600c0000)
  eden space 102144K,   0% used [0x000000064b400000, 0x000000064b400000, 0x00000006517c0000)
  from space 12736K,  76% used [0x0000000652430000, 0x0000000652dc2570, 0x00000006530a0000)
  to   space 12736K,   0% used [0x00000006517c0000, 0x00000006517c0000, 0x0000000652430000)
 concurrent mark-sweep generation total 255360K, used 60611K [0x00000006600c0000, 0x000000066fa20000, 0x00000007c0000000)
 Metaspace       used 81599K, capacity 85186K, committed 85508K, reserved 1124352K
  class space    used 10537K, capacity 11205K, committed 11280K, reserved 1048576K
}
2019-05-20T09:33:20.423+0800: 40.896: Application time: 1.0019551 seconds
2019-05-20T09:33:20.443+0800: 40.915: Application time: 0.0102005 seconds
{Heap before GC invocations=81 (full 3):
 par new generation   total 114880K, used 111945K [0x000000064b400000, 0x00000006530a0000, 0x00000006600c0000)
  eden space 102144K, 100% used [0x000000064b400000, 0x00000006517c0000, 0x00000006517c0000)
  from space 12736K,  76% used [0x0000000652430000, 0x0000000652dc2570, 0x00000006530a0000)
  to   space 12736K,   0% used [0x00000006517c0000, 0x00000006517c0000, 0x0000000652430000)
 concurrent mark-sweep generation total 255360K, used 60611K [0x00000006600c0000, 0x000000066fa20000, 0x00000007c0000000)
 Metaspace       used 82085K, capacity 85808K, committed 86148K, reserved 1124352K
  class space    used 10591K, capacity 11290K, committed 11408K, reserved 1048576K
2019-05-20T09:33:20.443+0800: 40.916: [GC (Allocation Failure) 2019-05-20T09:33:20.443+0800: 40.916: [ParNew: 111945K->12736K(114880K), 0.0556201 secs] 172556K->74968K(370240K), 0.0557001 secs] [Times: user=0.13 sys=0.00, real=0.05 secs] 
Heap after GC invocations=82 (full 3):
 par new generation   total 114880K, used 12736K [0x000000064b400000, 0x00000006530a0000, 0x00000006600c0000)
  eden space 102144K,   0% used [0x000000064b400000, 0x000000064b400000, 0x00000006517c0000)
  from space 12736K, 100% used [0x00000006517c0000, 0x0000000652430000, 0x0000000652430000)
  to   space 12736K,   0% used [0x0000000652430000, 0x0000000652430000, 0x00000006530a0000)
 concurrent mark-sweep generation total 255360K, used 62232K [0x00000006600c0000, 0x000000066fa20000, 0x00000007c0000000)
 Metaspace       used 82085K, capacity 85808K, committed 86148K, reserved 1124352K
  class space    used 10591K, capacity 11290K, committed 11408K, reserved 1048576K
}
2019-05-20T09:33:20.499+0800: 40.972: Application time: 0.0002474 seconds
2019-05-20T09:33:20.705+0800: 41.178: Application time: 0.2061873 seconds
2019-05-20T09:33:20.715+0800: 41.187: Application time: 0.0091320 seconds
2019-05-20T09:33:20.715+0800: 41.188: Application time: 0.0000858 seconds
2019-05-20T09:33:20.885+0800: 41.358: Application time: 0.1703060 seconds
2019-05-20T09:33:20.931+0800: 41.404: Application time: 0.0271392 seconds
2019-05-20T09:33:20.969+0800: 41.442: Application time: 0.0373375 seconds
2019-05-20T09:33:20.997+0800: 41.469: Application time: 0.0174161 seconds
2019-05-20T09:33:21.079+0800: 41.552: Application time: 0.0558281 seconds
2019-05-20T09:33:21.139+0800: 41.612: Application time: 0.0596504 seconds
2019-05-20T09:33:21.159+0800: 41.632: Application time: 0.0197220 seconds
2019-05-20T09:33:21.162+0800: 41.635: Application time: 0.0026338 seconds
2019-05-20T09:33:21.215+0800: 41.688: Application time: 0.0446226 seconds
2019-05-20T09:33:21.299+0800: 41.772: Application time: 0.0841099 seconds
2019-05-20T09:33:21.301+0800: 41.773: Application time: 0.0010515 seconds
2019-05-20T09:33:21.322+0800: 41.795: Application time: 0.0000692 seconds
2019-05-20T09:33:21.322+0800: 41.795: Application time: 0.0000424 seconds
2019-05-20T09:33:21.323+0800: 41.796: Application time: 0.0003208 seconds
2019-05-20T09:33:21.331+0800: 41.804: Application time: 0.0000798 seconds
2019-05-20T09:33:21.619+0800: 42.092: Application time: 0.2873785 seconds
2019-05-20T09:33:21.651+0800: 42.124: Application time: 0.0198447 seconds
2019-05-20T09:33:21.664+0800: 42.137: Application time: 0.0006685 seconds
2019-05-20T09:33:21.689+0800: 42.162: Application time: 0.0173589 seconds
{Heap before GC invocations=82 (full 3):
 par new generation   total 114880K, used 114880K [0x000000064b400000, 0x00000006530a0000, 0x00000006600c0000)
  eden space 102144K, 100% used [0x000000064b400000, 0x00000006517c0000, 0x00000006517c0000)
  from space 12736K, 100% used [0x00000006517c0000, 0x0000000652430000, 0x0000000652430000)
  to   space 12736K,   0% used [0x0000000652430000, 0x0000000652430000, 0x00000006530a0000)
 concurrent mark-sweep generation total 255360K, used 62232K [0x00000006600c0000, 0x000000066fa20000, 0x00000007c0000000)
 Metaspace       used 83945K, capacity 87638K, committed 87812K, reserved 1126400K
  class space    used 10828K, capacity 11503K, committed 11536K, reserved 1048576K
2019-05-20T09:33:21.690+0800: 42.162: [GC (Allocation Failure) 2019-05-20T09:33:21.690+0800: 42.163: [ParNew: 114880K->9170K(114880K), 0.0581391 secs] 177112K->74775K(370240K), 0.0582342 secs] [Times: user=0.16 sys=0.01, real=0.06 secs] 
Heap after GC invocations=83 (full 3):
 par new generation   total 114880K, used 9170K [0x000000064b400000, 0x00000006530a0000, 0x00000006600c0000)
  eden space 102144K,   0% used [0x000000064b400000, 0x000000064b400000, 0x00000006517c0000)
  from space 12736K,  72% used [0x0000000652430000, 0x0000000652d24a50, 0x00000006530a0000)
  to   space 12736K,   0% used [0x00000006517c0000, 0x00000006517c0000, 0x0000000652430000)
 concurrent mark-sweep generation total 255360K, used 65605K [0x00000006600c0000, 0x000000066fa20000, 0x00000007c0000000)
 Metaspace       used 83945K, capacity 87638K, committed 87812K, reserved 1126400K
  class space    used 10828K, capacity 11503K, committed 11536K, reserved 1048576K
}
2019-05-20T09:33:21.757+0800: 42.230: Application time: 0.0087653 seconds
2019-05-20T09:33:21.757+0800: 42.230: Application time: 0.0003611 seconds
2019-05-20T09:33:21.758+0800: 42.230: Application time: 0.0000630 seconds
2019-05-20T09:33:21.758+0800: 42.231: Application time: 0.0000962 seconds
2019-05-20T09:33:21.758+0800: 42.231: Application time: 0.0000784 seconds
2019-05-20T09:33:21.758+0800: 42.231: Application time: 0.0000589 seconds
2019-05-20T09:33:21.759+0800: 42.231: Application time: 0.0000546 seconds
2019-05-20T09:33:21.825+0800: 42.298: Application time: 0.0658742 seconds
2019-05-20T09:33:21.985+0800: 42.457: Application time: 0.1596161 seconds
2019-05-20T09:33:21.985+0800: 42.458: Application time: 0.0001742 seconds
2019-05-20T09:33:21.990+0800: 42.463: Application time: 0.0050322 seconds
2019-05-20T09:33:22.013+0800: 42.485: Application time: 0.0214451 seconds
2019-05-20T09:33:22.259+0800: 42.732: Application time: 0.2461594 seconds
2019-05-20T09:33:22.322+0800: 42.794: Application time: 0.0623731 seconds
2019-05-20T09:33:22.405+0800: 42.878: Application time: 0.0830739 seconds
2019-05-20T09:33:22.407+0800: 42.880: Application time: 0.0020616 seconds
2019-05-20T09:33:22.824+0800: 43.297: Application time: 0.4168389 seconds
2019-05-20T09:33:22.825+0800: 43.298: Application time: 0.0004063 seconds
2019-05-20T09:33:22.833+0800: 43.306: Application time: 0.0077277 seconds
2019-05-20T09:33:22.837+0800: 43.310: Application time: 0.0040360 seconds
2019-05-20T09:33:22.850+0800: 43.323: Application time: 0.0129523 seconds
2019-05-20T09:33:22.860+0800: 43.332: Application time: 0.0091431 seconds
2019-05-20T09:33:22.872+0800: 43.344: Application time: 0.0116998 seconds
2019-05-20T09:33:22.872+0800: 43.345: Application time: 0.0001542 seconds
2019-05-20T09:33:22.872+0800: 43.345: Application time: 0.0001449 seconds
2019-05-20T09:33:22.872+0800: 43.345: Application time: 0.0000358 seconds
2019-05-20T09:33:22.873+0800: 43.345: Application time: 0.0001192 seconds
2019-05-20T09:33:22.876+0800: 43.349: Application time: 0.0032740 seconds
2019-05-20T09:33:22.876+0800: 43.349: Application time: 0.0000536 seconds
2019-05-20T09:33:22.877+0800: 43.349: Application time: 0.0000430 seconds
2019-05-20T09:33:22.877+0800: 43.349: Application time: 0.0000323 seconds
2019-05-20T09:33:22.877+0800: 43.350: Application time: 0.0000285 seconds
2019-05-20T09:33:22.877+0800: 43.350: Application time: 0.0000410 seconds
2019-05-20T09:33:22.877+0800: 43.350: Application time: 0.0000274 seconds
2019-05-20T09:33:22.878+0800: 43.351: Application time: 0.0004734 seconds
2019-05-20T09:33:22.898+0800: 43.371: Application time: 0.0197972 seconds
2019-05-20T09:33:22.908+0800: 43.381: Application time: 0.0000834 seconds
2019-05-20T09:33:22.908+0800: 43.381: Application time: 0.0000523 seconds
2019-05-20T09:33:22.908+0800: 43.381: Application time: 0.0000374 seconds
2019-05-20T09:33:22.908+0800: 43.381: Application time: 0.0000255 seconds
2019-05-20T09:33:22.909+0800: 43.381: Application time: 0.0000353 seconds
2019-05-20T09:33:22.909+0800: 43.381: Application time: 0.0000349 seconds
2019-05-20T09:33:22.909+0800: 43.382: Application time: 0.0000246 seconds
2019-05-20T09:33:22.909+0800: 43.382: Application time: 0.0000241 seconds
2019-05-20T09:33:22.909+0800: 43.382: Application time: 0.0000238 seconds
2019-05-20T09:33:22.909+0800: 43.382: Application time: 0.0000238 seconds
2019-05-20T09:33:22.915+0800: 43.388: Application time: 0.0051553 seconds
2019-05-20T09:33:22.916+0800: 43.388: Application time: 0.0005594 seconds
2019-05-20T09:33:22.923+0800: 43.396: Application time: 0.0071670 seconds
2019-05-20T09:33:22.951+0800: 43.424: Application time: 0.0276646 seconds
2019-05-20T09:33:22.951+0800: 43.424: Application time: 0.0001315 seconds
2019-05-20T09:33:22.964+0800: 43.437: Application time: 0.0010706 seconds
2019-05-20T09:33:22.983+0800: 43.456: Application time: 0.0006019 seconds
2019-05-20T09:33:22.984+0800: 43.456: Application time: 0.0000401 seconds
2019-05-20T09:33:22.989+0800: 43.462: Application time: 0.0015327 seconds
2019-05-20T09:33:22.993+0800: 43.466: Application time: 0.0043322 seconds
2019-05-20T09:33:22.994+0800: 43.467: Application time: 0.0006237 seconds
2019-05-20T09:33:22.994+0800: 43.467: Application time: 0.0000628 seconds
2019-05-20T09:33:23.995+0800: 44.467: Application time: 1.0001074 seconds
2019-05-20T09:33:25.002+0800: 45.475: Application time: 1.0070775 seconds
2019-05-20T09:33:25.176+0800: 45.649: Application time: 0.1738287 seconds
2019-05-20T09:33:25.176+0800: 45.649: Application time: 0.0000591 seconds
2019-05-20T09:33:25.176+0800: 45.649: Application time: 0.0000489 seconds
2019-05-20T09:33:25.181+0800: 45.654: Application time: 0.0048491 seconds
2019-05-20T09:33:25.182+0800: 45.654: Application time: 0.0000575 seconds
2019-05-20T09:33:25.191+0800: 45.664: Application time: 0.0093532 seconds
2019-05-20T09:33:25.191+0800: 45.664: Application time: 0.0000661 seconds
2019-05-20T09:33:25.192+0800: 45.664: Application time: 0.0000487 seconds
2019-05-20T09:33:25.211+0800: 45.683: Application time: 0.0188455 seconds
2019-05-20T09:33:25.237+0800: 45.709: Application time: 0.0257720 seconds
2019-05-20T09:33:25.240+0800: 45.713: Application time: 0.0038092 seconds
2019-05-20T09:33:25.248+0800: 45.720: Application time: 0.0068771 seconds
2019-05-20T09:33:25.361+0800: 45.834: Application time: 0.1135408 seconds
{Heap before GC invocations=83 (full 3):
 par new generation   total 114880K, used 111314K [0x000000064b400000, 0x00000006530a0000, 0x00000006600c0000)
  eden space 102144K, 100% used [0x000000064b400000, 0x00000006517c0000, 0x00000006517c0000)
  from space 12736K,  72% used [0x0000000652430000, 0x0000000652d24a50, 0x00000006530a0000)
  to   space 12736K,   0% used [0x00000006517c0000, 0x00000006517c0000, 0x0000000652430000)
 concurrent mark-sweep generation total 255360K, used 65605K [0x00000006600c0000, 0x000000066fa20000, 0x00000007c0000000)
 Metaspace       used 85939K, capacity 89838K, committed 89988K, reserved 1128448K
  class space    used 11092K, capacity 11805K, committed 11920K, reserved 1048576K
2019-05-20T09:33:25.363+0800: 45.836: [GC (Allocation Failure) 2019-05-20T09:33:25.363+0800: 45.836: [ParNew: 111314K->6079K(114880K), 0.0243852 secs] 176919K->71684K(370240K), 0.0244758 secs] [Times: user=0.03 sys=0.00, real=0.02 secs] 
Heap after GC invocations=84 (full 3):
 par new generation   total 114880K, used 6079K [0x000000064b400000, 0x00000006530a0000, 0x00000006600c0000)
  eden space 102144K,   0% used [0x000000064b400000, 0x000000064b400000, 0x00000006517c0000)
  from space 12736K,  47% used [0x00000006517c0000, 0x0000000651dafdd0, 0x0000000652430000)
  to   space 12736K,   0% used [0x0000000652430000, 0x0000000652430000, 0x00000006530a0000)
 concurrent mark-sweep generation total 255360K, used 65605K [0x00000006600c0000, 0x000000066fa20000, 0x00000007c0000000)
 Metaspace       used 85939K, capacity 89838K, committed 89988K, reserved 1128448K
  class space    used 11092K, capacity 11805K, committed 11920K, reserved 1048576K
}
2019-05-20T09:33:25.983+0800: 46.456: Application time: 0.5950695 seconds
2019-05-20T09:33:26.027+0800: 46.500: Application time: 0.0436705 seconds
2019-05-20T09:33:26.149+0800: 46.621: Application time: 0.1214351 seconds
{Heap before GC invocations=84 (full 3):
 par new generation   total 114880K, used 108223K [0x000000064b400000, 0x00000006530a0000, 0x00000006600c0000)
  eden space 102144K, 100% used [0x000000064b400000, 0x00000006517c0000, 0x00000006517c0000)
  from space 12736K,  47% used [0x00000006517c0000, 0x0000000651dafdd0, 0x0000000652430000)
  to   space 12736K,   0% used [0x0000000652430000, 0x0000000652430000, 0x00000006530a0000)
 concurrent mark-sweep generation total 255360K, used 65605K [0x00000006600c0000, 0x000000066fa20000, 0x00000007c0000000)
 Metaspace       used 87137K, capacity 91011K, committed 91140K, reserved 1128448K
  class space    used 11309K, capacity 11998K, committed 12048K, reserved 1048576K
2019-05-20T09:33:26.149+0800: 46.622: [GC (Allocation Failure) 2019-05-20T09:33:26.149+0800: 46.622: [ParNew: 108223K->6143K(114880K), 0.0627538 secs] 173828K->71748K(370240K), 0.0628470 secs] [Times: user=0.12 sys=0.00, real=0.07 secs] 
Heap after GC invocations=85 (full 3):
 par new generation   total 114880K, used 6143K [0x000000064b400000, 0x00000006530a0000, 0x00000006600c0000)
  eden space 102144K,   0% used [0x000000064b400000, 0x000000064b400000, 0x00000006517c0000)
  from space 12736K,  48% used [0x0000000652430000, 0x0000000652a2fd58, 0x00000006530a0000)
  to   space 12736K,   0% used [0x00000006517c0000, 0x00000006517c0000, 0x0000000652430000)
 concurrent mark-sweep generation total 255360K, used 65605K [0x00000006600c0000, 0x000000066fa20000, 0x00000007c0000000)
 Metaspace       used 87137K, capacity 91011K, committed 91140K, reserved 1128448K
  class space    used 11309K, capacity 11998K, committed 12048K, reserved 1048576K
}
2019-05-20T09:33:26.448+0800: 46.921: Application time: 0.2361327 seconds
2019-05-20T09:33:26.531+0800: 47.004: Application time: 0.0805308 seconds
2019-05-20T09:33:26.548+0800: 47.021: Application time: 0.0166968 seconds
2019-05-20T09:33:26.548+0800: 47.021: Application time: 0.0002666 seconds
2019-05-20T09:33:27.549+0800: 48.021: Application time: 1.0001422 seconds
2019-05-20T09:33:29.549+0800: 50.022: Application time: 2.0002431 seconds
2019-05-20T09:33:30.551+0800: 51.024: Application time: 1.0017290 seconds
2019-05-20T09:33:31.551+0800: 52.024: Application time: 1.0000881 seconds
2019-05-20T09:33:32.555+0800: 53.028: Application time: 1.0037328 seconds
2019-05-20T09:33:33.556+0800: 54.028: Application time: 1.0000875 seconds
2019-05-20T09:33:34.558+0800: 55.030: Application time: 1.0017986 seconds
2019-05-20T09:33:35.558+0800: 56.031: Application time: 1.0001272 seconds
2019-05-20T09:33:36.563+0800: 57.036: Application time: 1.0050990 seconds
2019-05-20T09:33:37.563+0800: 58.036: Application time: 1.0001977 seconds
2019-05-20T09:33:38.567+0800: 59.040: Application time: 1.0034944 seconds
2019-05-20T09:33:39.873+0800: 60.346: Application time: 1.3057732 seconds
2019-05-20T09:33:39.950+0800: 60.423: Application time: 0.0770718 seconds
2019-05-20T09:33:40.537+0800: 61.010: Application time: 0.5864780 seconds
2019-05-20T09:33:41.125+0800: 61.598: Application time: 0.5863315 seconds
2019-05-20T09:33:41.128+0800: 61.601: Application time: 0.0023868 seconds
2019-05-20T09:33:42.136+0800: 62.609: Application time: 1.0001018 seconds
2019-05-20T09:33:44.137+0800: 64.609: Application time: 2.0001541 seconds
2019-05-20T09:33:45.137+0800: 65.609: Application time: 1.0000820 seconds
2019-05-20T09:33:46.137+0800: 66.610: Application time: 1.0001113 seconds
2019-05-20T09:33:47.137+0800: 67.610: Application time: 1.0001069 seconds
2019-05-20T09:33:48.903+0800: 69.375: Application time: 1.7653784 seconds
2019-05-20T09:33:48.905+0800: 69.377: Application time: 0.0017889 seconds
2019-05-20T09:33:49.905+0800: 70.378: Application time: 1.0001154 seconds
2019-05-20T09:33:50.369+0800: 70.841: Application time: 0.4634970 seconds
2019-05-20T09:33:50.370+0800: 70.843: Application time: 0.0015417 seconds
2019-05-20T09:33:50.944+0800: 71.417: Application time: 0.5734815 seconds
2019-05-20T09:33:51.944+0800: 72.417: Application time: 1.0000866 seconds
2019-05-20T09:33:52.944+0800: 73.417: Application time: 1.0001237 seconds
2019-05-20T09:33:54.614+0800: 75.087: Application time: 1.6698990 seconds
2019-05-20T09:33:55.615+0800: 76.087: Application time: 1.0001202 seconds
2019-05-20T09:33:57.615+0800: 78.088: Application time: 2.0002066 seconds
2019-05-20T09:33:59.615+0800: 80.088: Application time: 2.0001355 seconds
2019-05-20T09:34:00.616+0800: 81.088: Application time: 1.0001176 seconds
2019-05-20T09:34:01.616+0800: 82.088: Application time: 1.0001015 seconds
2019-05-20T09:34:03.840+0800: 84.313: Application time: 2.2243087 seconds
2019-05-20T09:34:04.840+0800: 85.313: Application time: 1.0001041 seconds
2019-05-20T09:34:05.841+0800: 86.313: Application time: 1.0001209 seconds
2019-05-20T09:34:06.841+0800: 87.314: Application time: 1.0001079 seconds
2019-05-20T09:34:07.841+0800: 88.314: Application time: 1.0001117 seconds
2019-05-20T09:34:10.403+0800: 90.875: Application time: 2.5611213 seconds
2019-05-20T09:34:10.403+0800: 90.876: Application time: 0.0004424 seconds
2019-05-20T09:34:10.404+0800: 90.877: Application time: 0.0006795 seconds
2019-05-20T09:34:10.404+0800: 90.877: Application time: 0.0000379 seconds
2019-05-20T09:34:10.919+0800: 91.391: Application time: 0.5143435 seconds
2019-05-20T09:34:10.919+0800: 91.392: Application time: 0.0001090 seconds
2019-05-20T09:34:12.919+0800: 93.392: Application time: 2.0001450 seconds
2019-05-20T09:34:14.920+0800: 95.392: Application time: 2.0002289 seconds
2019-05-20T09:34:17.920+0800: 98.393: Application time: 3.0002160 seconds
2019-05-20T09:34:18.914+0800: 99.387: Application time: 0.9943560 seconds
2019-05-20T09:34:18.916+0800: 99.389: Application time: 0.0016318 seconds
2019-05-20T09:34:19.916+0800: 100.389: Application time: 1.0000881 seconds
2019-05-20T09:34:20.917+0800: 101.389: Application time: 1.0001073 seconds
2019-05-20T09:34:21.917+0800: 102.390: Application time: 1.0001124 seconds
2019-05-20T09:34:22.917+0800: 103.390: Application time: 1.0000923 seconds
2019-05-20T09:34:23.917+0800: 104.390: Application time: 1.0001057 seconds
2019-05-20T09:34:24.918+0800: 105.390: Application time: 1.0001340 seconds
2019-05-20T09:34:25.918+0800: 106.391: Application time: 1.0001003 seconds
2019-05-20T09:34:26.918+0800: 107.391: Application time: 1.0001118 seconds
2019-05-20T09:35:02.098+0800: 142.570: Application time: 35.1794097 seconds
2019-05-20T09:35:02.100+0800: 142.572: Application time: 0.0000716 seconds
2019-05-20T09:35:02.100+0800: 142.572: Application time: 0.0000528 seconds
2019-05-20T09:35:02.100+0800: 142.573: Application time: 0.0000371 seconds
2019-05-20T09:35:02.100+0800: 142.573: Application time: 0.0001007 seconds
2019-05-20T09:35:02.101+0800: 142.573: Application time: 0.0002535 seconds
2019-05-20T09:35:02.101+0800: 142.574: Application time: 0.0003995 seconds
2019-05-20T09:35:02.104+0800: 142.576: Application time: 0.0002755 seconds
2019-05-20T09:35:02.106+0800: 142.579: Application time: 0.0008407 seconds
2019-05-20T09:35:02.107+0800: 142.579: Application time: 0.0000624 seconds
2019-05-20T09:35:02.107+0800: 142.580: Application time: 0.0000388 seconds
2019-05-20T09:35:02.107+0800: 142.580: Application time: 0.0001416 seconds
2019-05-20T09:35:02.110+0800: 142.583: Application time: 0.0026610 seconds
2019-05-20T09:35:02.111+0800: 142.583: Application time: 0.0002652 seconds
2019-05-20T09:35:02.113+0800: 142.586: Application time: 0.0020245 seconds
2019-05-20T09:35:02.113+0800: 142.586: Application time: 0.0000753 seconds
2019-05-20T09:35:02.114+0800: 142.586: Application time: 0.0002216 seconds
2019-05-20T09:35:02.119+0800: 142.592: Application time: 0.0048360 seconds
2019-05-20T09:35:02.119+0800: 142.592: Application time: 0.0002060 seconds
2019-05-20T09:35:02.119+0800: 142.592: Application time: 0.0001123 seconds
2019-05-20T09:35:02.144+0800: 142.616: Application time: 0.0242600 seconds
2019-05-20T09:35:02.618+0800: 143.090: Application time: 0.4737285 seconds
2019-05-20T09:35:04.618+0800: 145.091: Application time: 2.0001891 seconds
2019-05-20T09:35:05.618+0800: 146.091: Application time: 1.0000785 seconds
2019-05-20T09:35:08.619+0800: 149.092: Application time: 3.0003218 seconds
2019-05-20T09:35:09.619+0800: 150.092: Application time: 1.0001424 seconds
2019-05-20T09:35:10.620+0800: 151.092: Application time: 1.0000960 seconds
2019-05-20T09:35:15.620+0800: 156.093: Application time: 5.0004517 seconds
2019-05-20T09:35:16.620+0800: 157.093: Application time: 1.0001352 seconds
2019-05-20T09:35:18.621+0800: 159.094: Application time: 2.0001857 seconds
2019-05-20T09:35:19.621+0800: 160.094: Application time: 1.0000780 seconds
2019-05-20T09:35:20.621+0800: 161.094: Application time: 1.0001126 seconds
2019-05-20T09:35:21.622+0800: 162.094: Application time: 1.0000749 seconds
2019-05-20T09:35:23.622+0800: 164.095: Application time: 2.0002274 seconds
2019-05-20T09:35:24.622+0800: 165.095: Application time: 1.0000755 seconds
2019-05-20T09:35:25.622+0800: 166.095: Application time: 1.0001018 seconds
2019-05-20T09:35:26.623+0800: 167.095: Application time: 1.0001047 seconds
2019-05-20T09:35:28.623+0800: 169.096: Application time: 2.0001976 seconds
2019-05-20T09:35:32.623+0800: 173.096: Application time: 4.0004017 seconds
2019-05-20T09:35:32.630+0800: 173.102: Application time: 0.0061728 seconds
2019-05-20T09:35:32.632+0800: 173.105: Application time: 0.0021530 seconds
2019-05-20T09:35:33.632+0800: 174.105: Application time: 1.0001085 seconds
2019-05-20T09:35:35.633+0800: 176.105: Application time: 2.0001400 seconds
2019-05-20T09:35:40.633+0800: 181.106: Application time: 5.0004031 seconds
2019-05-20T09:35:41.633+0800: 182.106: Application time: 1.0001063 seconds
2019-05-20T09:35:42.634+0800: 183.106: Application time: 1.0001083 seconds
2019-05-20T09:35:44.634+0800: 185.107: Application time: 2.0002086 seconds
2019-05-20T09:35:45.634+0800: 186.107: Application time: 1.0001096 seconds
2019-05-20T09:35:46.634+0800: 187.107: Application time: 1.0001060 seconds
2019-05-20T09:35:47.635+0800: 188.108: Application time: 1.0001125 seconds
2019-05-20T09:35:48.635+0800: 189.108: Application time: 1.0001245 seconds
2019-05-20T09:35:49.635+0800: 190.108: Application time: 1.0001034 seconds
2019-05-20T09:35:50.636+0800: 191.108: Application time: 1.0001012 seconds
2019-05-20T09:35:51.636+0800: 192.109: Application time: 1.0001715 seconds
2019-05-20T09:35:52.636+0800: 193.109: Application time: 1.0000950 seconds
2019-05-20T09:35:53.637+0800: 194.109: Application time: 1.0000958 seconds
2019-05-20T09:35:54.637+0800: 195.109: Application time: 1.0001077 seconds
2019-05-20T09:35:55.637+0800: 196.110: Application time: 1.0001234 seconds
2019-05-20T09:35:58.637+0800: 199.110: Application time: 3.0002792 seconds
2019-05-20T09:35:59.638+0800: 200.111: Application time: 1.0001256 seconds
2019-05-20T09:36:02.638+0800: 203.111: Application time: 3.0003662 seconds
2019-05-20T09:36:03.639+0800: 204.111: Application time: 1.0000899 seconds
2019-05-20T09:36:05.639+0800: 206.112: Application time: 2.0003202 seconds
2019-05-20T09:36:06.640+0800: 207.112: Application time: 1.0000853 seconds
2019-05-20T09:36:07.640+0800: 208.112: Application time: 1.0001019 seconds
2019-05-20T09:36:11.640+0800: 212.113: Application time: 4.0003083 seconds
2019-05-20T09:36:20.641+0800: 221.114: Application time: 9.0008272 seconds
2019-05-20T09:36:24.642+0800